Archive member included because of file (symbol)

STM32F103VET6_lib.a(misc.o)   src/cdc_support.o (NVIC_PriorityGroupConfig)
STM32F103VET6_lib.a(stm32f10x_gpio.o)
                              src/hw_config.o (GPIO_Init)
STM32F103VET6_lib.a(stm32f10x_fsmc.o)
                              lib/display/mcu_depend/src/display_if_basis.o (FSMC_NORSRAMInit)
STM32F103VET6_lib.a(stm32f10x_rcc.o)
                              src/hw_config.o (RCC_PLLConfig)
STM32F103VET6_lib.a(stm32f10x_adc.o)
                              src/adc_support.o (ADC_Init)
STM32F103VET6_lib.a(stm32f10x_dma.o)
                              src/adc_support.o (DMA_DeInit)
STM32F103VET6_lib.a(stm32f10x_tim.o)
                              src/systick.o (TIM_TimeBaseInit)
STM32F103VET6_lib.a(stm32f10x_rtc.o)
                              src/rtc_support.o (RTC_ITConfig)
STM32F103VET6_lib.a(stm32f10x_sdio.o)
                              lib/ff/sdio_stm32f1.o (SDIO_DeInit)
STM32F103VET6_lib.a(stm32f10x_usart.o)
                              src/cdc_support.o (USART_Init)
STM32F103VET6_lib.a(stm32f10x_bkp.o)
                              src/rtc_support.o (BKP_DeInit)
STM32F103VET6_lib.a(stm32f10x_pwr.o)
                              src/rtc_support.o (PWR_BackupAccessCmd)
STM32F103VET6_lib.a(usb_core.o)
                              lib/USB_Functions/cdc/src/usb_cdc_prop.o (Standard_GetDescriptorData)
STM32F103VET6_lib.a(usb_init.o)
                              src/cdc_support.o (USB_Init)
STM32F103VET6_lib.a(usb_int.o)
                              lib/USB_Functions/usb_istr.o (CTR_LP)
STM32F103VET6_lib.a(usb_mem.o)
                              src/cdc_support.o (UserToPMABufferCopy)
STM32F103VET6_lib.a(usb_regs.o)
                              lib/USB_Functions/cdc/src/usb_cdc_prop.o (SetBTABLE)
STM32F103VET6_lib.a(usb_sil.o)
                              lib/USB_Functions/cdc/src/usb_cdc_prop.o (USB_SIL_Init)
STM32F103VET6_lib.a(startup_stm32f10x_hd.o)
                              (g_pfnVectors)
c:/devz/arm/launchpad/bin/../lib/gcc/arm-none-eabi/4.7.3/armv7-m\libgcc.a(_arm_addsubdf3.o)
                              lib/display/abstract/src/display_if_support.o (__aeabi_dadd)
c:/devz/arm/launchpad/bin/../lib/gcc/arm-none-eabi/4.7.3/armv7-m\libgcc.a(_arm_muldivdf3.o)
                              lib/display/abstract/src/display_if_support.o (__aeabi_dmul)
c:/devz/arm/launchpad/bin/../lib/gcc/arm-none-eabi/4.7.3/armv7-m\libgcc.a(_arm_cmpdf2.o)
                              lib/display/abstract/src/display_if_support.o (__aeabi_dcmpeq)
c:/devz/arm/launchpad/bin/../lib/gcc/arm-none-eabi/4.7.3/armv7-m\libgcc.a(_arm_fixdfsi.o)
                              lib/display/abstract/src/display_if_support.o (__aeabi_d2iz)
c:/devz/arm/launchpad/bin/../lib/gcc/arm-none-eabi/4.7.3/../../../../arm-none-eabi/lib/armv7-m\libc_s.a(lib_a-errno.o)
                              src/syscalls.o (__errno)
c:/devz/arm/launchpad/bin/../lib/gcc/arm-none-eabi/4.7.3/../../../../arm-none-eabi/lib/armv7-m\libc_s.a(lib_a-impure.o)
                              c:/devz/arm/launchpad/bin/../lib/gcc/arm-none-eabi/4.7.3/../../../../arm-none-eabi/lib/armv7-m\libc_s.a(lib_a-errno.o) (_impure_ptr)
c:/devz/arm/launchpad/bin/../lib/gcc/arm-none-eabi/4.7.3/../../../../arm-none-eabi/lib/armv7-m\libc_s.a(lib_a-lcltime.o)
                              src/rtc_support.o (localtime)
c:/devz/arm/launchpad/bin/../lib/gcc/arm-none-eabi/4.7.3/../../../../arm-none-eabi/lib/armv7-m\libc_s.a(lib_a-lcltime_r.o)
                              c:/devz/arm/launchpad/bin/../lib/gcc/arm-none-eabi/4.7.3/../../../../arm-none-eabi/lib/armv7-m\libc_s.a(lib_a-lcltime.o) (localtime_r)
c:/devz/arm/launchpad/bin/../lib/gcc/arm-none-eabi/4.7.3/../../../../arm-none-eabi/lib/armv7-m\libc_s.a(lib_a-malloc.o)
                              c:/devz/arm/launchpad/bin/../lib/gcc/arm-none-eabi/4.7.3/../../../../arm-none-eabi/lib/armv7-m\libc_s.a(lib_a-lcltime.o) (malloc)
c:/devz/arm/launchpad/bin/../lib/gcc/arm-none-eabi/4.7.3/../../../../arm-none-eabi/lib/armv7-m\libc_s.a(lib_a-mallocr.o)
                              c:/devz/arm/launchpad/bin/../lib/gcc/arm-none-eabi/4.7.3/../../../../arm-none-eabi/lib/armv7-m\libc_s.a(lib_a-malloc.o) (_malloc_r)
c:/devz/arm/launchpad/bin/../lib/gcc/arm-none-eabi/4.7.3/../../../../arm-none-eabi/lib/armv7-m\libc_s.a(lib_a-memcpy.o)
                              lib/ff/diskio_sdio.o (memcpy)
c:/devz/arm/launchpad/bin/../lib/gcc/arm-none-eabi/4.7.3/../../../../arm-none-eabi/lib/armv7-m\libc_s.a(lib_a-memset.o)
                              src/uart_support_gps.o (memset)
c:/devz/arm/launchpad/bin/../lib/gcc/arm-none-eabi/4.7.3/../../../../arm-none-eabi/lib/armv7-m\libc_s.a(lib_a-mktime.o)
                              src/rtc_support.o (mktime)
c:/devz/arm/launchpad/bin/../lib/gcc/arm-none-eabi/4.7.3/../../../../arm-none-eabi/lib/armv7-m\libc_s.a(lib_a-mktm_r.o)
[...]
Memory Configuration

Name             Origin             Length             Attributes
RAM1             0x20000000         0x00010000         xrw
RAM5             0x68000000         0x00080000         xrw
ROM              0x08000000         0x00100000         xr
*default*        0x00000000         0xffffffff

Linker script and memory map

LOAD c:/devz/arm/launchpad/bin/../lib/gcc/arm-none-eabi/4.7.3/../../../../arm-none-eabi/lib/armv7-m\libm.a
LOAD src/main.o
LOAD src/sysinit_primer2.o
LOAD src/systick.o
LOAD src/syscalls.o
LOAD src/stm32f10x_it.o
LOAD src/hw_config.o
LOAD src/power.o
LOAD src/adc_support.o
LOAD src/rtc_support.o
LOAD src/gps_support.o
LOAD src/cdc_support.o
LOAD src/msc_support.o
LOAD src/uart_support_gps.o
LOAD src/term_io.o
LOAD src/xprintf.o
LOAD lib/display/mcu_depend/src/display_if_basis.o
LOAD lib/display/abstract/src/display_if_support.o
LOAD lib/display/drivers/src/st7732.o
LOAD lib/FONTX2/src/font_if_datatable.o
LOAD lib/FONTX2/src/font_if.o
LOAD lib/ff/ff.o
LOAD lib/ff/sdio_stm32f1.o
LOAD lib/ff/diskio_sdio.o
LOAD lib/ff/ff_rtc_if.o
LOAD lib/ff/option/unicode.o
LOAD lib/USB_Functions/usb_pwr.o
LOAD lib/USB_Functions/usb_istr.o
LOAD lib/USB_Functions/usb_conf.o
LOAD lib/USB_Functions/usb_prop.o
LOAD lib/USB_Functions/cdc/src/usb_cdc_desc.o
LOAD lib/USB_Functions/cdc/src/usb_cdc_prop.o
LOAD lib/USB_Functions/cdc/src/usb_cdc_endp.o
LOAD lib/USB_Functions/msc/src/usb_msc_mass_mal.o
LOAD lib/USB_Functions/msc/src/usb_msc_memory.o
LOAD lib/USB_Functions/msc/src/usb_msc_scsi_data.o
LOAD lib/USB_Functions/msc/src/usb_msc_scsi.o
LOAD lib/USB_Functions/msc/src/usb_msc_bot.o
LOAD lib/USB_Functions/msc/src/usb_msc_desc.o
LOAD lib/USB_Functions/msc/src/usb_msc_prop.o
LOAD STM32F103VET6_lib.a
START GROUP
LOAD c:/devz/arm/launchpad/bin/../lib/gcc/arm-none-eabi/4.7.3/armv7-m\libgcc.a
LOAD c:/devz/arm/launchpad/bin/../lib/gcc/arm-none-eabi/4.7.3/../../../../arm-none-eabi/lib/armv7-m\libc_s.a
END GROUP
                0x20010000                _estack = (ORIGIN (RAM1) + 0x10000)

.text           0x08000000     0x96c0
                0x08000000                . = ALIGN (0x4)
 *(.isr_vector)
 .isr_vector    0x08000000      0x1e4 STM32F103VET6_lib.a(startup_stm32f10x_hd.o)
                0x08000000                g_pfnVectors
                0x080001e4                . = ALIGN (0x4)
 *(.text .text.*)
 .text.startup.main
                0x080001e4      0x13c src/main.o
                0x080001e4                main
 .text.SystemInit
                0x08000320       0xf4 src/sysinit_primer2.o
                0x08000320                SystemInit
 .text.SystemCoreClockUpdate
                0x08000414       0x70 src/sysinit_primer2.o
                0x08000414                SystemCoreClockUpdate
 .text.SysTickInit
                0x08000484       0x88 src/systick.o
                0x08000484                SysTickInit
 .text._delay_ms
                0x0800050c       0x18 src/systick.o
                0x0800050c                _delay_ms
 .text._delay_us
                0x08000524       0x28 src/systick.o
                0x08000524                _delay_us
 .text._sbrk_r  0x0800054c       0x34 src/syscalls.o
                0x0800054c                _sbrk_r
 .text.NMI_Handler
                0x08000580        0x2 src/stm32f10x_it.o
                0x08000580                NMI_Handler
 .text.HardFault_Handler
                0x08000582        0x2 src/stm32f10x_it.o
                0x08000582                HardFault_Handler
 .text.MemManage_Handler
                0x08000584        0x2 src/stm32f10x_it.o
                0x08000584                MemManage_Handler
 .text.BusFault_Handler
                0x08000586        0x2 src/stm32f10x_it.o
                0x08000586                BusFault_Handler
 .text.UsageFault_Handler
                0x08000588        0x2 src/stm32f10x_it.o
                0x08000588                UsageFault_Handler
 .text.SVC_Handler
                0x0800058a        0x2 src/stm32f10x_it.o
                0x0800058a                SVC_Handler
 .text.DebugMon_Handler
                0x0800058c        0x2 src/stm32f10x_it.o
                0x0800058c                DebugMon_Handler
 .text.PendSV_Handler
                0x0800058e        0x2 src/stm32f10x_it.o
                0x0800058e                PendSV_Handler
 .text.SysTick_Handler
                0x08000590       0x2c src/stm32f10x_it.o
                0x08000590                SysTick_Handler
 .text.USB_HP_CAN1_TX_IRQHandler
                0x080005bc        0x4 src/stm32f10x_it.o
                0x080005bc                USB_HP_CAN1_TX_IRQHandler
 .text.USB_LP_CAN1_RX0_IRQHandler
                0x080005c0        0x4 src/stm32f10x_it.o
                0x080005c0                USB_LP_CAN1_RX0_IRQHandler
 .text.RTC_IRQHandler
                0x080005c4        0x2 src/stm32f10x_it.o
                0x080005c4                RTC_IRQHandler
 .text.IntToUnicode
                0x080005c6       0x2a src/hw_config.o
 .text.LED_Configuration
                0x080005f0       0xb0 src/hw_config.o
                0x080005f0                LED_Configuration
 .text.KEY_Configuration
                0x080006a0       0x54 src/hw_config.o
                0x080006a0                KEY_Configuration
 .text.NVIC_Configuration
                0x080006f4        0xa src/hw_config.o
                0x080006f4                NVIC_Configuration
 .text.Set_System
                0x080006fe       0x22 src/hw_config.o
                0x080006fe                Set_System
 .text.Set72    0x08000720       0x60 src/hw_config.o
                0x08000720                Set72
 .text.USB_Disconnect_Config
                0x08000780       0x2c src/hw_config.o
                0x08000780                USB_Disconnect_Config
 .text.Set_USBClock
                0x080007ac       0x16 src/hw_config.o
                0x080007ac                Set_USBClock
 *fill*         0x080007c2        0x2 00
 .text.USB_Cable_Config
                0x080007c4       0x18 src/hw_config.o
                0x080007c4                USB_Cable_Config
 .text.Get_SerialNum
                0x080007dc       0x38 src/hw_config.o
                0x080007dc                Get_SerialNum
 .text.GetVbat  0x08000814       0x4c src/power.o
                0x08000814                GetVbat
 .text.PWR_Mgn  0x08000860       0xd4 src/power.o
                0x08000860                PWR_Mgn
 .text.PWR_Configuration
                0x08000934       0x2c src/power.o
                0x08000934                PWR_Configuration
 .text.ADC_DMA_Configuration
                0x08000960      0x138 src/adc_support.o
                0x08000960                ADC_DMA_Configuration
 .text.Time_ConvUnixToCalendar
                0x08000a98       0x2a src/rtc_support.o
                0x08000a98                Time_ConvUnixToCalendar
 .text.Time_GetCalendarTime
                0x08000ac2       0x14 src/rtc_support.o
                0x08000ac2                Time_GetCalendarTime
 .text.Time_SetUnixTime
                0x08000ad6       0x22 src/rtc_support.o
                0x08000ad6                Time_SetUnixTime
 .text.Time_SetCalendarTime
                0x08000af8       0x38 src/rtc_support.o
                0x08000af8                Time_SetCalendarTime
 .text.RTC_Configuration
                0x08000b30       0xd8 src/rtc_support.o
                0x08000b30                RTC_Configuration
 .text.get_line_GPS
                0x08000c08       0x34 src/gps_support.o
 .text.gp_val   0x08000c3c       0x22 src/gps_support.o
 *fill*         0x08000c5e        0x2 00
 .text.gp_comp.constprop.0
                0x08000c60       0x18 src/gps_support.o
 .text.gp_col.constprop.1
                0x08000c78       0x24 src/gps_support.o
 .text.get_fattime
                0x08000c9c       0x38 src/gps_support.o
                0x08000c9c                get_fattime
 .text.ChkAckLimit
                0x08000cd4       0x30 src/gps_support.o
                0x08000cd4                ChkAckLimit
 .text.ShutFileClose
                0x08000d04       0x1c src/gps_support.o
                0x08000d04                ShutFileClose
 .text.gps_task
                0x08000d20      0x290 src/gps_support.o
                0x08000d20                gps_task
 .text.USART_Config_Default
                0x08000fb0       0x88 src/cdc_support.o
                0x08000fb0                USART_Config_Default
 .text.USART_Config
                0x08001038       0xf4 src/cdc_support.o
                0x08001038                USART_Config
 .text.USB_To_USART_Send_Data
                0x0800112c       0x2c src/cdc_support.o
                0x0800112c                USB_To_USART_Send_Data
 .text.Handle_USBAsynchXfer
                0x08001158       0x9c src/cdc_support.o
                0x08001158                Handle_USBAsynchXfer
 .text.USART_To_USB_Send_Data
                0x080011f4       0x4c src/cdc_support.o
                0x080011f4                USART_To_USB_Send_Data
 .text.CDC_IRQ  0x08001240       0x2c src/cdc_support.o
                0x08001240                CDC_IRQ
 .text.cdc_task
                0x0800126c       0x94 src/cdc_support.o
                0x0800126c                cdc_task
 .text.msc_task
                0x08001300       0xa0 src/msc_support.o
                0x08001300                msc_task
 .text.conio_init
                0x080013a0       0xd4 src/uart_support_gps.o
                0x080013a0                conio_init
 .text.USART_TXBuffer_PutByte
                0x08001474       0x4c src/uart_support_gps.o
                0x08001474                USART_TXBuffer_PutByte
 .text.USART_RXBuffer_GetByte
                0x080014c0       0x1c src/uart_support_gps.o
                0x080014c0                USART_RXBuffer_GetByte
 .text.putch    0x080014dc       0x24 src/uart_support_gps.o
                0x080014dc                putch
 .text.getch    0x08001500       0x20 src/uart_support_gps.o
                0x08001500                getch
 .text.cputs    0x08001520       0x12 src/uart_support_gps.o
                0x08001520                cputs
 *fill*         0x08001532        0x2 00
 .text.conio_IRQ
                0x08001534       0x98 src/uart_support_gps.o
                0x08001534                conio_IRQ
 .text.USART2_IRQHandler
                0x080015cc       0x10 src/uart_support_gps.o
                0x080015cc                USART2_IRQHandler
 .text.xgetc_n  0x080015dc       0x3c src/term_io.o
                0x080015dc                xgetc_n
 .text.xgetc    0x08001618        0xe src/term_io.o
                0x08001618                xgetc
 *fill*         0x08001626        0x2 00
 .text.Display_IoInit_If
                0x08001628       0xf8 lib/display/mcu_depend/src/display_if_basis.o
                0x08001628                Display_IoInit_If
 .text.SetPixel
                0x08001720        0xa lib/display/abstract/src/display_if_support.o
 *fill*         0x0800172a        0x2 00
 .text.putkanji_t
                0x0800172c       0xc8 lib/display/abstract/src/display_if_support.o
 .text.putank_t.isra.0
                0x080017f4       0xc0 lib/display/abstract/src/display_if_support.o
 .text.putkanji
                0x080018b4       0xb4 lib/display/abstract/src/display_if_support.o
                0x080018b4                putkanji
 .text.putank   0x08001968       0xac lib/display/abstract/src/display_if_support.o
                0x08001968                putank
 .text.Display_Puts_If
                0x08001a14       0x98 lib/display/abstract/src/display_if_support.o
                0x08001a14                Display_Puts_If
 .text.ST7732_reset
                0x08001aac       0x2c lib/display/drivers/src/st7732.o
                0x08001aac                ST7732_reset
 .text.ST7732_wr_gram
                0x08001ad8       0x14 lib/display/drivers/src/st7732.o
                0x08001ad8                ST7732_wr_gram
 .text.ST7732_rect
                0x08001aec       0x44 lib/display/drivers/src/st7732.o
                0x08001aec                ST7732_rect
 .text.ST7732_clear
                0x08001b30       0x34 lib/display/drivers/src/st7732.o
                0x08001b30                ST7732_clear
 .text.ST7732_init
                0x08001b64      0x17c lib/display/drivers/src/st7732.o
                0x08001b64                ST7732_init
 .text.SearchKanjiBlock
                0x08001ce0       0x34 lib/FONTX2/src/font_if.o
 .text.InitFont_Ank
                0x08001d14       0x22 lib/FONTX2/src/font_if.o
                0x08001d14                InitFont_Ank
 *fill*         0x08001d36        0x2 00
 .text.ChangeCurrentAnk
                0x08001d38        0xc lib/FONTX2/src/font_if.o
                0x08001d38                ChangeCurrentAnk
 .text.GetPtr_Ank
                0x08001d44       0x18 lib/FONTX2/src/font_if.o
                0x08001d44                GetPtr_Ank
 .text.GetPtr_Kanji
                0x08001d5c       0x3c lib/FONTX2/src/font_if.o
                0x08001d5c                GetPtr_Kanji
 .text.mem_cpy  0x08001d98       0x2e lib/ff/ff.o
 .text.mem_set  0x08001dc6        0xe lib/ff/ff.o
 .text.clmt_clust
                0x08001dd4       0x22 lib/ff/ff.o
 .text.validate
                0x08001df6       0x2a lib/ff/ff.o
 .text.sync_window
                0x08001e20       0x4e lib/ff/ff.o
 *fill*         0x08001e6e        0x2 00
 .text.sync_fs  0x08001e70       0x70 lib/ff/ff.o
 .text.move_window
                0x08001ee0       0x2e lib/ff/ff.o
 *fill*         0x08001f0e        0x2 00
 .text.check_fs
                0x08001f10       0x4c lib/ff/ff.o
 .text.chk_mounted
                0x08001f5c      0x218 lib/ff/ff.o
 .text.clust2sect
                0x08002174       0x18 lib/ff/ff.o
                0x08002174                clust2sect
 .text.get_fat  0x0800218c       0xa0 lib/ff/ff.o
                0x0800218c                get_fat
 .text.dir_sdi  0x0800222c       0x84 lib/ff/ff.o
 .text.put_fat  0x080022b0       0xcc lib/ff/ff.o
                0x080022b0                put_fat
 .text.create_chain
                0x0800237c       0x9a lib/ff/ff.o
 .text.dir_next
                0x08002416       0xf6 lib/ff/ff.o
 .text.follow_path
                0x0800250c      0x258 lib/ff/ff.o
 .text.dir_alloc.part.7.constprop.11
                0x08002764       0x26 lib/ff/ff.o
 .text.dir_register
                0x0800278a       0x42 lib/ff/ff.o
 .text.remove_chain
                0x080027cc       0x82 lib/ff/ff.o
 *fill*         0x0800284e        0x2 00
 .text.f_mount  0x08002850       0x20 lib/ff/ff.o
                0x08002850                f_mount
 .text.f_open   0x08002870      0x130 lib/ff/ff.o
                0x08002870                f_open
 .text.f_write  0x080029a0      0x18e lib/ff/ff.o
                0x080029a0                f_write
 .text.f_sync   0x08002b2e       0x5e lib/ff/ff.o
                0x08002b2e                f_sync
 .text.f_close  0x08002b8c        0xe lib/ff/ff.o
                0x08002b8c                f_close
 .text.f_lseek  0x08002b9a      0x1ce lib/ff/ff.o
                0x08002b9a                f_lseek
 .text.CmdResp2Error
                0x08002d68       0x38 lib/ff/sdio_stm32f1.o
 .text.IsCardProgramming
                0x08002da0      0x15c lib/ff/sdio_stm32f1.o
 .text.unlikely.SD_LowLevel_DMA_TxConfig
                0x08002efc       0x64 lib/ff/sdio_stm32f1.o
 .text.unlikely.SD_LowLevel_DMA_RxConfig
                0x08002f60       0x64 lib/ff/sdio_stm32f1.o
 .text.CmdResp1Error
                0x08002fc4       0xf4 lib/ff/sdio_stm32f1.o
 .text.SDEnWideBus
                0x080030b8      0x1f0 lib/ff/sdio_stm32f1.o
 .text.SD_PowerON
                0x080032a8      0x1ac lib/ff/sdio_stm32f1.o
                0x080032a8                SD_PowerON
 .text.SD_InitializeCards
                0x08003454      0x164 lib/ff/sdio_stm32f1.o
                0x08003454                SD_InitializeCards
 .text.SD_GetCardInfo
                0x080035b8      0x28c lib/ff/sdio_stm32f1.o
                0x080035b8                SD_GetCardInfo
 .text.SD_EnableWideBusOperation
                0x08003844       0x74 lib/ff/sdio_stm32f1.o
                0x08003844                SD_EnableWideBusOperation
 .text.SD_SetDeviceMode
                0x080038b8       0x14 lib/ff/sdio_stm32f1.o
                0x080038b8                SD_SetDeviceMode
 .text.SD_SelectDeselect
                0x080038cc       0x2c lib/ff/sdio_stm32f1.o
                0x080038cc                SD_SelectDeselect
 .text.SD_Init  0x080038f8       0xe0 lib/ff/sdio_stm32f1.o
                0x080038f8                SD_Init
 .text.SD_ReadBlock
                0x080039d8      0x22c lib/ff/sdio_stm32f1.o
                0x080039d8                SD_ReadBlock
 .text.SD_ReadMultiBlocks
                0x08003c04      0x294 lib/ff/sdio_stm32f1.o
                0x08003c04                SD_ReadMultiBlocks
 .text.SD_WriteBlock
                0x08003e98      0x2f4 lib/ff/sdio_stm32f1.o
                0x08003e98                SD_WriteBlock
 .text.SD_WriteMultiBlocks
                0x0800418c      0x380 lib/ff/sdio_stm32f1.o
                0x0800418c                SD_WriteMultiBlocks
 .text.SD_StopTransfer
                0x0800450c       0x2c lib/ff/sdio_stm32f1.o
                0x0800450c                SD_StopTransfer
 .text.SD_SendSDStatus
                0x08004538      0x168 lib/ff/sdio_stm32f1.o
                0x08004538                SD_SendSDStatus
 .text.SD_ProcessIRQSrc
                0x080046a0      0x1ec lib/ff/sdio_stm32f1.o
                0x080046a0                SD_ProcessIRQSrc
 .text.SDIO_IRQHandler
                0x0800488c        0x4 lib/ff/sdio_stm32f1.o
                0x0800488c                SDIO_IRQHandler
 .text.SD_GetCardStatus
                0x08004890       0x84 lib/ff/sdio_stm32f1.o
                0x08004890                SD_GetCardStatus
 .text.disk_initialize
                0x08004914       0x20 lib/ff/diskio_sdio.o
                0x08004914                disk_initialize
 .text.disk_status
                0x08004934       0x24 lib/ff/diskio_sdio.o
                0x08004934                disk_status
 .text.disk_read
                0x08004958       0x2a lib/ff/diskio_sdio.o
                0x08004958                disk_read
 .text.disk_write
                0x08004982       0x2a lib/ff/diskio_sdio.o
                0x08004982                disk_write
 .text.disk_ioctl
                0x080049ac       0x84 lib/ff/diskio_sdio.o
                0x080049ac                disk_ioctl
 .text.rtc_gettime
                0x08004a30       0x44 lib/ff/ff_rtc_if.o
                0x08004a30                rtc_gettime
 .text.PowerOn  0x08004a74       0x30 lib/USB_Functions/usb_pwr.o
                0x08004a74                PowerOn
 .text.USB_Istr
                0x08004aa4       0x10 lib/USB_Functions/usb_istr.o
                0x08004aa4                USB_Istr
 .text.CDC_USB_Istr
                0x08004ab4       0x7c lib/USB_Functions/usb_istr.o
                0x08004ab4                CDC_USB_Istr
 .text.MSC_USB_Istr
                0x08004b30       0x54 lib/USB_Functions/usb_istr.o
                0x08004b30                MSC_USB_Istr
 .text.EP1_IN_Callback
                0x08004b84       0x10 lib/USB_Functions/usb_conf.o
                0x08004b84                EP1_IN_Callback
 .text.EP3_OUT_Callback
                0x08004b94       0x10 lib/USB_Functions/usb_conf.o
                0x08004b94                EP3_OUT_Callback
 .text.EP2_OUT_Callback
                0x08004ba4       0x10 lib/USB_Functions/usb_conf.o
                0x08004ba4                EP2_OUT_Callback
 .text.SOF_Callback
                0x08004bb4       0x10 lib/USB_Functions/usb_conf.o
                0x08004bb4                SOF_Callback
 .text.nxinit   0x08004bc4       0x10 lib/USB_Functions/usb_prop.o
                0x08004bc4                nxinit
 .text.nxReset  0x08004bd4       0x10 lib/USB_Functions/usb_prop.o
                0x08004bd4                nxReset
 .text.nxStatus_In
                0x08004be4       0x10 lib/USB_Functions/usb_prop.o
                0x08004be4                nxStatus_In
 .text.nxStatus_Out
                0x08004bf4       0x10 lib/USB_Functions/usb_prop.o
                0x08004bf4                nxStatus_Out
 .text.nxData_Setup
                0x08004c04       0x10 lib/USB_Functions/usb_prop.o
                0x08004c04                nxData_Setup
 .text.nxNoData_Setup
                0x08004c14       0x10 lib/USB_Functions/usb_prop.o
                0x08004c14                nxNoData_Setup
 .text.nxGet_Interface_Setting
                0x08004c24       0x10 lib/USB_Functions/usb_prop.o
                0x08004c24                nxGet_Interface_Setting
 .text.nxGetDeviceDescriptor
                0x08004c34       0x10 lib/USB_Functions/usb_prop.o
                0x08004c34                nxGetDeviceDescriptor
 .text.nxGetConfigDescriptor
                0x08004c44       0x10 lib/USB_Functions/usb_prop.o
                0x08004c44                nxGetConfigDescriptor
 .text.nxGetStringDescriptor
                0x08004c54       0x10 lib/USB_Functions/usb_prop.o
                0x08004c54                nxGetStringDescriptor
 .text.nxGetConfiguration
                0x08004c64       0x10 lib/USB_Functions/usb_prop.o
                0x08004c64                nxGetConfiguration
 .text.nxSetConfiguration
                0x08004c74       0x10 lib/USB_Functions/usb_prop.o
                0x08004c74                nxSetConfiguration
 .text.nxGetInterface
                0x08004c84       0x10 lib/USB_Functions/usb_prop.o
                0x08004c84                nxGetInterface
 .text.nxSetInterface
                0x08004c94       0x10 lib/USB_Functions/usb_prop.o
                0x08004c94                nxSetInterface
 .text.nxGetStatus
                0x08004ca4       0x10 lib/USB_Functions/usb_prop.o
                0x08004ca4                nxGetStatus
 .text.nxClearFeature
                0x08004cb4       0x10 lib/USB_Functions/usb_prop.o
                0x08004cb4                nxClearFeature
 .text.nxSetEndPointFeature
                0x08004cc4       0x10 lib/USB_Functions/usb_prop.o
                0x08004cc4                nxSetEndPointFeature
 .text.nxSetDeviceFeature
                0x08004cd4       0x10 lib/USB_Functions/usb_prop.o
                0x08004cd4                nxSetDeviceFeature
 .text.nxSetDeviceAddress
                0x08004ce4       0x10 lib/USB_Functions/usb_prop.o
                0x08004ce4                nxSetDeviceAddress
 .text.Virtual_Com_Port_SetConfiguration
                0x08004cf4       0x18 lib/USB_Functions/cdc/src/usb_cdc_prop.o
                0x08004cf4                Virtual_Com_Port_SetConfiguration
 .text.Virtual_Com_Port_SetDeviceAddress
                0x08004d0c        0xc lib/USB_Functions/cdc/src/usb_cdc_prop.o
                0x08004d0c                Virtual_Com_Port_SetDeviceAddress
 .text.Virtual_Com_Port_Status_Out
                0x08004d18        0x2 lib/USB_Functions/cdc/src/usb_cdc_prop.o
                0x08004d18                Virtual_Com_Port_Status_Out
 *fill*         0x08004d1a        0x2 00
 .text.Virtual_Com_Port_Data_Setup
                0x08004d1c       0x5c lib/USB_Functions/cdc/src/usb_cdc_prop.o
                0x08004d1c                Virtual_Com_Port_Data_Setup
 .text.Virtual_Com_Port_NoData_Setup
                0x08004d78       0x24 lib/USB_Functions/cdc/src/usb_cdc_prop.o
                0x08004d78                Virtual_Com_Port_NoData_Setup
 .text.Virtual_Com_Port_Get_Interface_Setting
                0x08004d9c        0xe lib/USB_Functions/cdc/src/usb_cdc_prop.o
                0x08004d9c                Virtual_Com_Port_Get_Interface_Setting
 *fill*         0x08004daa        0x2 00
 .text.Virtual_Com_Port_GetLineCoding
                0x08004dac       0x18 lib/USB_Functions/cdc/src/usb_cdc_prop.o
                0x08004dac                Virtual_Com_Port_GetLineCoding
 .text.Virtual_Com_Port_SetLineCoding
                0x08004dc4       0x18 lib/USB_Functions/cdc/src/usb_cdc_prop.o
                0x08004dc4                Virtual_Com_Port_SetLineCoding
 .text.Virtual_Com_Port_GetStringDescriptor
                0x08004ddc       0x20 lib/USB_Functions/cdc/src/usb_cdc_prop.o
                0x08004ddc                Virtual_Com_Port_GetStringDescriptor
 .text.Virtual_Com_Port_GetConfigDescriptor
                0x08004dfc        0xc lib/USB_Functions/cdc/src/usb_cdc_prop.o
                0x08004dfc                Virtual_Com_Port_GetConfigDescriptor
 .text.Virtual_Com_Port_GetDeviceDescriptor
                0x08004e08        0xc lib/USB_Functions/cdc/src/usb_cdc_prop.o
                0x08004e08                Virtual_Com_Port_GetDeviceDescriptor
 .text.Virtual_Com_Port_Status_In
                0x08004e14       0x18 lib/USB_Functions/cdc/src/usb_cdc_prop.o
                0x08004e14                Virtual_Com_Port_Status_In
 .text.Virtual_Com_Port_Reset
                0x08004e2c      0x100 lib/USB_Functions/cdc/src/usb_cdc_prop.o
                0x08004e2c                Virtual_Com_Port_Reset
 .text.Virtual_Com_Port_init
                0x08004f2c       0x34 lib/USB_Functions/cdc/src/usb_cdc_prop.o
                0x08004f2c                Virtual_Com_Port_init
 .text.CDC_SetStructure
                0x08004f60       0xf4 lib/USB_Functions/cdc/src/usb_cdc_prop.o
                0x08004f60                CDC_SetStructure
 .text.CDC_EP1_IN_Callback
                0x08005054       0xc0 lib/USB_Functions/cdc/src/usb_cdc_endp.o
                0x08005054                CDC_EP1_IN_Callback
 .text.CDC_EP3_OUT_Callback
                0x08005114       0x5c lib/USB_Functions/cdc/src/usb_cdc_endp.o
                0x08005114                CDC_EP3_OUT_Callback
 .text.CDC_SOF_Callback
                0x08005170       0x28 lib/USB_Functions/cdc/src/usb_cdc_endp.o
                0x08005170                CDC_SOF_Callback
 .text.MAL_Init
                0x08005198       0x1c lib/USB_Functions/msc/src/usb_msc_mass_mal.o
                0x08005198                MAL_Init
 .text.MAL_Write
                0x080051b4       0x24 lib/USB_Functions/msc/src/usb_msc_mass_mal.o
                0x080051b4                MAL_Write
 .text.MAL_Read
                0x080051d8       0x24 lib/USB_Functions/msc/src/usb_msc_mass_mal.o
                0x080051d8                MAL_Read
 .text.MAL_GetStatus
                0x080051fc       0xc8 lib/USB_Functions/msc/src/usb_msc_mass_mal.o
                0x080051fc                MAL_GetStatus
 .text.Read_Memory
                0x080052c4       0xf8 lib/USB_Functions/msc/src/usb_msc_memory.o
                0x080052c4                Read_Memory
 .text.Write_Memory
                0x080053bc      0x100 lib/USB_Functions/msc/src/usb_msc_memory.o
                0x080053bc                Write_Memory
 .text.SCSI_Inquiry_Cmd
                0x080054bc       0x28 lib/USB_Functions/msc/src/usb_msc_scsi.o
                0x080054bc                SCSI_Inquiry_Cmd
 .text.SCSI_ReadFormatCapacity_Cmd
                0x080054e4       0x68 lib/USB_Functions/msc/src/usb_msc_scsi.o
                0x080054e4                SCSI_ReadFormatCapacity_Cmd
 .text.SCSI_ReadCapacity10_Cmd
                0x0800554c       0x6c lib/USB_Functions/msc/src/usb_msc_scsi.o
                0x0800554c                SCSI_ReadCapacity10_Cmd
 .text.SCSI_ModeSense6_Cmd
                0x080055b8        0xc lib/USB_Functions/msc/src/usb_msc_scsi.o
                0x080055b8                SCSI_ModeSense6_Cmd
 .text.SCSI_ModeSense10_Cmd
                0x080055c4        0xc lib/USB_Functions/msc/src/usb_msc_scsi.o
                0x080055c4                SCSI_ModeSense10_Cmd
 .text.SCSI_RequestSense_Cmd
                0x080055d0       0x18 lib/USB_Functions/msc/src/usb_msc_scsi.o
                0x080055d0                SCSI_RequestSense_Cmd
 .text.Set_Scsi_Sense_Data
                0x080055e8        0xc lib/USB_Functions/msc/src/usb_msc_scsi.o
                0x080055e8                Set_Scsi_Sense_Data
 .text.SCSI_Start_Stop_Unit_Cmd
                0x080055f4        0x8 lib/USB_Functions/msc/src/usb_msc_scsi.o
                0x080055f4                SCSI_Start_Stop_Unit_Cmd
 .text.SCSI_Verify10_Cmd
                0x080055fc       0x3c lib/USB_Functions/msc/src/usb_msc_scsi.o
                0x080055fc                SCSI_Verify10_Cmd
 .text.SCSI_TestUnitReady_Cmd
                0x08005638       0x34 lib/USB_Functions/msc/src/usb_msc_scsi.o
                0x08005638                SCSI_TestUnitReady_Cmd
 .text.SCSI_Format_Cmd
                0x0800566c       0x2c lib/USB_Functions/msc/src/usb_msc_scsi.o
                0x0800566c                SCSI_Format_Cmd
 .text.SCSI_Invalid_Cmd
                0x08005698       0x38 lib/USB_Functions/msc/src/usb_msc_scsi.o
                0x08005698                SCSI_Invalid_Cmd
 .text.SCSI_Address_Management
                0x080056d0       0x70 lib/USB_Functions/msc/src/usb_msc_scsi.o
                0x080056d0                SCSI_Address_Management
 .text.SCSI_Write10_Cmd
                0x08005740       0x70 lib/USB_Functions/msc/src/usb_msc_scsi.o
                0x08005740                SCSI_Write10_Cmd
 .text.SCSI_Read10_Cmd
                0x080057b0       0x70 lib/USB_Functions/msc/src/usb_msc_scsi.o
                0x080057b0                SCSI_Read10_Cmd
 .text.Bot_Abort.part.1
                0x08005820       0x18 lib/USB_Functions/msc/src/usb_msc_bot.o
 .text.Transfer_Data_Request
                0x08005838       0x34 lib/USB_Functions/msc/src/usb_msc_bot.o
                0x08005838                Transfer_Data_Request
 .text.Set_CSW  0x0800586c       0x3c lib/USB_Functions/msc/src/usb_msc_bot.o
                0x0800586c                Set_CSW
 .text.Mass_Storage_In
                0x080058a8       0x5c lib/USB_Functions/msc/src/usb_msc_bot.o
                0x080058a8                Mass_Storage_In
 .text.CBW_Decode
                0x08005904      0x1d0 lib/USB_Functions/msc/src/usb_msc_bot.o
                0x08005904                CBW_Decode
 .text.Bot_Abort
                0x08005ad4       0x22 lib/USB_Functions/msc/src/usb_msc_bot.o
                0x08005ad4                Bot_Abort
 *fill*         0x08005af6        0x2 00
 .text.Mass_Storage_Out
                0x08005af8       0xb8 lib/USB_Functions/msc/src/usb_msc_bot.o
                0x08005af8                Mass_Storage_Out
 .text.Mass_SetDeviceAddress
                0x08005bb0        0xc lib/USB_Functions/msc/src/usb_msc_prop.o
                0x08005bb0                Mass_SetDeviceAddress
 .text.Mass_Status_In
                0x08005bbc        0x2 lib/USB_Functions/msc/src/usb_msc_prop.o
                0x08005bbc                Mass_Status_In
 .text.Mass_Status_Out
                0x08005bbe        0x2 lib/USB_Functions/msc/src/usb_msc_prop.o
                0x08005bbe                Mass_Status_Out
 .text.Mass_Get_Interface_Setting
                0x08005bc0        0xc lib/USB_Functions/msc/src/usb_msc_prop.o
                0x08005bc0                Mass_Get_Interface_Setting
 .text.Get_Max_Lun
                0x08005bcc       0x18 lib/USB_Functions/msc/src/usb_msc_prop.o
                0x08005bcc                Get_Max_Lun
 .text.Mass_GetStringDescriptor
                0x08005be4       0x20 lib/USB_Functions/msc/src/usb_msc_prop.o
                0x08005be4                Mass_GetStringDescriptor
 .text.Mass_GetConfigDescriptor
                0x08005c04        0xc lib/USB_Functions/msc/src/usb_msc_prop.o
                0x08005c04                Mass_GetConfigDescriptor
 .text.Mass_GetDeviceDescriptor
                0x08005c10        0xc lib/USB_Functions/msc/src/usb_msc_prop.o
                0x08005c10                Mass_GetDeviceDescriptor
 .text.Mass_ClearFeature
                0x08005c1c       0x1c lib/USB_Functions/msc/src/usb_msc_prop.o
                0x08005c1c                Mass_ClearFeature
 .text.Mass_Reset
                0x08005c38      0x104 lib/USB_Functions/msc/src/usb_msc_prop.o
                0x08005c38                Mass_Reset
 .text.Mass_init
                0x08005d3c       0x30 lib/USB_Functions/msc/src/usb_msc_prop.o
                0x08005d3c                Mass_init
 .text.Mass_NoData_Setup
                0x08005d6c       0x4c lib/USB_Functions/msc/src/usb_msc_prop.o
                0x08005d6c                Mass_NoData_Setup
 .text.Mass_SetConfiguration
                0x08005db8       0x30 lib/USB_Functions/msc/src/usb_msc_prop.o
                0x08005db8                Mass_SetConfiguration
 .text.Mass_Data_Setup
                0x08005de8       0x38 lib/USB_Functions/msc/src/usb_msc_prop.o
                0x08005de8                Mass_Data_Setup
 .text.MSC_SetStructure
                0x08005e20       0xf8 lib/USB_Functions/msc/src/usb_msc_prop.o
                0x08005e20                MSC_SetStructure
 .text.NVIC_PriorityGroupConfig
                0x08005f18       0x14 STM32F103VET6_lib.a(misc.o)
                0x08005f18                NVIC_PriorityGroupConfig
 .text.NVIC_Init
                0x08005f2c       0x68 STM32F103VET6_lib.a(misc.o)
                0x08005f2c                NVIC_Init
 .text.NVIC_SetVectorTable
                0x08005f94       0x14 STM32F103VET6_lib.a(misc.o)
                0x08005f94                NVIC_SetVectorTable
 .text.SysTick_CLKSourceConfig
                0x08005fa8       0x18 STM32F103VET6_lib.a(misc.o)
                0x08005fa8                SysTick_CLKSourceConfig
 .text.GPIO_Init
                0x08005fc0       0x98 STM32F103VET6_lib.a(stm32f10x_gpio.o)
                0x08005fc0                GPIO_Init
 .text.GPIO_ReadInputDataBit
                0x08006058        0xc STM32F103VET6_lib.a(stm32f10x_gpio.o)
                0x08006058                GPIO_ReadInputDataBit
 .text.GPIO_SetBits
                0x08006064        0x4 STM32F103VET6_lib.a(stm32f10x_gpio.o)
                0x08006064                GPIO_SetBits
 .text.GPIO_ResetBits
                0x08006068        0x4 STM32F103VET6_lib.a(stm32f10x_gpio.o)
                0x08006068                GPIO_ResetBits
 .text.FSMC_NORSRAMInit
                0x0800606c       0xbc STM32F103VET6_lib.a(stm32f10x_fsmc.o)
                0x0800606c                FSMC_NORSRAMInit
 .text.FSMC_NORSRAMCmd
                0x08006128       0x24 STM32F103VET6_lib.a(stm32f10x_fsmc.o)
                0x08006128                FSMC_NORSRAMCmd
 .text.RCC_PLLConfig
                0x0800614c       0x14 STM32F103VET6_lib.a(stm32f10x_rcc.o)
                0x0800614c                RCC_PLLConfig
 .text.RCC_PLLCmd
                0x08006160        0xc STM32F103VET6_lib.a(stm32f10x_rcc.o)
                0x08006160                RCC_PLLCmd
 .text.RCC_SYSCLKConfig
                0x0800616c       0x14 STM32F103VET6_lib.a(stm32f10x_rcc.o)
                0x0800616c                RCC_SYSCLKConfig
 .text.RCC_GetSYSCLKSource
                0x08006180       0x10 STM32F103VET6_lib.a(stm32f10x_rcc.o)
                0x08006180                RCC_GetSYSCLKSource
 .text.RCC_USBCLKConfig
                0x08006190        0xc STM32F103VET6_lib.a(stm32f10x_rcc.o)
                0x08006190                RCC_USBCLKConfig
 .text.RCC_LSEConfig
                0x0800619c       0x20 STM32F103VET6_lib.a(stm32f10x_rcc.o)
                0x0800619c                RCC_LSEConfig
 .text.RCC_RTCCLKConfig
                0x080061bc       0x10 STM32F103VET6_lib.a(stm32f10x_rcc.o)
                0x080061bc                RCC_RTCCLKConfig
 .text.RCC_RTCCLKCmd
                0x080061cc        0xc STM32F103VET6_lib.a(stm32f10x_rcc.o)
                0x080061cc                RCC_RTCCLKCmd
 .text.RCC_GetClocksFreq
                0x080061d8       0x9c STM32F103VET6_lib.a(stm32f10x_rcc.o)
                0x080061d8                RCC_GetClocksFreq
 .text.RCC_AHBPeriphClockCmd
                0x08006274       0x18 STM32F103VET6_lib.a(stm32f10x_rcc.o)
                0x08006274                RCC_AHBPeriphClockCmd
 .text.RCC_APB2PeriphClockCmd
                0x0800628c       0x18 STM32F103VET6_lib.a(stm32f10x_rcc.o)
                0x0800628c                RCC_APB2PeriphClockCmd
 .text.RCC_APB1PeriphClockCmd
                0x080062a4       0x18 STM32F103VET6_lib.a(stm32f10x_rcc.o)
                0x080062a4                RCC_APB1PeriphClockCmd
 .text.RCC_BackupResetCmd
                0x080062bc        0xc STM32F103VET6_lib.a(stm32f10x_rcc.o)
                0x080062bc                RCC_BackupResetCmd
 .text.RCC_GetFlagStatus
                0x080062c8       0x28 STM32F103VET6_lib.a(stm32f10x_rcc.o)
                0x080062c8                RCC_GetFlagStatus
 .text.ADC_Init
                0x080062f0       0x48 STM32F103VET6_lib.a(stm32f10x_adc.o)
                0x080062f0                ADC_Init
 .text.ADC_Cmd  0x08006338       0x12 STM32F103VET6_lib.a(stm32f10x_adc.o)
                0x08006338                ADC_Cmd
 .text.ADC_DMACmd
                0x0800634a       0x12 STM32F103VET6_lib.a(stm32f10x_adc.o)
                0x0800634a                ADC_DMACmd
 .text.ADC_ResetCalibration
                0x0800635c        0xa STM32F103VET6_lib.a(stm32f10x_adc.o)
                0x0800635c                ADC_ResetCalibration
 .text.ADC_GetResetCalibrationStatus
                0x08006366        0x8 STM32F103VET6_lib.a(stm32f10x_adc.o)
                0x08006366                ADC_GetResetCalibrationStatus
 .text.ADC_StartCalibration
                0x0800636e        0xa STM32F103VET6_lib.a(stm32f10x_adc.o)
                0x0800636e                ADC_StartCalibration
 .text.ADC_GetCalibrationStatus
                0x08006378        0x8 STM32F103VET6_lib.a(stm32f10x_adc.o)
                0x08006378                ADC_GetCalibrationStatus
 .text.ADC_SoftwareStartConvCmd
                0x08006380       0x12 STM32F103VET6_lib.a(stm32f10x_adc.o)
                0x08006380                ADC_SoftwareStartConvCmd
 .text.ADC_RegularChannelConfig
                0x08006392       0x9a STM32F103VET6_lib.a(stm32f10x_adc.o)
                0x08006392                ADC_RegularChannelConfig
 .text.ADC_ExternalTrigConvCmd
                0x0800642c       0x12 STM32F103VET6_lib.a(stm32f10x_adc.o)
                0x0800642c                ADC_ExternalTrigConvCmd
 *fill*         0x0800643e        0x2 00
 .text.ADC_TempSensorVrefintCmd
                0x08006440       0x18 STM32F103VET6_lib.a(stm32f10x_adc.o)
                0x08006440                ADC_TempSensorVrefintCmd
 .text.DMA_DeInit
                0x08006458       0xf0 STM32F103VET6_lib.a(stm32f10x_dma.o)
                0x08006458                DMA_DeInit
 .text.DMA_Init
                0x08006548       0x40 STM32F103VET6_lib.a(stm32f10x_dma.o)
                0x08006548                DMA_Init
 .text.DMA_Cmd  0x08006588       0x16 STM32F103VET6_lib.a(stm32f10x_dma.o)
                0x08006588                DMA_Cmd
 *fill*         0x0800659e        0x2 00
 .text.DMA_GetFlagStatus
                0x080065a0       0x1c STM32F103VET6_lib.a(stm32f10x_dma.o)
                0x080065a0                DMA_GetFlagStatus
 .text.DMA_ClearFlag
                0x080065bc       0x14 STM32F103VET6_lib.a(stm32f10x_dma.o)
                0x080065bc                DMA_ClearFlag
 .text.TIM_TimeBaseInit
                0x080065d0       0x94 STM32F103VET6_lib.a(stm32f10x_tim.o)
                0x080065d0                TIM_TimeBaseInit
 .text.TIM_TimeBaseStructInit
                0x08006664       0x12 STM32F103VET6_lib.a(stm32f10x_tim.o)
                0x08006664                TIM_TimeBaseStructInit
 .text.TIM_Cmd  0x08006676       0x18 STM32F103VET6_lib.a(stm32f10x_tim.o)
                0x08006676                TIM_Cmd
 *fill*         0x0800668e        0x2 00
 .text.RTC_ITConfig
                0x08006690       0x18 STM32F103VET6_lib.a(stm32f10x_rtc.o)
                0x08006690                RTC_ITConfig
 .text.RTC_EnterConfigMode
                0x080066a8       0x14 STM32F103VET6_lib.a(stm32f10x_rtc.o)
                0x080066a8                RTC_EnterConfigMode
 .text.RTC_ExitConfigMode
                0x080066bc       0x14 STM32F103VET6_lib.a(stm32f10x_rtc.o)
                0x080066bc                RTC_ExitConfigMode
 .text.RTC_GetCounter
                0x080066d0       0x28 STM32F103VET6_lib.a(stm32f10x_rtc.o)
                0x080066d0                RTC_GetCounter
 .text.RTC_SetCounter
                0x080066f8       0x20 STM32F103VET6_lib.a(stm32f10x_rtc.o)
                0x080066f8                RTC_SetCounter
 .text.RTC_SetPrescaler
                0x08006718       0x20 STM32F103VET6_lib.a(stm32f10x_rtc.o)
                0x08006718                RTC_SetPrescaler
 .text.RTC_WaitForLastTask
                0x08006738       0x14 STM32F103VET6_lib.a(stm32f10x_rtc.o)
                0x08006738                RTC_WaitForLastTask
 .text.RTC_WaitForSynchro
                0x0800674c       0x24 STM32F103VET6_lib.a(stm32f10x_rtc.o)
                0x0800674c                RTC_WaitForSynchro
 .text.SDIO_DeInit
                0x08006770       0x24 STM32F103VET6_lib.a(stm32f10x_sdio.o)
                0x08006770                SDIO_DeInit
 .text.SDIO_Init
                0x08006794       0x30 STM32F103VET6_lib.a(stm32f10x_sdio.o)
                0x08006794                SDIO_Init
 .text.SDIO_ClockCmd
                0x080067c4        0xc STM32F103VET6_lib.a(stm32f10x_sdio.o)
                0x080067c4                SDIO_ClockCmd
 .text.SDIO_SetPowerState
                0x080067d0        0xc STM32F103VET6_lib.a(stm32f10x_sdio.o)
                0x080067d0                SDIO_SetPowerState
 .text.SDIO_GetPowerState
                0x080067dc       0x10 STM32F103VET6_lib.a(stm32f10x_sdio.o)
                0x080067dc                SDIO_GetPowerState
 .text.SDIO_ITConfig
                0x080067ec       0x18 STM32F103VET6_lib.a(stm32f10x_sdio.o)
                0x080067ec                SDIO_ITConfig
 .text.SDIO_DMACmd
                0x08006804        0xc STM32F103VET6_lib.a(stm32f10x_sdio.o)
                0x08006804                SDIO_DMACmd
 .text.SDIO_SendCommand
                0x08006810       0x2c STM32F103VET6_lib.a(stm32f10x_sdio.o)
                0x08006810                SDIO_SendCommand
 .text.SDIO_GetCommandResponse
                0x0800683c        0xc STM32F103VET6_lib.a(stm32f10x_sdio.o)
                0x0800683c                SDIO_GetCommandResponse
 .text.SDIO_GetResponse
                0x08006848       0x18 STM32F103VET6_lib.a(stm32f10x_sdio.o)
                0x08006848                SDIO_GetResponse
 .text.SDIO_DataConfig
                0x08006860       0x2c STM32F103VET6_lib.a(stm32f10x_sdio.o)
                0x08006860                SDIO_DataConfig
 .text.SDIO_ReadData
                0x0800688c        0xc STM32F103VET6_lib.a(stm32f10x_sdio.o)
                0x0800688c                SDIO_ReadData
 .text.SDIO_WriteData
                0x08006898        0xc STM32F103VET6_lib.a(stm32f10x_sdio.o)
                0x08006898                SDIO_WriteData
 .text.SDIO_GetFlagStatus
                0x080068a4       0x14 STM32F103VET6_lib.a(stm32f10x_sdio.o)
                0x080068a4                SDIO_GetFlagStatus
 .text.SDIO_ClearFlag
                0x080068b8        0xc STM32F103VET6_lib.a(stm32f10x_sdio.o)
                0x080068b8                SDIO_ClearFlag
 .text.SDIO_GetITStatus
                0x080068c4       0x14 STM32F103VET6_lib.a(stm32f10x_sdio.o)
                0x080068c4                SDIO_GetITStatus
 .text.SDIO_ClearITPendingBit
                0x080068d8        0xc STM32F103VET6_lib.a(stm32f10x_sdio.o)
                0x080068d8                SDIO_ClearITPendingBit
 .text.USART_Init
                0x080068e4       0xb0 STM32F103VET6_lib.a(stm32f10x_usart.o)
                0x080068e4                USART_Init
 .text.USART_StructInit
                0x08006994       0x16 STM32F103VET6_lib.a(stm32f10x_usart.o)
                0x08006994                USART_StructInit
 .text.USART_Cmd
                0x080069aa       0x18 STM32F103VET6_lib.a(stm32f10x_usart.o)
                0x080069aa                USART_Cmd
 .text.USART_ITConfig
                0x080069c2       0x34 STM32F103VET6_lib.a(stm32f10x_usart.o)
                0x080069c2                USART_ITConfig
 .text.USART_SendData
                0x080069f6        0x8 STM32F103VET6_lib.a(stm32f10x_usart.o)
                0x080069f6                USART_SendData
 .text.USART_ReceiveData
                0x080069fe        0x8 STM32F103VET6_lib.a(stm32f10x_usart.o)
                0x080069fe                USART_ReceiveData
 .text.USART_GetFlagStatus
                0x08006a06        0xc STM32F103VET6_lib.a(stm32f10x_usart.o)
                0x08006a06                USART_GetFlagStatus
 .text.USART_GetITStatus
                0x08006a12       0x40 STM32F103VET6_lib.a(stm32f10x_usart.o)
                0x08006a12                USART_GetITStatus
 .text.BKP_DeInit
                0x08006a52       0x12 STM32F103VET6_lib.a(stm32f10x_bkp.o)
                0x08006a52                BKP_DeInit
 .text.BKP_WriteBackupRegister
                0x08006a64       0x1c STM32F103VET6_lib.a(stm32f10x_bkp.o)
                0x08006a64                BKP_WriteBackupRegister
 .text.BKP_ReadBackupRegister
                0x08006a80       0x20 STM32F103VET6_lib.a(stm32f10x_bkp.o)
                0x08006a80                BKP_ReadBackupRegister
 .text.PWR_BackupAccessCmd
                0x08006aa0        0xc STM32F103VET6_lib.a(stm32f10x_pwr.o)
                0x08006aa0                PWR_BackupAccessCmd
 .text.Standard_GetConfiguration
                0x08006aac       0x24 STM32F103VET6_lib.a(usb_core.o)
                0x08006aac                Standard_GetConfiguration
 .text.Standard_GetInterface
                0x08006ad0       0x24 STM32F103VET6_lib.a(usb_core.o)
                0x08006ad0                Standard_GetInterface
 .text.Standard_GetStatus
                0x08006af4       0x9c STM32F103VET6_lib.a(usb_core.o)
                0x08006af4                Standard_GetStatus
 .text.DataStageIn
                0x08006b90       0xa0 STM32F103VET6_lib.a(usb_core.o)
 .text.Standard_SetConfiguration
                0x08006c30       0x38 STM32F103VET6_lib.a(usb_core.o)
                0x08006c30                Standard_SetConfiguration
 .text.Standard_SetInterface
                0x08006c68       0x48 STM32F103VET6_lib.a(usb_core.o)
                0x08006c68                Standard_SetInterface
 .text.Standard_ClearFeature
                0x08006cb0       0xdc STM32F103VET6_lib.a(usb_core.o)
                0x08006cb0                Standard_ClearFeature
 .text.Standard_SetEndPointFeature
                0x08006d8c       0x8c STM32F103VET6_lib.a(usb_core.o)
                0x08006d8c                Standard_SetEndPointFeature
 .text.Standard_SetDeviceFeature
                0x08006e18       0x24 STM32F103VET6_lib.a(usb_core.o)
                0x08006e18                Standard_SetDeviceFeature
 .text.Standard_GetDescriptorData
                0x08006e3c       0x1c STM32F103VET6_lib.a(usb_core.o)
                0x08006e3c                Standard_GetDescriptorData
 .text.Post0_Process
                0x08006e58       0x40 STM32F103VET6_lib.a(usb_core.o)
                0x08006e58                Post0_Process
 .text.Out0_Process
                0x08006e98       0xd4 STM32F103VET6_lib.a(usb_core.o)
                0x08006e98                Out0_Process
 .text.Setup0_Process
                0x08006f6c      0x2f8 STM32F103VET6_lib.a(usb_core.o)
                0x08006f6c                Setup0_Process
 .text.SetDeviceAddress
                0x08007264       0x40 STM32F103VET6_lib.a(usb_core.o)
                0x08007264                SetDeviceAddress
 .text.In0_Process
                0x080072a4       0x60 STM32F103VET6_lib.a(usb_core.o)
                0x080072a4                In0_Process
 .text.NOP_Process
                0x08007304        0x2 STM32F103VET6_lib.a(usb_core.o)
                0x08007304                NOP_Process
 *fill*         0x08007306        0x2 00
 .text.USB_Init
                0x08007308       0x38 STM32F103VET6_lib.a(usb_init.o)
                0x08007308                USB_Init
 .text.CTR_LP   0x08007340      0x190 STM32F103VET6_lib.a(usb_int.o)
                0x08007340                CTR_LP
 .text.CTR_HP   0x080074d0       0x74 STM32F103VET6_lib.a(usb_int.o)
                0x080074d0                CTR_HP
 .text.UserToPMABufferCopy
                0x08007544       0x2e STM32F103VET6_lib.a(usb_mem.o)
                0x08007544                UserToPMABufferCopy
 .text.PMAToUserBufferCopy
                0x08007572       0x24 STM32F103VET6_lib.a(usb_mem.o)
                0x08007572                PMAToUserBufferCopy
 *fill*         0x08007596        0x2 00
 .text.SetBTABLE
                0x08007598       0x10 STM32F103VET6_lib.a(usb_regs.o)
                0x08007598                SetBTABLE
 .text.GetENDPOINT
                0x080075a8       0x10 STM32F103VET6_lib.a(usb_regs.o)
                0x080075a8                GetENDPOINT
 .text.SetEPType
                0x080075b8       0x18 STM32F103VET6_lib.a(usb_regs.o)
                0x080075b8                SetEPType
 .text.SetEPTxStatus
                0x080075d0       0x3a STM32F103VET6_lib.a(usb_regs.o)
                0x080075d0                SetEPTxStatus
 .text.SetEPRxStatus
                0x0800760a       0x3a STM32F103VET6_lib.a(usb_regs.o)
                0x0800760a                SetEPRxStatus
 .text.SetEPTxValid
                0x08007644       0x22 STM32F103VET6_lib.a(usb_regs.o)
                0x08007644                SetEPTxValid
 .text.SetEPRxValid
                0x08007666       0x22 STM32F103VET6_lib.a(usb_regs.o)
                0x08007666                SetEPRxValid
 .text.Clear_Status_Out
                0x08007688       0x1e STM32F103VET6_lib.a(usb_regs.o)
                0x08007688                Clear_Status_Out
 .text.SetEPDoubleBuff
                0x080076a6       0x1e STM32F103VET6_lib.a(usb_regs.o)
                0x080076a6                SetEPDoubleBuff
 .text.ToggleDTOG_TX
                0x080076c4       0x1e STM32F103VET6_lib.a(usb_regs.o)
                0x080076c4                ToggleDTOG_TX
 .text.ClearDTOG_RX
                0x080076e2       0x24 STM32F103VET6_lib.a(usb_regs.o)
                0x080076e2                ClearDTOG_RX
 .text.ClearDTOG_TX
                0x08007706       0x24 STM32F103VET6_lib.a(usb_regs.o)
                0x08007706                ClearDTOG_TX
 *fill*         0x0800772a        0x2 00
 .text.SetEPTxAddr
                0x0800772c       0x20 STM32F103VET6_lib.a(usb_regs.o)
                0x0800772c                SetEPTxAddr
 .text.SetEPRxAddr
                0x0800774c       0x20 STM32F103VET6_lib.a(usb_regs.o)
                0x0800774c                SetEPRxAddr
 .text.GetEPTxAddr
                0x0800776c       0x1c STM32F103VET6_lib.a(usb_regs.o)
                0x0800776c                GetEPTxAddr
 .text.GetEPRxAddr
                0x08007788       0x1c STM32F103VET6_lib.a(usb_regs.o)
                0x08007788                GetEPRxAddr
 .text.SetEPTxCount
                0x080077a4       0x1c STM32F103VET6_lib.a(usb_regs.o)
                0x080077a4                SetEPTxCount
 .text.SetEPRxCount
                0x080077c0       0x3c STM32F103VET6_lib.a(usb_regs.o)
                0x080077c0                SetEPRxCount
 .text.SetEPDblBuffAddr
                0x080077fc       0x38 STM32F103VET6_lib.a(usb_regs.o)
                0x080077fc                SetEPDblBuffAddr
 .text.SetEPDblBuffCount
                0x08007834       0xa4 STM32F103VET6_lib.a(usb_regs.o)
                0x08007834                SetEPDblBuffCount
 .text.GetEPDblBuf0Count
                0x080078d8       0x20 STM32F103VET6_lib.a(usb_regs.o)
                0x080078d8                GetEPDblBuf0Count
 .text.GetEPDblBuf1Count
                0x080078f8       0x20 STM32F103VET6_lib.a(usb_regs.o)
                0x080078f8                GetEPDblBuf1Count
 .text.FreeUserBuffer
                0x08007918       0x42 STM32F103VET6_lib.a(usb_regs.o)
                0x08007918                FreeUserBuffer
 .text.ByteSwap
                0x0800795a        0xa STM32F103VET6_lib.a(usb_regs.o)
                0x0800795a                ByteSwap
 .text.USB_SIL_Init
                0x08007964       0x20 STM32F103VET6_lib.a(usb_sil.o)
                0x08007964                USB_SIL_Init
 .text.USB_SIL_Write
                0x08007984       0x28 STM32F103VET6_lib.a(usb_sil.o)
                0x08007984                USB_SIL_Write
 .text.Reset_Handler
                0x080079ac       0x4c STM32F103VET6_lib.a(startup_stm32f10x_hd.o)
                0x080079ac                Reset_Handler
 .text.Default_Handler
                0x080079f8        0x4 STM32F103VET6_lib.a(startup_stm32f10x_hd.o)
                0x080079f8                EXTI2_IRQHandler
                0x080079f8                TIM8_TRG_COM_IRQHandler
                0x080079f8                TIM8_CC_IRQHandler
                0x080079f8                TIM1_CC_IRQHandler
                0x080079f8                TIM6_IRQHandler
                0x080079f8                PVD_IRQHandler
                0x080079f8                EXTI3_IRQHandler
                0x080079f8                EXTI0_IRQHandler
                0x080079f8                I2C2_EV_IRQHandler
                0x080079f8                ADC1_2_IRQHandler
                0x080079f8                SPI1_IRQHandler
                0x080079f8                TAMPER_IRQHandler
                0x080079f8                TIM8_UP_IRQHandler
                0x080079f8                DMA2_Channel2_IRQHandler
                0x080079f8                DMA1_Channel4_IRQHandler
                0x080079f8                USART3_IRQHandler
                0x080079f8                DMA1_Channel7_IRQHandler
                0x080079f8                CAN1_RX1_IRQHandler
                0x080079f8                UART5_IRQHandler
                0x080079f8                ADC3_IRQHandler
                0x080079f8                TIM4_IRQHandler
                0x080079f8                DMA2_Channel1_IRQHandler
                0x080079f8                I2C1_EV_IRQHandler
                0x080079f8                DMA1_Channel6_IRQHandler
                0x080079f8                UART4_IRQHandler
                0x080079f8                TIM3_IRQHandler
                0x080079f8                RCC_IRQHandler
                0x080079f8                TIM1_TRG_COM_IRQHandler
                0x080079f8                DMA1_Channel1_IRQHandler
                0x080079f8                Default_Handler
                0x080079f8                EXTI15_10_IRQHandler
                0x080079f8                TIM7_IRQHandler
                0x080079f8                TIM5_IRQHandler
                0x080079f8                EXTI9_5_IRQHandler
                0x080079f8                SPI2_IRQHandler
                0x080079f8                DMA1_Channel5_IRQHandler
                0x080079f8                EXTI4_IRQHandler
                0x080079f8                DMA1_Channel3_IRQHandler
                0x080079f8                FSMC_IRQHandler
                0x080079f8                TIM1_UP_IRQHandler
                0x080079f8                WWDG_IRQHandler
                0x080079f8                TIM2_IRQHandler
                0x080079f8                TIM1_BRK_IRQHandler
                0x080079f8                EXTI1_IRQHandler
                0x080079f8                RTCAlarm_IRQHandler
                0x080079f8                DMA2_Channel4_5_IRQHandler
                0x080079f8                I2C2_ER_IRQHandler
                0x080079f8                DMA1_Channel2_IRQHandler
                0x080079f8                TIM8_BRK_IRQHandler
                0x080079f8                CAN1_SCE_IRQHandler
                0x080079f8                FLASH_IRQHandler
                0x080079f8                USART1_IRQHandler
                0x080079f8                SPI3_IRQHandler
                0x080079f8                I2C1_ER_IRQHandler
                0x080079f8                USBWakeUp_IRQHandler
                0x080079f8                DMA2_Channel3_IRQHandler
 .text.__errno  0x080079fc        0xc c:/devz/arm/launchpad/bin/../lib/gcc/arm-none-eabi/4.7.3/../../../../arm-none-eabi/lib/armv7-m\libc_s.a(lib_a-errno.o)
                0x080079fc                __errno
 .text.localtime
                0x08007a08       0x28 c:/devz/arm/launchpad/bin/../lib/gcc/arm-none-eabi/4.7.3/../../../../arm-none-eabi/lib/armv7-m\libc_s.a(lib_a-lcltime.o)
                0x08007a08                localtime
 .text.localtime_r
                0x08007a30        0x6 c:/devz/arm/launchpad/bin/../lib/gcc/arm-none-eabi/4.7.3/../../../../arm-none-eabi/lib/armv7-m\libc_s.a(lib_a-lcltime_r.o)
                0x08007a30                localtime_r
 *fill*         0x08007a36        0x2 00
 .text.malloc   0x08007a38       0x10 c:/devz/arm/launchpad/bin/../lib/gcc/arm-none-eabi/4.7.3/../../../../arm-none-eabi/lib/armv7-m\libc_s.a(lib_a-malloc.o)
                0x08007a38                malloc
 .text._malloc_r
                0x08007a48       0x94 c:/devz/arm/launchpad/bin/../lib/gcc/arm-none-eabi/4.7.3/../../../../arm-none-eabi/lib/armv7-m\libc_s.a(lib_a-mallocr.o)
                0x08007a48                _malloc_r
 .text.memcpy   0x08007adc       0x12 c:/devz/arm/launchpad/bin/../lib/gcc/arm-none-eabi/4.7.3/../../../../arm-none-eabi/lib/armv7-m\libc_s.a(lib_a-memcpy.o)
                0x08007adc                memcpy
 *fill*         0x08007aee        0x2 00
 .text.validate_structure
                0x08007af0      0x190 c:/devz/arm/launchpad/bin/../lib/gcc/arm-none-eabi/4.7.3/../../../../arm-none-eabi/lib/armv7-m\libc_s.a(lib_a-mktime.o)
 .text.mktime   0x08007c80      0x1f0 c:/devz/arm/launchpad/bin/../lib/gcc/arm-none-eabi/4.7.3/../../../../arm-none-eabi/lib/armv7-m\libc_s.a(lib_a-mktime.o)
                0x08007c80                mktime
 .text.__tzcalc_limits
                0x08007e70      0x148 c:/devz/arm/launchpad/bin/../lib/gcc/arm-none-eabi/4.7.3/../../../../arm-none-eabi/lib/armv7-m\libc_s.a(lib_a-mktm_r.o)
                0x08007e70                __tzcalc_limits
 .text._mktm_r  0x08007fb8      0x28c c:/devz/arm/launchpad/bin/../lib/gcc/arm-none-eabi/4.7.3/../../../../arm-none-eabi/lib/armv7-m\libc_s.a(lib_a-mktm_r.o)
                0x08007fb8                _mktm_r
 .text.sprintf  0x08008244       0x48 c:/devz/arm/launchpad/bin/../lib/gcc/arm-none-eabi/4.7.3/../../../../arm-none-eabi/lib/armv7-m\libc_s.a(lib_a-sprintf.o)
                0x08008244                siprintf
                0x08008244                sprintf
 .text.__ssputc_r
                0x0800828c       0xae c:/devz/arm/launchpad/bin/../lib/gcc/arm-none-eabi/4.7.3/../../../../arm-none-eabi/lib/armv7-m\libc_s.a(lib_a-svfprintf.o)
                0x0800828c                __ssputc_r
 *fill*         0x0800833a        0x2 00
 .text._svfprintf_r
                0x0800833c      0x1f4 c:/devz/arm/launchpad/bin/../lib/gcc/arm-none-eabi/4.7.3/../../../../arm-none-eabi/lib/armv7-m\libc_s.a(lib_a-svfprintf.o)
                0x0800833c                _svfiprintf_r
                0x0800833c                _svfprintf_r
 .text.__tz_lock
                0x08008530        0x2 c:/devz/arm/launchpad/bin/../lib/gcc/arm-none-eabi/4.7.3/../../../../arm-none-eabi/lib/armv7-m\libc_s.a(lib_a-tzlock.o)
                0x08008530                __tz_lock
 .text.__tz_unlock
                0x08008532        0x2 c:/devz/arm/launchpad/bin/../lib/gcc/arm-none-eabi/4.7.3/../../../../arm-none-eabi/lib/armv7-m\libc_s.a(lib_a-tzlock.o)
                0x08008532                __tz_unlock
 .text._printf_common
                0x08008534       0xde c:/devz/arm/launchpad/bin/../lib/gcc/arm-none-eabi/4.7.3/../../../../arm-none-eabi/lib/armv7-m\libc_s.a(lib_a-vfprintf_i.o)
                0x08008534                _printf_common
 *fill*         0x08008612        0x2 00
 .text._printf_i
                0x08008614      0x248 c:/devz/arm/launchpad/bin/../lib/gcc/arm-none-eabi/4.7.3/../../../../arm-none-eabi/lib/armv7-m\libc_s.a(lib_a-vfprintf_i.o)
                0x08008614                _printf_i
 .text.div      0x0800885c       0x26 c:/devz/arm/launchpad/bin/../lib/gcc/arm-none-eabi/4.7.3/../../../../arm-none-eabi/lib/armv7-m\libc_s.a(lib_a-div.o)
                0x0800885c                div
 *fill*         0x08008882        0x2 00
 .text._free_r  0x08008884       0x88 c:/devz/arm/launchpad/bin/../lib/gcc/arm-none-eabi/4.7.3/../../../../arm-none-eabi/lib/armv7-m\libc_s.a(lib_a-freer.o)
                0x08008884                _free_r
 .text.__gettzinfo
                0x0800890c        0x8 c:/devz/arm/launchpad/bin/../lib/gcc/arm-none-eabi/4.7.3/../../../../arm-none-eabi/lib/armv7-m\libc_s.a(lib_a-gettzinfo.o)
                0x0800890c                __gettzinfo
 .text.memchr   0x08008914       0x1c c:/devz/arm/launchpad/bin/../lib/gcc/arm-none-eabi/4.7.3/../../../../arm-none-eabi/lib/armv7-m\libc_s.a(lib_a-memchr.o)
                0x08008914                memchr
 .text._realloc_r
                0x08008930       0x48 c:/devz/arm/launchpad/bin/../lib/gcc/arm-none-eabi/4.7.3/../../../../arm-none-eabi/lib/armv7-m\libc_s.a(lib_a-reallocr.o)
                0x08008930                _realloc_r
 .text.strlen   0x08008978       0x10 c:/devz/arm/launchpad/bin/../lib/gcc/arm-none-eabi/4.7.3/../../../../arm-none-eabi/lib/armv7-m\libc_s.a(lib_a-strlen.o)
                0x08008978                strlen
 .text._malloc_usable_size_r
                0x08008988       0x12 c:/devz/arm/launchpad/bin/../lib/gcc/arm-none-eabi/4.7.3/../../../../arm-none-eabi/lib/armv7-m\libc_s.a(lib_a-msizer.o)
                0x08008988                _malloc_usable_size_r
 *(.gnu.linkonce.t.*)
 *(.glue_7)
 .glue_7        0x00000000        0x0 linker stubs
 *(.glue_7t)
 .glue_7t       0x00000000        0x0 linker stubs
 *(.vfp11_veneer)
 .vfp11_veneer  0x00000000        0x0 linker stubs
 *(.janus_2cc_veneer)
 *(.v4_bx)
 .v4_bx         0x00000000        0x0 linker stubs
 *(.gcc_except_table)
 *(.rodata .rodata.*)
 .rodata.str1.1
                0x0800899a       0x5e src/gps_support.o
 .rodata.str1.1
                0x080089f8       0x12 src/cdc_support.o
 .rodata.str1.1
                0x08008a0a       0x13 src/msc_support.o
 .rodata.font_table_ank
                0x08008a1d      0xa11 lib/FONTX2/src/font_if_datatable.o
                0x08008a1d                font_table_ank
 .rodata.str1.1
                0x0800942e       0x53 lib/ff/ff.o
 .rodata.Virtual_Com_Port_StringVendor
                0x08009481       0x26 lib/USB_Functions/cdc/src/usb_cdc_desc.o
                0x08009481                Virtual_Com_Port_StringVendor
 .rodata.Virtual_Com_Port_DeviceDescriptor
                0x080094a7       0x12 lib/USB_Functions/cdc/src/usb_cdc_desc.o
                0x080094a7                Virtual_Com_Port_DeviceDescriptor
 .rodata.Virtual_Com_Port_StringLangID
                0x080094b9        0x4 lib/USB_Functions/cdc/src/usb_cdc_desc.o
                0x080094b9                Virtual_Com_Port_StringLangID
 .rodata.Virtual_Com_Port_StringProduct
                0x080094bd       0x32 lib/USB_Functions/cdc/src/usb_cdc_desc.o
                0x080094bd                Virtual_Com_Port_StringProduct
 .rodata.Virtual_Com_Port_ConfigDescriptor
                0x080094ef       0x43 lib/USB_Functions/cdc/src/usb_cdc_desc.o
                0x080094ef                Virtual_Com_Port_ConfigDescriptor
 .rodata.Mass_StringInterface
                0x08009532       0x10 lib/USB_Functions/msc/src/usb_msc_desc.o
                0x08009532                Mass_StringInterface
 .rodata.Mass_DeviceDescriptor
                0x08009542       0x12 lib/USB_Functions/msc/src/usb_msc_desc.o
                0x08009542                Mass_DeviceDescriptor
 .rodata.Mass_StringVendor
                0x08009554       0x26 lib/USB_Functions/msc/src/usb_msc_desc.o
                0x08009554                Mass_StringVendor
 .rodata.Mass_StringProduct
                0x0800957a       0x26 lib/USB_Functions/msc/src/usb_msc_desc.o
                0x0800957a                Mass_StringProduct
 .rodata.Mass_StringLangID
                0x080095a0        0x4 lib/USB_Functions/msc/src/usb_msc_desc.o
                0x080095a0                Mass_StringLangID
 .rodata.Mass_ConfigDescriptor
                0x080095a4       0x20 lib/USB_Functions/msc/src/usb_msc_desc.o
                0x080095a4                Mass_ConfigDescriptor
 .rodata.str1.1
                0x00000000       0x53 c:/devz/arm/launchpad/bin/../lib/gcc/arm-none-eabi/4.7.3/../../../../arm-none-eabi/lib/armv7-m\libc_s.a(lib_a-impure.o)
                                  0x2 (size before relaxing)
 .rodata._DAYS_BEFORE_MONTH
                0x080095c4       0x30 c:/devz/arm/launchpad/bin/../lib/gcc/arm-none-eabi/4.7.3/../../../../arm-none-eabi/lib/armv7-m\libc_s.a(lib_a-mktime.o)
 .rodata.DAYS_IN_MONTH
                0x080095f4       0x30 c:/devz/arm/launchpad/bin/../lib/gcc/arm-none-eabi/4.7.3/../../../../arm-none-eabi/lib/armv7-m\libc_s.a(lib_a-mktime.o)
 .rodata.mon_lengths
                0x08009624       0x60 c:/devz/arm/launchpad/bin/../lib/gcc/arm-none-eabi/4.7.3/../../../../arm-none-eabi/lib/armv7-m\libc_s.a(lib_a-mktm_r.o)
 .rodata.year_lengths
                0x08009684        0x8 c:/devz/arm/launchpad/bin/../lib/gcc/arm-none-eabi/4.7.3/../../../../arm-none-eabi/lib/armv7-m\libc_s.a(lib_a-mktm_r.o)
 .rodata.str1.1
                0x0800968c       0x11 c:/devz/arm/launchpad/bin/../lib/gcc/arm-none-eabi/4.7.3/../../../../arm-none-eabi/lib/armv7-m\libc_s.a(lib_a-svfprintf.o)
 .rodata.str1.1
                0x0800969d       0x22 c:/devz/arm/launchpad/bin/../lib/gcc/arm-none-eabi/4.7.3/../../../../arm-none-eabi/lib/armv7-m\libc_s.a(lib_a-vfprintf_i.o)
 *(.ioview .ioview.*)
 *(.gnu.linkonce.r.*)
 *(.ARM.extab* .gnu.linkonce.armextab.*)
                0x080096c0                . = ALIGN (0x4)
 *fill*         0x080096bf        0x1 00

.iplt           0x080096c0        0x0
 .iplt          0x00000000        0x0 src/main.o

.rel.dyn        0x080096c0        0x0
 .rel.iplt      0x00000000        0x0 src/main.o

.ctors          0x080096c0        0x0
                0x080096c0                PROVIDE (__ctors_start__, .)
 *(SORT(.ctors.*))
 *(.ctors)
                0x080096c0                . = ALIGN (0x4)
                0x080096c0                PROVIDE (__ctors_end__, .)
                0x080096c0                . = ALIGN (0x4)

.dtors          0x080096c0        0x0
                0x080096c0                PROVIDE (__dtors_start__, .)
 *(SORT(.dtors.*))
 *(.dtors)
                0x080096c0                . = ALIGN (0x4)
                0x080096c0                PROVIDE (__dtors_end__, .)
                0x080096c0                . = ALIGN (0x4)
                0x080096c0                . = ALIGN (0x4)

.eh_frame_hdr
 *(.eh_frame_hdr)

.eh_frame
 *(.eh_frame)
                0x080096c0                PROVIDE (__exidx_start, .)

.ARM.exidx
 *(.ARM.exidx* .gnu.linkonce.armexidx.*)
                0x080096c0                PROVIDE (__exidx_end, .)
                0x080096c0                . = ALIGN (0x4)
                0x080096c0                _etext = .
                0x080096c0                PROVIDE (etext, .)
                0x080096c0                _sidata = _etext

.data           0x20000000      0x26c load address 0x080096c0
                0x20000000                . = ALIGN (0x4)
                0x20000000                _sdata = .
                0x20000000                _data = .
 *(.data .data.*)
 .data.AHBPrescTable
                0x20000000       0x10 src/sysinit_primer2.o
                0x20000000                AHBPrescTable
 .data.SystemCoreClock
                0x20000010        0x4 src/sysinit_primer2.o
                0x20000010                SystemCoreClock
 .data.vbatbabyflag.8842
                0x20000014        0x4 src/power.o
 .data.BatState
                0x20000018        0x4 src/power.o
                0x20000018                BatState
 .data.pScrCol  0x2000001c        0x4 lib/display/abstract/src/display_if_support.o
                0x2000001c                pScrCol
 .data.ScrCol   0x20000020        0x4 lib/display/abstract/src/display_if_support.o
                0x20000020                ScrCol
 .data.TransferError
                0x20000024        0x1 lib/ff/sdio_stm32f1.o
                0x20000024                TransferError
 *fill*         0x20000025        0x3 00
 .data.DeviceMode
                0x20000028        0x4 lib/ff/sdio_stm32f1.o
 .data.Status   0x2000002c        0x1 lib/ff/diskio_sdio.o
                0x2000002c                Status
 *fill*         0x2000002d        0x3 00
 .data.pEpInt_OUT
                0x20000030       0x1c lib/USB_Functions/usb_istr.o
                0x20000030                pEpInt_OUT
 .data.pEpInt_IN
                0x2000004c       0x1c lib/USB_Functions/usb_istr.o
                0x2000004c                pEpInt_IN
 .data.User_Standard_Requests
                0x20000068       0x24 lib/USB_Functions/usb_prop.o
                0x20000068                User_Standard_Requests
 .data.Device_Property
                0x2000008c       0x30 lib/USB_Functions/usb_prop.o
                0x2000008c                Device_Property
 .data.Device_Table
                0x200000bc        0x2 lib/USB_Functions/usb_prop.o
                0x200000bc                Device_Table
 .data.Virtual_Com_Port_StringSerial
                0x200000be       0x1a lib/USB_Functions/cdc/src/usb_cdc_desc.o
                0x200000be                Virtual_Com_Port_StringSerial
 .data.CDC_Device_Descriptor
                0x200000d8        0x8 lib/USB_Functions/cdc/src/usb_cdc_prop.o
                0x200000d8                CDC_Device_Descriptor
 .data.CDC_String_Descriptor
                0x200000e0       0x20 lib/USB_Functions/cdc/src/usb_cdc_prop.o
                0x200000e0                CDC_String_Descriptor
 .data.CDC_Config_Descriptor
                0x20000100        0x8 lib/USB_Functions/cdc/src/usb_cdc_prop.o
                0x20000100                CDC_Config_Descriptor
 .data.linecoding
                0x20000108        0x8 lib/USB_Functions/cdc/src/usb_cdc_prop.o
                0x20000108                linecoding
 .data.Mode_Sense10_data
                0x20000110        0x8 lib/USB_Functions/msc/src/usb_msc_scsi_data.o
                0x20000110                Mode_Sense10_data
 .data.Scsi_Sense_Data
                0x20000118       0x12 lib/USB_Functions/msc/src/usb_msc_scsi_data.o
                0x20000118                Scsi_Sense_Data
 .data.Mode_Sense6_data
                0x2000012a        0x4 lib/USB_Functions/msc/src/usb_msc_scsi_data.o
                0x2000012a                Mode_Sense6_data
 .data.ReadFormatCapacity_Data
                0x2000012e        0xc lib/USB_Functions/msc/src/usb_msc_scsi_data.o
                0x2000012e                ReadFormatCapacity_Data
 .data.Standard_Inquiry_Data
                0x2000013a       0x24 lib/USB_Functions/msc/src/usb_msc_scsi_data.o
                0x2000013a                Standard_Inquiry_Data
 .data.Mass_StringSerial
                0x2000015e       0x1a lib/USB_Functions/msc/src/usb_msc_desc.o
                0x2000015e                Mass_StringSerial
 .data.MSC_Device_Descriptor
                0x20000178        0x8 lib/USB_Functions/msc/src/usb_msc_prop.o
                0x20000178                MSC_Device_Descriptor
 .data.MSC_String_Descriptor
                0x20000180       0x28 lib/USB_Functions/msc/src/usb_msc_prop.o
                0x20000180                MSC_String_Descriptor
 .data.MSC_Config_Descriptor
                0x200001a8        0x8 lib/USB_Functions/msc/src/usb_msc_prop.o
                0x200001a8                MSC_Config_Descriptor
 .data.ADCPrescTable
                0x200001b0        0x4 STM32F103VET6_lib.a(stm32f10x_rcc.o)
 .data.APBAHBPrescTable
                0x200001b4       0x10 STM32F103VET6_lib.a(stm32f10x_rcc.o)
 .data.impure_data
                0x200001c4       0x64 c:/devz/arm/launchpad/bin/../lib/gcc/arm-none-eabi/4.7.3/../../../../arm-none-eabi/lib/armv7-m\libc_s.a(lib_a-impure.o)
 .data._impure_ptr
                0x20000228        0x4 c:/devz/arm/launchpad/bin/../lib/gcc/arm-none-eabi/4.7.3/../../../../arm-none-eabi/lib/armv7-m\libc_s.a(lib_a-impure.o)
                0x20000228                _impure_ptr
 .data.tzinfo   0x2000022c       0x40 c:/devz/arm/launchpad/bin/../lib/gcc/arm-none-eabi/4.7.3/../../../../arm-none-eabi/lib/armv7-m\libc_s.a(lib_a-gettzinfo.o)
 *(.gnu.linkonce.d*)
                0x2000026c                . = ALIGN (0x4)
 *(.ramfunc*)
                0x2000026c                . = ALIGN (0x4)
 *(.RAMtext)
                0x2000026c                . = ALIGN (0x4)
                0x2000026c                _edata = .

.igot.plt       0x2000026c        0x0 load address 0x0800992c
 .igot.plt      0x00000000        0x0 src/main.o

.bss            0x20000270     0x146c load address 0x08009930
                0x20000270                . = ALIGN (0x4)
                0x20000270                _sbss = .
                0x20000270                __bss_start = .
                0x20000270                __bss_start__ = .
 *(.bss .bss.*)
 .bss.xTask     0x20000270        0x4 src/main.o
                0x20000270                xTask
 .bss.TaskStat  0x20000274        0x4 src/main.o
                0x20000274                TaskStat
 .bss.TimingDelay
                0x20000278        0x4 src/systick.o
                0x20000278                TimingDelay
 .bss.heap_ptr  0x2000027c        0x4 src/syscalls.o
 .bss.CmdKey    0x20000280        0x2 src/hw_config.o
                0x20000280                CmdKey
 *fill*         0x20000282        0x2 00
 .bss.vbatlow.8841
                0x20000284        0x4 src/power.o
 .bss.vbatcounts.8840
                0x20000288        0x4 src/power.o
 .bss.shutcounts.8835
                0x2000028c        0x4 src/power.o
 .bss.CurrentVbat.8843
                0x20000290        0x4 src/power.o
 .bss.VBat.8848
                0x20000294        0x2 src/power.o
 *fill*         0x20000296        0x2 00
 .bss.ADC_InitStructure
                0x20000298       0x14 src/adc_support.o
                0x20000298                ADC_InitStructure
 .bss.DMA_InitStructure
                0x200002ac       0x2c src/adc_support.o
                0x200002ac                DMA_InitStructure
 .bss.ADC_RegularConvertedValueTab
                0x200002d8       0x64 src/adc_support.o
                0x200002d8                ADC_RegularConvertedValueTab
 .bss.GPIO_InitStructure
                0x2000033c        0x4 src/adc_support.o
                0x2000033c                GPIO_InitStructure
 .bss.rtc       0x20000340       0x24 src/rtc_support.o
                0x20000340                rtc
 .bss.File1     0x20000364       0x28 src/gps_support.o
                0x20000364                File1
 .bss.Fatfs     0x2000038c      0x238 src/gps_support.o
                0x2000038c                Fatfs
 .bss.ff_rtc    0x200005c4        0x8 src/gps_support.o
                0x200005c4                ff_rtc
 .bss.ack_limit
                0x200005cc        0x4 src/gps_support.o
                0x200005cc                ack_limit
 .bss.Buff      0x200005d0      0x200 src/gps_support.o
                0x200005d0                Buff
 .bss.l_stat    0x200007d0        0x4 src/gps_support.o
                0x200007d0                l_stat
 .bss.USB_xMutex
                0x200007d4        0x1 src/cdc_support.o
                0x200007d4                USB_xMutex
 .bss.USART_Rx_Buffer
                0x200007d5      0x800 src/cdc_support.o
                0x200007d5                USART_Rx_Buffer
 .bss.USB_Tx_State
                0x20000fd5        0x1 src/cdc_support.o
                0x20000fd5                USB_Tx_State
 *fill*         0x20000fd6        0x2 00
 .bss.USART_Rx_ptr_in
                0x20000fd8        0x4 src/cdc_support.o
                0x20000fd8                USART_Rx_ptr_in
 .bss.USART_Rx_ptr_out
                0x20000fdc        0x4 src/cdc_support.o
                0x20000fdc                USART_Rx_ptr_out
 .bss.USART_Rx_length
                0x20000fe0        0x4 src/cdc_support.o
                0x20000fe0                USART_Rx_length
 .bss.pUSART_Buf
                0x20000fe4        0x4 src/uart_support_gps.o
 .bss.UART      0x20000fe8        0x4 src/uart_support_gps.o
 .bss.xUART_IRQ
                0x20000fec        0x4 src/uart_support_gps.o
                0x20000fec                xUART_IRQ
 .bss.USART2_Buf
                0x20000ff0      0x208 src/uart_support_gps.o
                0x20000ff0                USART2_Buf
 .bss.USART_InitStructure
                0x200011f8       0x10 src/uart_support_gps.o
                0x200011f8                USART_InitStructure
 .bss.xfunc_out
                0x20001208        0x4 src/xprintf.o
                0x20001208                xfunc_out
 .bss.xfunc_in  0x2000120c        0x4 src/xprintf.o
                0x2000120c                xfunc_in
 .bss.Mplus_Ank
                0x20001210        0x8 lib/FONTX2/src/font_if_datatable.o
                0x20001210                Mplus_Ank
 .bss.CurrentAnkDat
                0x20001218        0x4 lib/FONTX2/src/font_if.o
                0x20001218                CurrentAnkDat
 .bss.CurrentKanjiDat
                0x2000121c        0x4 lib/FONTX2/src/font_if.o
                0x2000121c                CurrentKanjiDat
 .bss.CurrVol   0x20001220        0x1 lib/ff/ff.o
 *fill*         0x20001221        0x1 00
 .bss.Fsid      0x20001222        0x2 lib/ff/ff.o
 .bss.FatFs     0x20001224        0x4 lib/ff/ff.o
 .bss.SDIO_DataInitStructure
                0x20001228       0x18 lib/ff/sdio_stm32f1.o
                0x20001228                SDIO_DataInitStructure
 .bss.CSD_Tab   0x20001240       0x10 lib/ff/sdio_stm32f1.o
 .bss.SDCardInfo
                0x20001250       0x58 lib/ff/sdio_stm32f1.o
                0x20001250                SDCardInfo
 .bss.NumberOfBytes
                0x200012a8        0x4 lib/ff/sdio_stm32f1.o
                0x200012a8                NumberOfBytes
 .bss.SDSTATUS_Tab
                0x200012ac       0x10 lib/ff/sdio_stm32f1.o
 .bss.CardType  0x200012bc        0x4 lib/ff/sdio_stm32f1.o
 .bss.CID_Tab   0x200012c0       0x10 lib/ff/sdio_stm32f1.o
 .bss.TransferEnd
                0x200012d0        0x4 lib/ff/sdio_stm32f1.o
                0x200012d0                TransferEnd
 .bss.DestBuffer
                0x200012d4        0x4 lib/ff/sdio_stm32f1.o
                0x200012d4                DestBuffer
 .bss.SDIO_InitStructure
                0x200012d8       0x18 lib/ff/sdio_stm32f1.o
                0x200012d8                SDIO_InitStructure
 .bss.SrcBuffer
                0x200012f0        0x4 lib/ff/sdio_stm32f1.o
                0x200012f0                SrcBuffer
 .bss.RCA       0x200012f4        0x4 lib/ff/sdio_stm32f1.o
 .bss.TotalNumberOfBytes
                0x200012f8        0x4 lib/ff/sdio_stm32f1.o
 .bss.SDIO_CmdInitStructure
                0x200012fc       0x14 lib/ff/sdio_stm32f1.o
                0x200012fc                SDIO_CmdInitStructure
 .bss.StopCondition
                0x20001310        0x4 lib/ff/sdio_stm32f1.o
 .bss.SDCardStatus
                0x20001314       0x10 lib/ff/diskio_sdio.o
                0x20001314                SDCardStatus
 .bss.bDeviceState
                0x20001324        0x4 lib/USB_Functions/usb_pwr.o
                0x20001324                bDeviceState
 .bss.xUSB_Istr
                0x20001328        0x4 lib/USB_Functions/usb_istr.o
                0x20001328                xUSB_Istr
 .bss.bIntPackSOF
                0x2000132c        0x1 lib/USB_Functions/usb_istr.o
                0x2000132c                bIntPackSOF
 *fill*         0x2000132d        0x1 00
 .bss.wIstr     0x2000132e        0x2 lib/USB_Functions/usb_istr.o
                0x2000132e                wIstr
 .bss.xEP2_OUT_Callback
                0x20001330        0x4 lib/USB_Functions/usb_conf.o
                0x20001330                xEP2_OUT_Callback
 .bss.xEP1_IN_Callback
                0x20001334        0x4 lib/USB_Functions/usb_conf.o
                0x20001334                xEP1_IN_Callback
 .bss.xEP3_OUT_Callback
                0x20001338        0x4 lib/USB_Functions/usb_conf.o
                0x20001338                xEP3_OUT_Callback
 .bss.xSOF_Callback
                0x2000133c        0x4 lib/USB_Functions/usb_conf.o
                0x2000133c                xSOF_Callback
 .bss.xGet_Interface_Setting
                0x20001340        0x4 lib/USB_Functions/usb_prop.o
                0x20001340                xGet_Interface_Setting
 .bss.xGetInterface
                0x20001344        0x4 lib/USB_Functions/usb_prop.o
                0x20001344                xGetInterface
 .bss.xReset    0x20001348        0x4 lib/USB_Functions/usb_prop.o
                0x20001348                xReset
 .bss.xGetStatus
                0x2000134c        0x4 lib/USB_Functions/usb_prop.o
                0x2000134c                xGetStatus
 .bss.xNoData_Setup
                0x20001350        0x4 lib/USB_Functions/usb_prop.o
                0x20001350                xNoData_Setup
 .bss.xGetConfiguration
                0x20001354        0x4 lib/USB_Functions/usb_prop.o
                0x20001354                xGetConfiguration
 .bss.xGetDeviceDescriptor
                0x20001358        0x4 lib/USB_Functions/usb_prop.o
                0x20001358                xGetDeviceDescriptor
 .bss.xGetConfigDescriptor
                0x2000135c        0x4 lib/USB_Functions/usb_prop.o
                0x2000135c                xGetConfigDescriptor
 .bss.xGetStringDescriptor
                0x20001360        0x4 lib/USB_Functions/usb_prop.o
                0x20001360                xGetStringDescriptor
 .bss.xData_Setup
                0x20001364        0x4 lib/USB_Functions/usb_prop.o
                0x20001364                xData_Setup
 .bss.xSetDeviceAddress
                0x20001368        0x4 lib/USB_Functions/usb_prop.o
                0x20001368                xSetDeviceAddress
 .bss.xSetDeviceFeature
                0x2000136c        0x4 lib/USB_Functions/usb_prop.o
                0x2000136c                xSetDeviceFeature
 .bss.xClearFeature
                0x20001370        0x4 lib/USB_Functions/usb_prop.o
                0x20001370                xClearFeature
 .bss.xSetConfiguration
                0x20001374        0x4 lib/USB_Functions/usb_prop.o
                0x20001374                xSetConfiguration
 .bss.xStatus_In
                0x20001378        0x4 lib/USB_Functions/usb_prop.o
                0x20001378                xStatus_In
 .bss.xSetEndPointFeature
                0x2000137c        0x4 lib/USB_Functions/usb_prop.o
                0x2000137c                xSetEndPointFeature
 .bss.xSetInterface
                0x20001380        0x4 lib/USB_Functions/usb_prop.o
                0x20001380                xSetInterface
 .bss.xinit     0x20001384        0x4 lib/USB_Functions/usb_prop.o
                0x20001384                xinit
 .bss.xStatus_Out
                0x20001388        0x4 lib/USB_Functions/usb_prop.o
                0x20001388                xStatus_Out
 .bss.Request   0x2000138c        0x1 lib/USB_Functions/cdc/src/usb_cdc_prop.o
                0x2000138c                Request
 .bss.USB_Rx_Buffer
                0x2000138d       0x40 lib/USB_Functions/cdc/src/usb_cdc_endp.o
                0x2000138d                USB_Rx_Buffer
 *fill*         0x200013cd        0x3 00
 .bss.FrameCount.8852
                0x200013d0        0x4 lib/USB_Functions/cdc/src/usb_cdc_endp.o
 .bss.Mass_Block_Size
                0x200013d4        0x8 lib/USB_Functions/msc/src/usb_msc_mass_mal.o
                0x200013d4                Mass_Block_Size
 .bss.Mass_Memory_Size
                0x200013dc        0x8 lib/USB_Functions/msc/src/usb_msc_mass_mal.o
                0x200013dc                Mass_Memory_Size
 .bss.Mass_Block_Count
                0x200013e4        0x8 lib/USB_Functions/msc/src/usb_msc_mass_mal.o
                0x200013e4                Mass_Block_Count
 .bss.Block_offset
                0x200013ec        0x4 lib/USB_Functions/msc/src/usb_msc_memory.o
                0x200013ec                Block_offset
 .bss.Block_Read_count
                0x200013f0        0x4 lib/USB_Functions/msc/src/usb_msc_memory.o
                0x200013f0                Block_Read_count
 .bss.Counter   0x200013f4        0x4 lib/USB_Functions/msc/src/usb_msc_memory.o
                0x200013f4                Counter
 .bss.W_Length.8935
                0x200013f8        0x4 lib/USB_Functions/msc/src/usb_msc_memory.o
 .bss.W_Offset.8934
                0x200013fc        0x4 lib/USB_Functions/msc/src/usb_msc_memory.o
 .bss.Data_Buffer
                0x20001400      0x200 lib/USB_Functions/msc/src/usb_msc_memory.o
                0x20001400                Data_Buffer
 .bss.Idx       0x20001600        0x4 lib/USB_Functions/msc/src/usb_msc_memory.o
                0x20001600                Idx
 .bss.Length.8928
                0x20001604        0x4 lib/USB_Functions/msc/src/usb_msc_memory.o
 .bss.Offset.8927
                0x20001608        0x4 lib/USB_Functions/msc/src/usb_msc_memory.o
 .bss.TransferState
                0x2000160c        0x1 lib/USB_Functions/msc/src/usb_msc_memory.o
                0x2000160c                TransferState
 .bss.ReadCapacity10_Data
                0x2000160d        0x8 lib/USB_Functions/msc/src/usb_msc_scsi_data.o
                0x2000160d                ReadCapacity10_Data
 .bss.Page00_Inquiry_Data
                0x20001615        0x5 lib/USB_Functions/msc/src/usb_msc_scsi_data.o
                0x20001615                Page00_Inquiry_Data
 .bss.Data_Len  0x2000161a        0x2 lib/USB_Functions/msc/src/usb_msc_bot.o
                0x2000161a                Data_Len
 .bss.CBW       0x2000161c       0x20 lib/USB_Functions/msc/src/usb_msc_bot.o
                0x2000161c                CBW
 .bss.Bot_State
                0x2000163c        0x1 lib/USB_Functions/msc/src/usb_msc_bot.o
                0x2000163c                Bot_State
 *fill*         0x2000163d        0x3 00
 .bss.SCSI_BlkLen
                0x20001640        0x4 lib/USB_Functions/msc/src/usb_msc_bot.o
                0x20001640                SCSI_BlkLen
 .bss.Bulk_Data_Buff
                0x20001644       0x40 lib/USB_Functions/msc/src/usb_msc_bot.o
                0x20001644                Bulk_Data_Buff
 .bss.SCSI_LBA  0x20001684        0x4 lib/USB_Functions/msc/src/usb_msc_bot.o
                0x20001684                SCSI_LBA
 .bss.CSW       0x20001688       0x10 lib/USB_Functions/msc/src/usb_msc_bot.o
                0x20001688                CSW
 .bss.Max_Lun   0x20001698        0x4 lib/USB_Functions/msc/src/usb_msc_prop.o
                0x20001698                Max_Lun
 .bss.Data_Mul_MaxPacketSize
                0x2000169c        0x1 STM32F103VET6_lib.a(usb_core.o)
                0x2000169c                Data_Mul_MaxPacketSize
 *fill*         0x2000169d        0x1 00
 .bss.StatusInfo
                0x2000169e        0x2 STM32F103VET6_lib.a(usb_core.o)
                0x2000169e                StatusInfo
 .bss.Device_Info
                0x200016a0       0x1c STM32F103VET6_lib.a(usb_init.o)
                0x200016a0                Device_Info
 .bss.EPindex   0x200016bc        0x1 STM32F103VET6_lib.a(usb_init.o)
                0x200016bc                EPindex
 *fill*         0x200016bd        0x3 00
 .bss.pInformation
                0x200016c0        0x4 STM32F103VET6_lib.a(usb_init.o)
                0x200016c0                pInformation
 .bss.pUser_Standard_Requests
                0x200016c4        0x4 STM32F103VET6_lib.a(usb_init.o)
                0x200016c4                pUser_Standard_Requests
 .bss.wInterrupt_Mask
                0x200016c8        0x2 STM32F103VET6_lib.a(usb_init.o)
                0x200016c8                wInterrupt_Mask
 *fill*         0x200016ca        0x2 00
 .bss.pProperty
                0x200016cc        0x4 STM32F103VET6_lib.a(usb_init.o)
                0x200016cc                pProperty
 .bss.SaveRState
                0x200016d0        0x2 STM32F103VET6_lib.a(usb_int.o)
                0x200016d0                SaveRState
 .bss.SaveTState
                0x200016d2        0x2 STM32F103VET6_lib.a(usb_int.o)
                0x200016d2                SaveTState
 .bss.__malloc_free_list
                0x200016d4        0x4 c:/devz/arm/launchpad/bin/../lib/gcc/arm-none-eabi/4.7.3/../../../../arm-none-eabi/lib/armv7-m\libc_s.a(lib_a-mallocr.o)
                0x200016d4                __malloc_free_list
 .bss._daylight
                0x200016d8        0x4 c:/devz/arm/launchpad/bin/../lib/gcc/arm-none-eabi/4.7.3/../../../../arm-none-eabi/lib/armv7-m\libc_s.a(lib_a-tzvars.o)
                0x200016d8                _daylight
 *(.gnu.linkonce.b*)
 *(COMMON)
                0x200016dc                . = ALIGN (0x4)
                0x200016dc                _ebss = .
                0x200016dc                __bss_end__ = _end
                0x200016dc                PROVIDE (__bss_end, _end)

.heap           0x200016dc        0x0
                0x200016dc                _end = .
                0x200016dc                end = _end
                0x200016dc                PROVIDE (_end, .)
                0x200016dc                PROVIDE (end, _end)
                0x200016dc                PROVIDE (_heap, .)
 *(.heap .heap.*)
 *(.HEAP)
                0x200016dc                . = ALIGN (0x4)
                0x200016dc                . = ALIGN (0x4)
                0x200016dc                __heap_end = .
                0x200016dc                PROVIDE (__heap_end, .)

.stack          0x200016dc        0x0
                0x200016dc                _stack_top = .
                0x200016dc                PROVIDE (_stack_top, .)
 *(.stack .stack.*)
 *(.STACK)
                0x200016dc                _stack = .
                0x200016dc                PROVIDE (_stack, .)
                0x200016e0                . = ALIGN (0x8)
                0x20010000                _stack_end = _estack
                0x20010000                PROVIDE (_stack_end, _estack)

.extram         0x68000000        0x0
                0x68000000                _extram = .
                0x68000000                extram = .
                0x68000000                PROVIDE (extram, .)
                0x68000000                PROVIDE (_extram, .)
 *(.extram .extram.*)
 *(.EXTRAM)
                0x68000000                . = ALIGN (0x4)

/DISCARD/
 libc.a(*)
 libm.a(*)
 libgcc.a(*)
 *(.note.GNU-stack)
 *(.gnu.lto*)

.stab
 *(.stab)

.stabstr
 *(.stabstr)

.stab.excl
 *(.stab.excl)

.stab.exclstr
 *(.stab.exclstr)

.stab.index
 *(.stab.index)

.stab.indexstr
 *(.stab.indexstr)

.comment        0x00000000       0x70
 *(.comment)
 .comment       0x00000000       0x70 src/main.o
                                 0x71 (size before relaxing)
 .comment       0x00000000       0x71 src/sysinit_primer2.o
 .comment       0x00000000       0x71 src/systick.o
 .comment       0x00000000       0x71 src/syscalls.o
 .comment       0x00000000       0x71 src/stm32f10x_it.o
 .comment       0x00000000       0x71 src/hw_config.o
 .comment       0x00000000       0x71 src/power.o
 .comment       0x00000000       0x71 src/adc_support.o
 .comment       0x00000000       0x71 src/rtc_support.o
 .comment       0x00000000       0x71 src/gps_support.o
 .comment       0x00000000       0x71 src/cdc_support.o
 .comment       0x00000000       0x71 src/msc_support.o
 .comment       0x00000000       0x71 src/uart_support_gps.o
 .comment       0x00000000       0x71 src/term_io.o
 .comment       0x00000000       0x71 src/xprintf.o
 .comment       0x00000000       0x71 lib/display/mcu_depend/src/display_if_basis.o
 .comment       0x00000000       0x71 lib/display/abstract/src/display_if_support.o
 .comment       0x00000000       0x71 lib/display/drivers/src/st7732.o
 .comment       0x00000000       0x71 lib/FONTX2/src/font_if_datatable.o
 .comment       0x00000000       0x71 lib/FONTX2/src/font_if.o
 .comment       0x00000000       0x71 lib/ff/ff.o
 .comment       0x00000000       0x71 lib/ff/sdio_stm32f1.o
 .comment       0x00000000       0x71 lib/ff/diskio_sdio.o
 .comment       0x00000000       0x71 lib/ff/ff_rtc_if.o
 .comment       0x00000000       0x71 lib/ff/option/unicode.o
 .comment       0x00000000       0x71 lib/USB_Functions/usb_pwr.o
 .comment       0x00000000       0x71 lib/USB_Functions/usb_istr.o
 .comment       0x00000000       0x71 lib/USB_Functions/usb_conf.o
 .comment       0x00000000       0x71 lib/USB_Functions/usb_prop.o
 .comment       0x00000000       0x71 lib/USB_Functions/cdc/src/usb_cdc_desc.o
 .comment       0x00000000       0x71 lib/USB_Functions/cdc/src/usb_cdc_prop.o
 .comment       0x00000000       0x71 lib/USB_Functions/cdc/src/usb_cdc_endp.o
 .comment       0x00000000       0x71 lib/USB_Functions/msc/src/usb_msc_mass_mal.o
 .comment       0x00000000       0x71 lib/USB_Functions/msc/src/usb_msc_memory.o
 .comment       0x00000000       0x71 lib/USB_Functions/msc/src/usb_msc_scsi_data.o
 .comment       0x00000000       0x71 lib/USB_Functions/msc/src/usb_msc_scsi.o
 .comment       0x00000000       0x71 lib/USB_Functions/msc/src/usb_msc_bot.o
 .comment       0x00000000       0x71 lib/USB_Functions/msc/src/usb_msc_desc.o
 .comment       0x00000000       0x71 lib/USB_Functions/msc/src/usb_msc_prop.o
 .comment       0x00000000       0x71 STM32F103VET6_lib.a(misc.o)
 .comment       0x00000000       0x71 STM32F103VET6_lib.a(stm32f10x_gpio.o)
 .comment       0x00000000       0x71 STM32F103VET6_lib.a(stm32f10x_fsmc.o)
 .comment       0x00000000       0x71 STM32F103VET6_lib.a(stm32f10x_rcc.o)
 .comment       0x00000000       0x71 STM32F103VET6_lib.a(stm32f10x_adc.o)
 .comment       0x00000000       0x71 STM32F103VET6_lib.a(stm32f10x_dma.o)
 .comment       0x00000000       0x71 STM32F103VET6_lib.a(stm32f10x_tim.o)
 .comment       0x00000000       0x71 STM32F103VET6_lib.a(stm32f10x_rtc.o)
 .comment       0x00000000       0x71 STM32F103VET6_lib.a(stm32f10x_sdio.o)
 .comment       0x00000000       0x71 STM32F103VET6_lib.a(stm32f10x_usart.o)