Archive member included because of file (symbol)

STM32F103VET6_lib.a(misc.o)   src/cdc_support.o (NVIC_PriorityGroupConfig)
STM32F103VET6_lib.a(stm32f10x_gpio.o)
                              src/hw_config.o (GPIO_Init)
STM32F103VET6_lib.a(stm32f10x_fsmc.o)
                              lib/display/mcu_depend/src/display_if_basis.o (FSMC_NORSRAMInit)
STM32F103VET6_lib.a(stm32f10x_rcc.o)
                              src/hw_config.o (RCC_PLLConfig)
STM32F103VET6_lib.a(stm32f10x_adc.o)
                              src/adc_support.o (ADC_Init)
STM32F103VET6_lib.a(stm32f10x_dma.o)
                              src/adc_support.o (DMA_DeInit)
STM32F103VET6_lib.a(stm32f10x_tim.o)
                              src/systick.o (TIM_TimeBaseInit)
STM32F103VET6_lib.a(stm32f10x_rtc.o)
                              src/rtc_support.o (RTC_ITConfig)
STM32F103VET6_lib.a(stm32f10x_sdio.o)
                              lib/ff/sdio_stm32f1.o (SDIO_DeInit)
STM32F103VET6_lib.a(stm32f10x_usart.o)
                              src/cdc_support.o (USART_Init)
STM32F103VET6_lib.a(stm32f10x_bkp.o)
                              src/rtc_support.o (BKP_DeInit)
STM32F103VET6_lib.a(stm32f10x_pwr.o)
                              src/rtc_support.o (PWR_BackupAccessCmd)
STM32F103VET6_lib.a(usb_core.o)
                              lib/USB_Functions/cdc/src/usb_cdc_prop.o (Standard_GetDescriptorData)
STM32F103VET6_lib.a(usb_init.o)
                              src/cdc_support.o (USB_Init)
STM32F103VET6_lib.a(usb_int.o)
                              lib/USB_Functions/usb_istr.o (CTR_LP)
STM32F103VET6_lib.a(usb_mem.o)
                              src/cdc_support.o (UserToPMABufferCopy)
STM32F103VET6_lib.a(usb_regs.o)
                              lib/USB_Functions/cdc/src/usb_cdc_prop.o (SetBTABLE)
STM32F103VET6_lib.a(usb_sil.o)
                              lib/USB_Functions/cdc/src/usb_cdc_prop.o (USB_SIL_Init)
STM32F103VET6_lib.a(startup_stm32f10x_hd.o)
                              (g_pfnVectors)
c:/devz/arm/bleeding-edge/bin/../lib/gcc/arm-none-eabi/4.7.3/armv7-m\libgcc.a(_arm_addsubdf3.o)
                              lib/display/abstract/src/display_if_support.o (__aeabi_dadd)
c:/devz/arm/bleeding-edge/bin/../lib/gcc/arm-none-eabi/4.7.3/armv7-m\libgcc.a(_arm_muldivdf3.o)
                              lib/display/abstract/src/display_if_support.o (__aeabi_dmul)
c:/devz/arm/bleeding-edge/bin/../lib/gcc/arm-none-eabi/4.7.3/armv7-m\libgcc.a(_arm_cmpdf2.o)
                              lib/display/abstract/src/display_if_support.o (__aeabi_dcmpeq)
c:/devz/arm/bleeding-edge/bin/../lib/gcc/arm-none-eabi/4.7.3/armv7-m\libgcc.a(_arm_fixdfsi.o)
                              lib/display/abstract/src/display_if_support.o (__aeabi_d2iz)
c:/devz/arm/bleeding-edge/bin/../lib/gcc/arm-none-eabi/4.7.3/../../../../arm-none-eabi/lib/armv7-m\libg.a(lib_a-errno.o)
                              src/syscalls.o (__errno)
c:/devz/arm/bleeding-edge/bin/../lib/gcc/arm-none-eabi/4.7.3/../../../../arm-none-eabi/lib/armv7-m\libg.a(lib_a-impure.o)
                              c:/devz/arm/bleeding-edge/bin/../lib/gcc/arm-none-eabi/4.7.3/../../../../arm-none-eabi/lib/armv7-m\libg.a(lib_a-errno.o) (_impure_ptr)
c:/devz/arm/bleeding-edge/bin/../lib/gcc/arm-none-eabi/4.7.3/../../../../arm-none-eabi/lib/armv7-m\libg.a(lib_a-lcltime.o)
                              src/rtc_support.o (localtime)
c:/devz/arm/bleeding-edge/bin/../lib/gcc/arm-none-eabi/4.7.3/../../../../arm-none-eabi/lib/armv7-m\libg.a(lib_a-lcltime_r.o)
                              c:/devz/arm/bleeding-edge/bin/../lib/gcc/arm-none-eabi/4.7.3/../../../../arm-none-eabi/lib/armv7-m\libg.a(lib_a-lcltime.o) (localtime_r)
c:/devz/arm/bleeding-edge/bin/../lib/gcc/arm-none-eabi/4.7.3/../../../../arm-none-eabi/lib/armv7-m\libg.a(lib_a-malloc.o)
                              c:/devz/arm/bleeding-edge/bin/../lib/gcc/arm-none-eabi/4.7.3/../../../../arm-none-eabi/lib/armv7-m\libg.a(lib_a-lcltime.o) (malloc)
c:/devz/arm/bleeding-edge/bin/../lib/gcc/arm-none-eabi/4.7.3/../../../../arm-none-eabi/lib/armv7-m\libg.a(lib_a-mallocr.o)
                              c:/devz/arm/bleeding-edge/bin/../lib/gcc/arm-none-eabi/4.7.3/../../../../arm-none-eabi/lib/armv7-m\libg.a(lib_a-malloc.o) (_malloc_r)
c:/devz/arm/bleeding-edge/bin/../lib/gcc/arm-none-eabi/4.7.3/../../../../arm-none-eabi/lib/armv7-m\libg.a(lib_a-memcpy-stub.o)
                              lib/ff/diskio_sdio.o (memcpy)
c:/devz/arm/bleeding-edge/bin/../lib/gcc/arm-none-eabi/4.7.3/../../../../arm-none-eabi/lib/armv7-m\libg.a(lib_a-memset.o)
                              src/uart_support_gps.o (memset)
c:/devz/arm/bleeding-edge/bin/../lib/gcc/arm-none-eabi/4.7.3/../../../../arm-none-eabi/lib/armv7-m\libg.a(lib_a-mktime.o)
                              src/rtc_support.o (mktime)
c:/devz/arm/bleeding-edge/bin/../lib/gcc/arm-none-eabi/4.7.3/../../../../arm-none-eabi/lib/armv7-m\libg.a(lib_a-mktm_r.o)
[...]
Memory Configuration

Name             Origin             Length             Attributes
RAM1             0x0000000020000000 0x0000000000010000 xrw
RAM5             0x0000000068000000 0x0000000000080000 xrw
ROM              0x0000000008000000 0x0000000000100000 xr
*default*        0x0000000000000000 0xffffffffffffffff

Linker script and memory map

LOAD c:/devz/arm/bleeding-edge/bin/../lib/gcc/arm-none-eabi/4.7.3/../../../../arm-none-eabi/lib/armv7-m\libm.a
LOAD src/main.o
LOAD src/sysinit_primer2.o
LOAD src/systick.o
LOAD src/syscalls.o
LOAD src/stm32f10x_it.o
LOAD src/hw_config.o
LOAD src/power.o
LOAD src/adc_support.o
LOAD src/rtc_support.o
LOAD src/gps_support.o
LOAD src/cdc_support.o
LOAD src/msc_support.o
LOAD src/uart_support_gps.o
LOAD src/xprintf.o
LOAD lib/display/mcu_depend/src/display_if_basis.o
LOAD lib/display/abstract/src/display_if_support.o
LOAD lib/display/drivers/src/st7732.o
LOAD lib/FONTX2/src/font_if_datatable.o
LOAD lib/FONTX2/src/font_if.o
LOAD lib/ff/ff.o
LOAD lib/ff/sdio_stm32f1.o
LOAD lib/ff/diskio_sdio.o
LOAD lib/ff/ff_rtc_if.o
LOAD lib/ff/option/unicode.o
LOAD lib/USB_Functions/usb_pwr.o
LOAD lib/USB_Functions/usb_istr.o
LOAD lib/USB_Functions/usb_conf.o
LOAD lib/USB_Functions/usb_prop.o
LOAD lib/USB_Functions/cdc/src/usb_cdc_desc.o
LOAD lib/USB_Functions/cdc/src/usb_cdc_prop.o
LOAD lib/USB_Functions/cdc/src/usb_cdc_endp.o
LOAD lib/USB_Functions/msc/src/usb_msc_mass_mal.o
LOAD lib/USB_Functions/msc/src/usb_msc_memory.o
LOAD lib/USB_Functions/msc/src/usb_msc_scsi_data.o
LOAD lib/USB_Functions/msc/src/usb_msc_scsi.o
LOAD lib/USB_Functions/msc/src/usb_msc_bot.o
LOAD lib/USB_Functions/msc/src/usb_msc_desc.o
LOAD lib/USB_Functions/msc/src/usb_msc_prop.o
LOAD STM32F103VET6_lib.a
START GROUP
LOAD c:/devz/arm/bleeding-edge/bin/../lib/gcc/arm-none-eabi/4.7.3/armv7-m\libgcc.a
LOAD c:/devz/arm/bleeding-edge/bin/../lib/gcc/arm-none-eabi/4.7.3/../../../../arm-none-eabi/lib/armv7-m\libg.a
LOAD c:/devz/arm/bleeding-edge/bin/../lib/gcc/arm-none-eabi/4.7.3/../../../../arm-none-eabi/lib/armv7-m\libc.a
END GROUP
                0x0000000020010000                _estack = (ORIGIN (RAM1) + 0x10000)

.text           0x0000000008000000     0x9f14
                0x0000000008000000                . = ALIGN (0x4)
 *(.isr_vector)
 .isr_vector    0x0000000008000000      0x1e4 STM32F103VET6_lib.a(startup_stm32f10x_hd.o)
                0x0000000008000000                g_pfnVectors
                0x00000000080001e4                . = ALIGN (0x4)
 *(.text .text.*)
 .text.startup.main
                0x00000000080001e4      0x13c src/main.o
                0x00000000080001e4                main
 .text.SystemInit
                0x0000000008000320       0xf4 src/sysinit_primer2.o
                0x0000000008000320                SystemInit
 .text.SystemCoreClockUpdate
                0x0000000008000414       0x70 src/sysinit_primer2.o
                0x0000000008000414                SystemCoreClockUpdate
 .text.SysTickInit
                0x0000000008000484       0x88 src/systick.o
                0x0000000008000484                SysTickInit
 .text._delay_ms
                0x000000000800050c       0x18 src/systick.o
                0x000000000800050c                _delay_ms
 .text._sbrk_r  0x0000000008000524       0x34 src/syscalls.o
                0x0000000008000524                _sbrk_r
 .text.NMI_Handler
                0x0000000008000558        0x2 src/stm32f10x_it.o
                0x0000000008000558                NMI_Handler
 .text.HardFault_Handler
                0x000000000800055a        0x2 src/stm32f10x_it.o
                0x000000000800055a                HardFault_Handler
 .text.MemManage_Handler
                0x000000000800055c        0x2 src/stm32f10x_it.o
                0x000000000800055c                MemManage_Handler
 .text.BusFault_Handler
                0x000000000800055e        0x2 src/stm32f10x_it.o
                0x000000000800055e                BusFault_Handler
 .text.UsageFault_Handler
                0x0000000008000560        0x2 src/stm32f10x_it.o
                0x0000000008000560                UsageFault_Handler
 .text.SVC_Handler
                0x0000000008000562        0x2 src/stm32f10x_it.o
                0x0000000008000562                SVC_Handler
 .text.DebugMon_Handler
                0x0000000008000564        0x2 src/stm32f10x_it.o
                0x0000000008000564                DebugMon_Handler
 .text.PendSV_Handler
                0x0000000008000566        0x2 src/stm32f10x_it.o
                0x0000000008000566                PendSV_Handler
 .text.SysTick_Handler
                0x0000000008000568       0x2c src/stm32f10x_it.o
                0x0000000008000568                SysTick_Handler
 .text.USB_HP_CAN1_TX_IRQHandler
                0x0000000008000594        0x4 src/stm32f10x_it.o
                0x0000000008000594                USB_HP_CAN1_TX_IRQHandler
 .text.USB_LP_CAN1_RX0_IRQHandler
                0x0000000008000598        0x4 src/stm32f10x_it.o
                0x0000000008000598                USB_LP_CAN1_RX0_IRQHandler
 .text.RTC_IRQHandler
                0x000000000800059c        0x2 src/stm32f10x_it.o
                0x000000000800059c                RTC_IRQHandler
 .text.IntToUnicode
                0x000000000800059e       0x2a src/hw_config.o
 .text.LED_Configuration
                0x00000000080005c8       0xb0 src/hw_config.o
                0x00000000080005c8                LED_Configuration
 .text.KEY_Configuration
                0x0000000008000678       0x54 src/hw_config.o
                0x0000000008000678                KEY_Configuration
 .text.NVIC_Configuration
                0x00000000080006cc        0xa src/hw_config.o
                0x00000000080006cc                NVIC_Configuration
 .text.Set_System
                0x00000000080006d6       0x22 src/hw_config.o
                0x00000000080006d6                Set_System
 .text.Set72    0x00000000080006f8       0x60 src/hw_config.o
                0x00000000080006f8                Set72
 .text.USB_Disconnect_Config
                0x0000000008000758       0x2c src/hw_config.o
                0x0000000008000758                USB_Disconnect_Config
 .text.Set_USBClock
                0x0000000008000784       0x16 src/hw_config.o
                0x0000000008000784                Set_USBClock
 *fill*         0x000000000800079a        0x2 
 .text.USB_Cable_Config
                0x000000000800079c       0x18 src/hw_config.o
                0x000000000800079c                USB_Cable_Config
 .text.Get_SerialNum
                0x00000000080007b4       0x38 src/hw_config.o
                0x00000000080007b4                Get_SerialNum
 .text.GetVbat  0x00000000080007ec       0x4c src/power.o
                0x00000000080007ec                GetVbat
 .text.PWR_Mgn  0x0000000008000838       0xd4 src/power.o
                0x0000000008000838                PWR_Mgn
 .text.PWR_Configuration
                0x000000000800090c       0x2c src/power.o
                0x000000000800090c                PWR_Configuration
 .text.ADC_DMA_Configuration
                0x0000000008000938      0x138 src/adc_support.o
                0x0000000008000938                ADC_DMA_Configuration
 .text.Time_ConvUnixToCalendar
                0x0000000008000a70       0x2a src/rtc_support.o
                0x0000000008000a70                Time_ConvUnixToCalendar
 .text.Time_GetCalendarTime
                0x0000000008000a9a       0x14 src/rtc_support.o
                0x0000000008000a9a                Time_GetCalendarTime
 .text.Time_SetUnixTime
                0x0000000008000aae       0x22 src/rtc_support.o
                0x0000000008000aae                Time_SetUnixTime
 .text.Time_SetCalendarTime
                0x0000000008000ad0       0x38 src/rtc_support.o
                0x0000000008000ad0                Time_SetCalendarTime
 .text.RTC_Configuration
                0x0000000008000b08       0xd8 src/rtc_support.o
                0x0000000008000b08                RTC_Configuration
 .text.get_line_GPS
                0x0000000008000be0       0x34 src/gps_support.o
 .text.gp_val   0x0000000008000c14       0x22 src/gps_support.o
 *fill*         0x0000000008000c36        0x2 
 .text.gp_comp.constprop.0
                0x0000000008000c38       0x18 src/gps_support.o
 .text.gp_col.constprop.1
                0x0000000008000c50       0x24 src/gps_support.o
 .text.xSend_MTKCmd
                0x0000000008000c74       0x60 src/gps_support.o
 .text.get_fattime
                0x0000000008000cd4       0x38 src/gps_support.o
                0x0000000008000cd4                get_fattime
 .text.ChkAckLimit
                0x0000000008000d0c       0x2c src/gps_support.o
                0x0000000008000d0c                ChkAckLimit
 .text.ShutFileClose
                0x0000000008000d38       0x1c src/gps_support.o
                0x0000000008000d38                ShutFileClose
 .text.gps_task
                0x0000000008000d54      0x2fc src/gps_support.o
                0x0000000008000d54                gps_task
 .text.USART_Config_Default
                0x0000000008001050       0x88 src/cdc_support.o
                0x0000000008001050                USART_Config_Default
 .text.USART_Config
                0x00000000080010d8       0xf4 src/cdc_support.o
                0x00000000080010d8                USART_Config
 .text.USB_To_USART_Send_Data
                0x00000000080011cc       0x2c src/cdc_support.o
                0x00000000080011cc                USB_To_USART_Send_Data
 .text.Handle_USBAsynchXfer
                0x00000000080011f8       0x9c src/cdc_support.o
                0x00000000080011f8                Handle_USBAsynchXfer
 .text.USART_To_USB_Send_Data
                0x0000000008001294       0x4c src/cdc_support.o
                0x0000000008001294                USART_To_USB_Send_Data
 .text.CDC_IRQ  0x00000000080012e0       0x2c src/cdc_support.o
                0x00000000080012e0                CDC_IRQ
 .text.cdc_task
                0x000000000800130c       0x94 src/cdc_support.o
                0x000000000800130c                cdc_task
 .text.msc_task
                0x00000000080013a0       0xa0 src/msc_support.o
                0x00000000080013a0                msc_task
 .text.conio_init
                0x0000000008001440       0xd4 src/uart_support_gps.o
                0x0000000008001440                conio_init
 .text.USART_TXBuffer_PutByte
                0x0000000008001514       0x4c src/uart_support_gps.o
                0x0000000008001514                USART_TXBuffer_PutByte
 .text.USART_RXBuffer_GetByte
                0x0000000008001560       0x1c src/uart_support_gps.o
                0x0000000008001560                USART_RXBuffer_GetByte
 .text.putch    0x000000000800157c       0x24 src/uart_support_gps.o
                0x000000000800157c                putch
 .text.getch    0x00000000080015a0       0x20 src/uart_support_gps.o
                0x00000000080015a0                getch
 .text.conio_IRQ
                0x00000000080015c0       0x98 src/uart_support_gps.o
                0x00000000080015c0                conio_IRQ
 .text.USART2_IRQHandler
                0x0000000008001658       0x10 src/uart_support_gps.o
                0x0000000008001658                USART2_IRQHandler
 .text.Flush_RXBuffer
                0x0000000008001668       0x24 src/uart_support_gps.o
                0x0000000008001668                Flush_RXBuffer
 .text.WaitTxBuffer
                0x000000000800168c       0x20 src/uart_support_gps.o
                0x000000000800168c                WaitTxBuffer
 .text.xputc    0x00000000080016ac       0x30 src/xprintf.o
                0x00000000080016ac                xputc
 .text.xputs    0x00000000080016dc       0x14 src/xprintf.o
                0x00000000080016dc                xputs
 .text.xvprintf
                0x00000000080016f0      0x1b8 src/xprintf.o
 .text.xprintf  0x00000000080018a8       0x18 src/xprintf.o
                0x00000000080018a8                xprintf
 .text.xsprintf
                0x00000000080018c0       0x2c src/xprintf.o
                0x00000000080018c0                xsprintf
 .text.Display_IoInit_If
                0x00000000080018ec       0xf8 lib/display/mcu_depend/src/display_if_basis.o
                0x00000000080018ec                Display_IoInit_If
 .text.SetPixel
                0x00000000080019e4        0xa lib/display/abstract/src/display_if_support.o
 *fill*         0x00000000080019ee        0x2 
 .text.putkanji_t
                0x00000000080019f0       0xc8 lib/display/abstract/src/display_if_support.o
 .text.putank_t.isra.0
                0x0000000008001ab8       0xc0 lib/display/abstract/src/display_if_support.o
 .text.putkanji
                0x0000000008001b78       0xb4 lib/display/abstract/src/display_if_support.o
                0x0000000008001b78                putkanji
 .text.putank   0x0000000008001c2c       0xac lib/display/abstract/src/display_if_support.o
                0x0000000008001c2c                putank
 .text.Display_Puts_If
                0x0000000008001cd8       0x98 lib/display/abstract/src/display_if_support.o
                0x0000000008001cd8                Display_Puts_If
 .text.ST7732_reset
                0x0000000008001d70       0x2c lib/display/drivers/src/st7732.o
                0x0000000008001d70                ST7732_reset
 .text.ST7732_wr_gram
                0x0000000008001d9c       0x14 lib/display/drivers/src/st7732.o
                0x0000000008001d9c                ST7732_wr_gram
 .text.ST7732_rect
                0x0000000008001db0       0x44 lib/display/drivers/src/st7732.o
                0x0000000008001db0                ST7732_rect
 .text.ST7732_clear
                0x0000000008001df4       0x34 lib/display/drivers/src/st7732.o
                0x0000000008001df4                ST7732_clear
 .text.ST7732_init
                0x0000000008001e28      0x17c lib/display/drivers/src/st7732.o
                0x0000000008001e28                ST7732_init
 .text.SearchKanjiBlock
                0x0000000008001fa4       0x34 lib/FONTX2/src/font_if.o
 .text.InitFont_Ank
                0x0000000008001fd8       0x22 lib/FONTX2/src/font_if.o
                0x0000000008001fd8                InitFont_Ank
 *fill*         0x0000000008001ffa        0x2 
 .text.ChangeCurrentAnk
                0x0000000008001ffc        0xc lib/FONTX2/src/font_if.o
                0x0000000008001ffc                ChangeCurrentAnk
 .text.GetPtr_Ank
                0x0000000008002008       0x18 lib/FONTX2/src/font_if.o
                0x0000000008002008                GetPtr_Ank
 .text.GetPtr_Kanji
                0x0000000008002020       0x3c lib/FONTX2/src/font_if.o
                0x0000000008002020                GetPtr_Kanji
 .text.mem_cpy  0x000000000800205c       0x2e lib/ff/ff.o
 .text.mem_set  0x000000000800208a        0xe lib/ff/ff.o
 .text.clmt_clust
                0x0000000008002098       0x22 lib/ff/ff.o
 .text.validate
                0x00000000080020ba       0x2a lib/ff/ff.o
 .text.sync_window
                0x00000000080020e4       0x4e lib/ff/ff.o
 *fill*         0x0000000008002132        0x2 
 .text.sync_fs  0x0000000008002134       0x70 lib/ff/ff.o
 .text.move_window
                0x00000000080021a4       0x2e lib/ff/ff.o
 *fill*         0x00000000080021d2        0x2 
 .text.check_fs
                0x00000000080021d4       0x4c lib/ff/ff.o
 .text.chk_mounted
                0x0000000008002220      0x218 lib/ff/ff.o
 .text.clust2sect
                0x0000000008002438       0x18 lib/ff/ff.o
                0x0000000008002438                clust2sect
 .text.get_fat  0x0000000008002450       0xa0 lib/ff/ff.o
                0x0000000008002450                get_fat
 .text.dir_sdi  0x00000000080024f0       0x84 lib/ff/ff.o
 .text.put_fat  0x0000000008002574       0xcc lib/ff/ff.o
                0x0000000008002574                put_fat
 .text.create_chain
                0x0000000008002640       0x9a lib/ff/ff.o
 .text.dir_next
                0x00000000080026da       0xf6 lib/ff/ff.o
 .text.follow_path
                0x00000000080027d0      0x258 lib/ff/ff.o
 .text.dir_alloc.constprop.9
                0x0000000008002a28       0x32 lib/ff/ff.o
 .text.dir_register
                0x0000000008002a5a       0x36 lib/ff/ff.o
 .text.remove_chain
                0x0000000008002a90       0x82 lib/ff/ff.o
 *fill*         0x0000000008002b12        0x2 
 .text.f_mount  0x0000000008002b14       0x20 lib/ff/ff.o
                0x0000000008002b14                f_mount
 .text.f_open   0x0000000008002b34      0x130 lib/ff/ff.o
                0x0000000008002b34                f_open
 .text.f_write  0x0000000008002c64      0x18e lib/ff/ff.o
                0x0000000008002c64                f_write
 .text.f_sync   0x0000000008002df2       0x5e lib/ff/ff.o
                0x0000000008002df2                f_sync
 .text.f_close  0x0000000008002e50        0xe lib/ff/ff.o
                0x0000000008002e50                f_close
 .text.f_lseek  0x0000000008002e5e      0x1ce lib/ff/ff.o
                0x0000000008002e5e                f_lseek
 .text.CmdResp2Error
                0x000000000800302c       0x38 lib/ff/sdio_stm32f1.o
 .text.IsCardProgramming
                0x0000000008003064      0x15c lib/ff/sdio_stm32f1.o
 .text.unlikely.SD_LowLevel_DMA_TxConfig
                0x00000000080031c0       0x64 lib/ff/sdio_stm32f1.o
 .text.unlikely.SD_LowLevel_DMA_RxConfig
                0x0000000008003224       0x64 lib/ff/sdio_stm32f1.o
 .text.CmdResp1Error
                0x0000000008003288       0xf4 lib/ff/sdio_stm32f1.o
 .text.SDEnWideBus
                0x000000000800337c      0x1f0 lib/ff/sdio_stm32f1.o
 .text.SD_PowerON
                0x000000000800356c      0x1ac lib/ff/sdio_stm32f1.o
                0x000000000800356c                SD_PowerON
 .text.SD_InitializeCards
                0x0000000008003718      0x164 lib/ff/sdio_stm32f1.o
                0x0000000008003718                SD_InitializeCards
 .text.SD_GetCardInfo
                0x000000000800387c      0x298 lib/ff/sdio_stm32f1.o
                0x000000000800387c                SD_GetCardInfo
 .text.SD_EnableWideBusOperation
                0x0000000008003b14       0x74 lib/ff/sdio_stm32f1.o
                0x0000000008003b14                SD_EnableWideBusOperation
 .text.SD_SetDeviceMode
                0x0000000008003b88       0x14 lib/ff/sdio_stm32f1.o
                0x0000000008003b88                SD_SetDeviceMode
 .text.SD_SelectDeselect
                0x0000000008003b9c       0x2c lib/ff/sdio_stm32f1.o
                0x0000000008003b9c                SD_SelectDeselect
 .text.SD_Init  0x0000000008003bc8       0xe4 lib/ff/sdio_stm32f1.o
                0x0000000008003bc8                SD_Init
 .text.SD_ReadBlock
                0x0000000008003cac      0x234 lib/ff/sdio_stm32f1.o
                0x0000000008003cac                SD_ReadBlock
 .text.SD_ReadMultiBlocks
                0x0000000008003ee0      0x290 lib/ff/sdio_stm32f1.o
                0x0000000008003ee0                SD_ReadMultiBlocks
 .text.SD_WriteBlock
                0x0000000008004170      0x2fc lib/ff/sdio_stm32f1.o
                0x0000000008004170                SD_WriteBlock
 .text.SD_WriteMultiBlocks
                0x000000000800446c      0x384 lib/ff/sdio_stm32f1.o
                0x000000000800446c                SD_WriteMultiBlocks
 .text.SD_StopTransfer
                0x00000000080047f0       0x2c lib/ff/sdio_stm32f1.o
                0x00000000080047f0                SD_StopTransfer
 .text.SD_SendSDStatus
                0x000000000800481c      0x168 lib/ff/sdio_stm32f1.o
                0x000000000800481c                SD_SendSDStatus
 .text.SD_ProcessIRQSrc
                0x0000000008004984      0x1ec lib/ff/sdio_stm32f1.o
                0x0000000008004984                SD_ProcessIRQSrc
 .text.SDIO_IRQHandler
                0x0000000008004b70        0x4 lib/ff/sdio_stm32f1.o
                0x0000000008004b70                SDIO_IRQHandler
 .text.SD_GetCardStatus
                0x0000000008004b74       0x84 lib/ff/sdio_stm32f1.o
                0x0000000008004b74                SD_GetCardStatus
 .text.disk_initialize
                0x0000000008004bf8       0x20 lib/ff/diskio_sdio.o
                0x0000000008004bf8                disk_initialize
 .text.disk_status
                0x0000000008004c18       0x24 lib/ff/diskio_sdio.o
                0x0000000008004c18                disk_status
 .text.disk_read
                0x0000000008004c3c       0x34 lib/ff/diskio_sdio.o
                0x0000000008004c3c                disk_read
 .text.disk_write
                0x0000000008004c70       0x34 lib/ff/diskio_sdio.o
                0x0000000008004c70                disk_write
 .text.disk_ioctl
                0x0000000008004ca4       0x84 lib/ff/diskio_sdio.o
                0x0000000008004ca4                disk_ioctl
 .text.rtc_gettime
                0x0000000008004d28       0x44 lib/ff/ff_rtc_if.o
                0x0000000008004d28                rtc_gettime
 .text.PowerOn  0x0000000008004d6c       0x30 lib/USB_Functions/usb_pwr.o
                0x0000000008004d6c                PowerOn
 .text.USB_Istr
                0x0000000008004d9c       0x10 lib/USB_Functions/usb_istr.o
                0x0000000008004d9c                USB_Istr
 .text.CDC_USB_Istr
                0x0000000008004dac       0x7c lib/USB_Functions/usb_istr.o
                0x0000000008004dac                CDC_USB_Istr
 .text.MSC_USB_Istr
                0x0000000008004e28       0x54 lib/USB_Functions/usb_istr.o
                0x0000000008004e28                MSC_USB_Istr
 .text.EP1_IN_Callback
                0x0000000008004e7c       0x10 lib/USB_Functions/usb_conf.o
                0x0000000008004e7c                EP1_IN_Callback
 .text.EP3_OUT_Callback
                0x0000000008004e8c       0x10 lib/USB_Functions/usb_conf.o
                0x0000000008004e8c                EP3_OUT_Callback
 .text.EP2_OUT_Callback
                0x0000000008004e9c       0x10 lib/USB_Functions/usb_conf.o
                0x0000000008004e9c                EP2_OUT_Callback
 .text.SOF_Callback
                0x0000000008004eac       0x10 lib/USB_Functions/usb_conf.o
                0x0000000008004eac                SOF_Callback
 .text.nxinit   0x0000000008004ebc       0x10 lib/USB_Functions/usb_prop.o
                0x0000000008004ebc                nxinit
 .text.nxReset  0x0000000008004ecc       0x10 lib/USB_Functions/usb_prop.o
                0x0000000008004ecc                nxReset
 .text.nxStatus_In
                0x0000000008004edc       0x10 lib/USB_Functions/usb_prop.o
                0x0000000008004edc                nxStatus_In
 .text.nxStatus_Out
                0x0000000008004eec       0x10 lib/USB_Functions/usb_prop.o
                0x0000000008004eec                nxStatus_Out
 .text.nxData_Setup
                0x0000000008004efc       0x10 lib/USB_Functions/usb_prop.o
                0x0000000008004efc                nxData_Setup
 .text.nxNoData_Setup
                0x0000000008004f0c       0x10 lib/USB_Functions/usb_prop.o
                0x0000000008004f0c                nxNoData_Setup
 .text.nxGet_Interface_Setting
                0x0000000008004f1c       0x10 lib/USB_Functions/usb_prop.o
                0x0000000008004f1c                nxGet_Interface_Setting
 .text.nxGetDeviceDescriptor
                0x0000000008004f2c       0x10 lib/USB_Functions/usb_prop.o
                0x0000000008004f2c                nxGetDeviceDescriptor
 .text.nxGetConfigDescriptor
                0x0000000008004f3c       0x10 lib/USB_Functions/usb_prop.o
                0x0000000008004f3c                nxGetConfigDescriptor
 .text.nxGetStringDescriptor
                0x0000000008004f4c       0x10 lib/USB_Functions/usb_prop.o
                0x0000000008004f4c                nxGetStringDescriptor
 .text.nxGetConfiguration
                0x0000000008004f5c       0x10 lib/USB_Functions/usb_prop.o
                0x0000000008004f5c                nxGetConfiguration
 .text.nxSetConfiguration
                0x0000000008004f6c       0x10 lib/USB_Functions/usb_prop.o
                0x0000000008004f6c                nxSetConfiguration
 .text.nxGetInterface
                0x0000000008004f7c       0x10 lib/USB_Functions/usb_prop.o
                0x0000000008004f7c                nxGetInterface
 .text.nxSetInterface
                0x0000000008004f8c       0x10 lib/USB_Functions/usb_prop.o
                0x0000000008004f8c                nxSetInterface
 .text.nxGetStatus
                0x0000000008004f9c       0x10 lib/USB_Functions/usb_prop.o
                0x0000000008004f9c                nxGetStatus
 .text.nxClearFeature
                0x0000000008004fac       0x10 lib/USB_Functions/usb_prop.o
                0x0000000008004fac                nxClearFeature
 .text.nxSetEndPointFeature
                0x0000000008004fbc       0x10 lib/USB_Functions/usb_prop.o
                0x0000000008004fbc                nxSetEndPointFeature
 .text.nxSetDeviceFeature
                0x0000000008004fcc       0x10 lib/USB_Functions/usb_prop.o
                0x0000000008004fcc                nxSetDeviceFeature
 .text.nxSetDeviceAddress
                0x0000000008004fdc       0x10 lib/USB_Functions/usb_prop.o
                0x0000000008004fdc                nxSetDeviceAddress
 .text.Virtual_Com_Port_SetConfiguration
                0x0000000008004fec       0x18 lib/USB_Functions/cdc/src/usb_cdc_prop.o
                0x0000000008004fec                Virtual_Com_Port_SetConfiguration
 .text.Virtual_Com_Port_SetDeviceAddress
                0x0000000008005004        0xc lib/USB_Functions/cdc/src/usb_cdc_prop.o
                0x0000000008005004                Virtual_Com_Port_SetDeviceAddress
 .text.Virtual_Com_Port_Status_Out
                0x0000000008005010        0x2 lib/USB_Functions/cdc/src/usb_cdc_prop.o
                0x0000000008005010                Virtual_Com_Port_Status_Out
 *fill*         0x0000000008005012        0x2 
 .text.Virtual_Com_Port_Data_Setup
                0x0000000008005014       0x5c lib/USB_Functions/cdc/src/usb_cdc_prop.o
                0x0000000008005014                Virtual_Com_Port_Data_Setup
 .text.Virtual_Com_Port_NoData_Setup
                0x0000000008005070       0x24 lib/USB_Functions/cdc/src/usb_cdc_prop.o
                0x0000000008005070                Virtual_Com_Port_NoData_Setup
 .text.Virtual_Com_Port_Get_Interface_Setting
                0x0000000008005094        0xe lib/USB_Functions/cdc/src/usb_cdc_prop.o
                0x0000000008005094                Virtual_Com_Port_Get_Interface_Setting
 *fill*         0x00000000080050a2        0x2 
 .text.Virtual_Com_Port_GetLineCoding
                0x00000000080050a4       0x18 lib/USB_Functions/cdc/src/usb_cdc_prop.o
                0x00000000080050a4                Virtual_Com_Port_GetLineCoding
 .text.Virtual_Com_Port_SetLineCoding
                0x00000000080050bc       0x18 lib/USB_Functions/cdc/src/usb_cdc_prop.o
                0x00000000080050bc                Virtual_Com_Port_SetLineCoding
 .text.Virtual_Com_Port_GetStringDescriptor
                0x00000000080050d4       0x20 lib/USB_Functions/cdc/src/usb_cdc_prop.o
                0x00000000080050d4                Virtual_Com_Port_GetStringDescriptor
 .text.Virtual_Com_Port_GetConfigDescriptor
                0x00000000080050f4        0xc lib/USB_Functions/cdc/src/usb_cdc_prop.o
                0x00000000080050f4                Virtual_Com_Port_GetConfigDescriptor
 .text.Virtual_Com_Port_GetDeviceDescriptor
                0x0000000008005100        0xc lib/USB_Functions/cdc/src/usb_cdc_prop.o
                0x0000000008005100                Virtual_Com_Port_GetDeviceDescriptor
 .text.Virtual_Com_Port_Status_In
                0x000000000800510c       0x18 lib/USB_Functions/cdc/src/usb_cdc_prop.o
                0x000000000800510c                Virtual_Com_Port_Status_In
 .text.Virtual_Com_Port_Reset
                0x0000000008005124      0x100 lib/USB_Functions/cdc/src/usb_cdc_prop.o
                0x0000000008005124                Virtual_Com_Port_Reset
 .text.Virtual_Com_Port_init
                0x0000000008005224       0x34 lib/USB_Functions/cdc/src/usb_cdc_prop.o
                0x0000000008005224                Virtual_Com_Port_init
 .text.CDC_SetStructure
                0x0000000008005258       0xf4 lib/USB_Functions/cdc/src/usb_cdc_prop.o
                0x0000000008005258                CDC_SetStructure
 .text.CDC_EP1_IN_Callback
                0x000000000800534c       0xc0 lib/USB_Functions/cdc/src/usb_cdc_endp.o
                0x000000000800534c                CDC_EP1_IN_Callback
 .text.CDC_EP3_OUT_Callback
                0x000000000800540c       0x5c lib/USB_Functions/cdc/src/usb_cdc_endp.o
                0x000000000800540c                CDC_EP3_OUT_Callback
 .text.CDC_SOF_Callback
                0x0000000008005468       0x28 lib/USB_Functions/cdc/src/usb_cdc_endp.o
                0x0000000008005468                CDC_SOF_Callback
 .text.MAL_Init
                0x0000000008005490       0x1c lib/USB_Functions/msc/src/usb_msc_mass_mal.o
                0x0000000008005490                MAL_Init
 .text.MAL_Write
                0x00000000080054ac       0x28 lib/USB_Functions/msc/src/usb_msc_mass_mal.o
                0x00000000080054ac                MAL_Write
 .text.MAL_Read
                0x00000000080054d4       0x28 lib/USB_Functions/msc/src/usb_msc_mass_mal.o
                0x00000000080054d4                MAL_Read
 .text.MAL_GetStatus
                0x00000000080054fc       0xcc lib/USB_Functions/msc/src/usb_msc_mass_mal.o
                0x00000000080054fc                MAL_GetStatus
 .text.Read_Memory
                0x00000000080055c8       0xf8 lib/USB_Functions/msc/src/usb_msc_memory.o
                0x00000000080055c8                Read_Memory
 .text.Write_Memory
                0x00000000080056c0      0x100 lib/USB_Functions/msc/src/usb_msc_memory.o
                0x00000000080056c0                Write_Memory
 .text.SCSI_Inquiry_Cmd
                0x00000000080057c0       0x28 lib/USB_Functions/msc/src/usb_msc_scsi.o
                0x00000000080057c0                SCSI_Inquiry_Cmd
 .text.SCSI_ReadFormatCapacity_Cmd
                0x00000000080057e8       0x68 lib/USB_Functions/msc/src/usb_msc_scsi.o
                0x00000000080057e8                SCSI_ReadFormatCapacity_Cmd
 .text.SCSI_ReadCapacity10_Cmd
                0x0000000008005850       0x6c lib/USB_Functions/msc/src/usb_msc_scsi.o
                0x0000000008005850                SCSI_ReadCapacity10_Cmd
 .text.SCSI_ModeSense6_Cmd
                0x00000000080058bc        0xc lib/USB_Functions/msc/src/usb_msc_scsi.o
                0x00000000080058bc                SCSI_ModeSense6_Cmd
 .text.SCSI_ModeSense10_Cmd
                0x00000000080058c8        0xc lib/USB_Functions/msc/src/usb_msc_scsi.o
                0x00000000080058c8                SCSI_ModeSense10_Cmd
 .text.SCSI_RequestSense_Cmd
                0x00000000080058d4       0x18 lib/USB_Functions/msc/src/usb_msc_scsi.o
                0x00000000080058d4                SCSI_RequestSense_Cmd
 .text.Set_Scsi_Sense_Data
                0x00000000080058ec        0xc lib/USB_Functions/msc/src/usb_msc_scsi.o
                0x00000000080058ec                Set_Scsi_Sense_Data
 .text.SCSI_Start_Stop_Unit_Cmd
                0x00000000080058f8        0x8 lib/USB_Functions/msc/src/usb_msc_scsi.o
                0x00000000080058f8                SCSI_Start_Stop_Unit_Cmd
 .text.SCSI_Verify10_Cmd
                0x0000000008005900       0x3c lib/USB_Functions/msc/src/usb_msc_scsi.o
                0x0000000008005900                SCSI_Verify10_Cmd
 .text.SCSI_TestUnitReady_Cmd
                0x000000000800593c       0x34 lib/USB_Functions/msc/src/usb_msc_scsi.o
                0x000000000800593c                SCSI_TestUnitReady_Cmd
 .text.SCSI_Format_Cmd
                0x0000000008005970       0x2c lib/USB_Functions/msc/src/usb_msc_scsi.o
                0x0000000008005970                SCSI_Format_Cmd
 .text.SCSI_Invalid_Cmd
                0x000000000800599c       0x38 lib/USB_Functions/msc/src/usb_msc_scsi.o
                0x000000000800599c                SCSI_Invalid_Cmd
 .text.SCSI_Address_Management
                0x00000000080059d4       0x70 lib/USB_Functions/msc/src/usb_msc_scsi.o
                0x00000000080059d4                SCSI_Address_Management
 .text.SCSI_Write10_Cmd
                0x0000000008005a44       0x70 lib/USB_Functions/msc/src/usb_msc_scsi.o
                0x0000000008005a44                SCSI_Write10_Cmd
 .text.SCSI_Read10_Cmd
                0x0000000008005ab4       0x70 lib/USB_Functions/msc/src/usb_msc_scsi.o
                0x0000000008005ab4                SCSI_Read10_Cmd
 .text.Bot_Abort.part.1
                0x0000000008005b24       0x18 lib/USB_Functions/msc/src/usb_msc_bot.o
 .text.Transfer_Data_Request
                0x0000000008005b3c       0x34 lib/USB_Functions/msc/src/usb_msc_bot.o
                0x0000000008005b3c                Transfer_Data_Request
 .text.Set_CSW  0x0000000008005b70       0x3c lib/USB_Functions/msc/src/usb_msc_bot.o
                0x0000000008005b70                Set_CSW
 .text.Mass_Storage_In
                0x0000000008005bac       0x5c lib/USB_Functions/msc/src/usb_msc_bot.o
                0x0000000008005bac                Mass_Storage_In
 .text.CBW_Decode
                0x0000000008005c08      0x1d0 lib/USB_Functions/msc/src/usb_msc_bot.o
                0x0000000008005c08                CBW_Decode
 .text.Bot_Abort
                0x0000000008005dd8       0x22 lib/USB_Functions/msc/src/usb_msc_bot.o
                0x0000000008005dd8                Bot_Abort
 *fill*         0x0000000008005dfa        0x2 
 .text.Mass_Storage_Out
                0x0000000008005dfc       0xb8 lib/USB_Functions/msc/src/usb_msc_bot.o
                0x0000000008005dfc                Mass_Storage_Out
 .text.Mass_SetDeviceAddress
                0x0000000008005eb4        0xc lib/USB_Functions/msc/src/usb_msc_prop.o
                0x0000000008005eb4                Mass_SetDeviceAddress
 .text.Mass_Status_In
                0x0000000008005ec0        0x2 lib/USB_Functions/msc/src/usb_msc_prop.o
                0x0000000008005ec0                Mass_Status_In
 .text.Mass_Status_Out
                0x0000000008005ec2        0x2 lib/USB_Functions/msc/src/usb_msc_prop.o
                0x0000000008005ec2                Mass_Status_Out
 .text.Mass_Get_Interface_Setting
                0x0000000008005ec4        0xc lib/USB_Functions/msc/src/usb_msc_prop.o
                0x0000000008005ec4                Mass_Get_Interface_Setting
 .text.Get_Max_Lun
                0x0000000008005ed0       0x18 lib/USB_Functions/msc/src/usb_msc_prop.o
                0x0000000008005ed0                Get_Max_Lun
 .text.Mass_GetStringDescriptor
                0x0000000008005ee8       0x20 lib/USB_Functions/msc/src/usb_msc_prop.o
                0x0000000008005ee8                Mass_GetStringDescriptor
 .text.Mass_GetConfigDescriptor
                0x0000000008005f08        0xc lib/USB_Functions/msc/src/usb_msc_prop.o
                0x0000000008005f08                Mass_GetConfigDescriptor
 .text.Mass_GetDeviceDescriptor
                0x0000000008005f14        0xc lib/USB_Functions/msc/src/usb_msc_prop.o
                0x0000000008005f14                Mass_GetDeviceDescriptor
 .text.Mass_ClearFeature
                0x0000000008005f20       0x1c lib/USB_Functions/msc/src/usb_msc_prop.o
                0x0000000008005f20                Mass_ClearFeature
 .text.Mass_Reset
                0x0000000008005f3c      0x104 lib/USB_Functions/msc/src/usb_msc_prop.o
                0x0000000008005f3c                Mass_Reset
 .text.Mass_init
                0x0000000008006040       0x30 lib/USB_Functions/msc/src/usb_msc_prop.o
                0x0000000008006040                Mass_init
 .text.Mass_NoData_Setup
                0x0000000008006070       0x4c lib/USB_Functions/msc/src/usb_msc_prop.o
                0x0000000008006070                Mass_NoData_Setup
 .text.Mass_SetConfiguration
                0x00000000080060bc       0x30 lib/USB_Functions/msc/src/usb_msc_prop.o
                0x00000000080060bc                Mass_SetConfiguration
 .text.Mass_Data_Setup
                0x00000000080060ec       0x38 lib/USB_Functions/msc/src/usb_msc_prop.o
                0x00000000080060ec                Mass_Data_Setup
 .text.MSC_SetStructure
                0x0000000008006124       0xf8 lib/USB_Functions/msc/src/usb_msc_prop.o
                0x0000000008006124                MSC_SetStructure
 .text.NVIC_PriorityGroupConfig
                0x000000000800621c       0x14 STM32F103VET6_lib.a(misc.o)
                0x000000000800621c                NVIC_PriorityGroupConfig
 .text.NVIC_Init
                0x0000000008006230       0x68 STM32F103VET6_lib.a(misc.o)
                0x0000000008006230                NVIC_Init
 .text.NVIC_SetVectorTable
                0x0000000008006298       0x14 STM32F103VET6_lib.a(misc.o)
                0x0000000008006298                NVIC_SetVectorTable
 .text.SysTick_CLKSourceConfig
                0x00000000080062ac       0x18 STM32F103VET6_lib.a(misc.o)
                0x00000000080062ac                SysTick_CLKSourceConfig
 .text.GPIO_Init
                0x00000000080062c4       0x98 STM32F103VET6_lib.a(stm32f10x_gpio.o)
                0x00000000080062c4                GPIO_Init
 .text.GPIO_ReadInputDataBit
                0x000000000800635c        0xc STM32F103VET6_lib.a(stm32f10x_gpio.o)
                0x000000000800635c                GPIO_ReadInputDataBit
 .text.GPIO_SetBits
                0x0000000008006368        0x4 STM32F103VET6_lib.a(stm32f10x_gpio.o)
                0x0000000008006368                GPIO_SetBits
 .text.GPIO_ResetBits
                0x000000000800636c        0x4 STM32F103VET6_lib.a(stm32f10x_gpio.o)
                0x000000000800636c                GPIO_ResetBits
 .text.FSMC_NORSRAMInit
                0x0000000008006370       0xbc STM32F103VET6_lib.a(stm32f10x_fsmc.o)
                0x0000000008006370                FSMC_NORSRAMInit
 .text.FSMC_NORSRAMCmd
                0x000000000800642c       0x24 STM32F103VET6_lib.a(stm32f10x_fsmc.o)
                0x000000000800642c                FSMC_NORSRAMCmd
 .text.RCC_PLLConfig
                0x0000000008006450       0x14 STM32F103VET6_lib.a(stm32f10x_rcc.o)
                0x0000000008006450                RCC_PLLConfig
 .text.RCC_PLLCmd
                0x0000000008006464        0xc STM32F103VET6_lib.a(stm32f10x_rcc.o)
                0x0000000008006464                RCC_PLLCmd
 .text.RCC_SYSCLKConfig
                0x0000000008006470       0x14 STM32F103VET6_lib.a(stm32f10x_rcc.o)
                0x0000000008006470                RCC_SYSCLKConfig
 .text.RCC_GetSYSCLKSource
                0x0000000008006484       0x10 STM32F103VET6_lib.a(stm32f10x_rcc.o)
                0x0000000008006484                RCC_GetSYSCLKSource
 .text.RCC_USBCLKConfig
                0x0000000008006494        0xc STM32F103VET6_lib.a(stm32f10x_rcc.o)
                0x0000000008006494                RCC_USBCLKConfig
 .text.RCC_LSEConfig
                0x00000000080064a0       0x20 STM32F103VET6_lib.a(stm32f10x_rcc.o)
                0x00000000080064a0                RCC_LSEConfig
 .text.RCC_RTCCLKConfig
                0x00000000080064c0       0x10 STM32F103VET6_lib.a(stm32f10x_rcc.o)
                0x00000000080064c0                RCC_RTCCLKConfig
 .text.RCC_RTCCLKCmd
                0x00000000080064d0        0xc STM32F103VET6_lib.a(stm32f10x_rcc.o)
                0x00000000080064d0                RCC_RTCCLKCmd
 .text.RCC_GetClocksFreq
                0x00000000080064dc       0x9c STM32F103VET6_lib.a(stm32f10x_rcc.o)
                0x00000000080064dc                RCC_GetClocksFreq
 .text.RCC_AHBPeriphClockCmd
                0x0000000008006578       0x18 STM32F103VET6_lib.a(stm32f10x_rcc.o)
                0x0000000008006578                RCC_AHBPeriphClockCmd
 .text.RCC_APB2PeriphClockCmd
                0x0000000008006590       0x18 STM32F103VET6_lib.a(stm32f10x_rcc.o)
                0x0000000008006590                RCC_APB2PeriphClockCmd
 .text.RCC_APB1PeriphClockCmd
                0x00000000080065a8       0x18 STM32F103VET6_lib.a(stm32f10x_rcc.o)
                0x00000000080065a8                RCC_APB1PeriphClockCmd
 .text.RCC_BackupResetCmd
                0x00000000080065c0        0xc STM32F103VET6_lib.a(stm32f10x_rcc.o)
                0x00000000080065c0                RCC_BackupResetCmd
 .text.RCC_GetFlagStatus
                0x00000000080065cc       0x28 STM32F103VET6_lib.a(stm32f10x_rcc.o)
                0x00000000080065cc                RCC_GetFlagStatus
 .text.ADC_Init
                0x00000000080065f4       0x48 STM32F103VET6_lib.a(stm32f10x_adc.o)
                0x00000000080065f4                ADC_Init
 .text.ADC_Cmd  0x000000000800663c       0x12 STM32F103VET6_lib.a(stm32f10x_adc.o)
                0x000000000800663c                ADC_Cmd
 .text.ADC_DMACmd
                0x000000000800664e       0x12 STM32F103VET6_lib.a(stm32f10x_adc.o)
                0x000000000800664e                ADC_DMACmd
 .text.ADC_ResetCalibration
                0x0000000008006660        0xa STM32F103VET6_lib.a(stm32f10x_adc.o)
                0x0000000008006660                ADC_ResetCalibration
 .text.ADC_GetResetCalibrationStatus
                0x000000000800666a        0x8 STM32F103VET6_lib.a(stm32f10x_adc.o)
                0x000000000800666a                ADC_GetResetCalibrationStatus
 .text.ADC_StartCalibration
                0x0000000008006672        0xa STM32F103VET6_lib.a(stm32f10x_adc.o)
                0x0000000008006672                ADC_StartCalibration
 .text.ADC_GetCalibrationStatus
                0x000000000800667c        0x8 STM32F103VET6_lib.a(stm32f10x_adc.o)
                0x000000000800667c                ADC_GetCalibrationStatus
 .text.ADC_SoftwareStartConvCmd
                0x0000000008006684       0x12 STM32F103VET6_lib.a(stm32f10x_adc.o)
                0x0000000008006684                ADC_SoftwareStartConvCmd
 .text.ADC_RegularChannelConfig
                0x0000000008006696       0x9a STM32F103VET6_lib.a(stm32f10x_adc.o)
                0x0000000008006696                ADC_RegularChannelConfig
 .text.ADC_ExternalTrigConvCmd
                0x0000000008006730       0x12 STM32F103VET6_lib.a(stm32f10x_adc.o)
                0x0000000008006730                ADC_ExternalTrigConvCmd
 *fill*         0x0000000008006742        0x2 
 .text.ADC_TempSensorVrefintCmd
                0x0000000008006744       0x18 STM32F103VET6_lib.a(stm32f10x_adc.o)
                0x0000000008006744                ADC_TempSensorVrefintCmd
 .text.DMA_DeInit
                0x000000000800675c       0xf0 STM32F103VET6_lib.a(stm32f10x_dma.o)
                0x000000000800675c                DMA_DeInit
 .text.DMA_Init
                0x000000000800684c       0x40 STM32F103VET6_lib.a(stm32f10x_dma.o)
                0x000000000800684c                DMA_Init
 .text.DMA_Cmd  0x000000000800688c       0x16 STM32F103VET6_lib.a(stm32f10x_dma.o)
                0x000000000800688c                DMA_Cmd
 *fill*         0x00000000080068a2        0x2 
 .text.DMA_GetFlagStatus
                0x00000000080068a4       0x1c STM32F103VET6_lib.a(stm32f10x_dma.o)
                0x00000000080068a4                DMA_GetFlagStatus
 .text.DMA_ClearFlag
                0x00000000080068c0       0x14 STM32F103VET6_lib.a(stm32f10x_dma.o)
                0x00000000080068c0                DMA_ClearFlag
 .text.TIM_TimeBaseInit
                0x00000000080068d4       0x94 STM32F103VET6_lib.a(stm32f10x_tim.o)
                0x00000000080068d4                TIM_TimeBaseInit
 .text.TIM_TimeBaseStructInit
                0x0000000008006968       0x12 STM32F103VET6_lib.a(stm32f10x_tim.o)
                0x0000000008006968                TIM_TimeBaseStructInit
 .text.TIM_Cmd  0x000000000800697a       0x18 STM32F103VET6_lib.a(stm32f10x_tim.o)
                0x000000000800697a                TIM_Cmd
 *fill*         0x0000000008006992        0x2 
 .text.RTC_ITConfig
                0x0000000008006994       0x18 STM32F103VET6_lib.a(stm32f10x_rtc.o)
                0x0000000008006994                RTC_ITConfig
 .text.RTC_EnterConfigMode
                0x00000000080069ac       0x14 STM32F103VET6_lib.a(stm32f10x_rtc.o)
                0x00000000080069ac                RTC_EnterConfigMode
 .text.RTC_ExitConfigMode
                0x00000000080069c0       0x14 STM32F103VET6_lib.a(stm32f10x_rtc.o)
                0x00000000080069c0                RTC_ExitConfigMode
 .text.RTC_GetCounter
                0x00000000080069d4       0x28 STM32F103VET6_lib.a(stm32f10x_rtc.o)
                0x00000000080069d4                RTC_GetCounter
 .text.RTC_SetCounter
                0x00000000080069fc       0x20 STM32F103VET6_lib.a(stm32f10x_rtc.o)
                0x00000000080069fc                RTC_SetCounter
 .text.RTC_SetPrescaler
                0x0000000008006a1c       0x20 STM32F103VET6_lib.a(stm32f10x_rtc.o)
                0x0000000008006a1c                RTC_SetPrescaler
 .text.RTC_WaitForLastTask
                0x0000000008006a3c       0x14 STM32F103VET6_lib.a(stm32f10x_rtc.o)
                0x0000000008006a3c                RTC_WaitForLastTask
 .text.RTC_WaitForSynchro
                0x0000000008006a50       0x24 STM32F103VET6_lib.a(stm32f10x_rtc.o)
                0x0000000008006a50                RTC_WaitForSynchro
 .text.SDIO_DeInit
                0x0000000008006a74       0x24 STM32F103VET6_lib.a(stm32f10x_sdio.o)
                0x0000000008006a74                SDIO_DeInit
 .text.SDIO_Init
                0x0000000008006a98       0x30 STM32F103VET6_lib.a(stm32f10x_sdio.o)
                0x0000000008006a98                SDIO_Init
 .text.SDIO_ClockCmd
                0x0000000008006ac8        0xc STM32F103VET6_lib.a(stm32f10x_sdio.o)
                0x0000000008006ac8                SDIO_ClockCmd
 .text.SDIO_SetPowerState
                0x0000000008006ad4        0xc STM32F103VET6_lib.a(stm32f10x_sdio.o)
                0x0000000008006ad4                SDIO_SetPowerState
 .text.SDIO_GetPowerState
                0x0000000008006ae0       0x10 STM32F103VET6_lib.a(stm32f10x_sdio.o)
                0x0000000008006ae0                SDIO_GetPowerState
 .text.SDIO_ITConfig
                0x0000000008006af0       0x18 STM32F103VET6_lib.a(stm32f10x_sdio.o)
                0x0000000008006af0                SDIO_ITConfig
 .text.SDIO_DMACmd
                0x0000000008006b08        0xc STM32F103VET6_lib.a(stm32f10x_sdio.o)
                0x0000000008006b08                SDIO_DMACmd
 .text.SDIO_SendCommand
                0x0000000008006b14       0x2c STM32F103VET6_lib.a(stm32f10x_sdio.o)
                0x0000000008006b14                SDIO_SendCommand
 .text.SDIO_GetCommandResponse
                0x0000000008006b40        0xc STM32F103VET6_lib.a(stm32f10x_sdio.o)
                0x0000000008006b40                SDIO_GetCommandResponse
 .text.SDIO_GetResponse
                0x0000000008006b4c       0x18 STM32F103VET6_lib.a(stm32f10x_sdio.o)
                0x0000000008006b4c                SDIO_GetResponse
 .text.SDIO_DataConfig
                0x0000000008006b64       0x2c STM32F103VET6_lib.a(stm32f10x_sdio.o)
                0x0000000008006b64                SDIO_DataConfig
 .text.SDIO_ReadData
                0x0000000008006b90        0xc STM32F103VET6_lib.a(stm32f10x_sdio.o)
                0x0000000008006b90                SDIO_ReadData
 .text.SDIO_WriteData
                0x0000000008006b9c        0xc STM32F103VET6_lib.a(stm32f10x_sdio.o)
                0x0000000008006b9c                SDIO_WriteData
 .text.SDIO_GetFlagStatus
                0x0000000008006ba8       0x14 STM32F103VET6_lib.a(stm32f10x_sdio.o)
                0x0000000008006ba8                SDIO_GetFlagStatus
 .text.SDIO_ClearFlag
                0x0000000008006bbc        0xc STM32F103VET6_lib.a(stm32f10x_sdio.o)
                0x0000000008006bbc                SDIO_ClearFlag
 .text.SDIO_GetITStatus
                0x0000000008006bc8       0x14 STM32F103VET6_lib.a(stm32f10x_sdio.o)
                0x0000000008006bc8                SDIO_GetITStatus
 .text.SDIO_ClearITPendingBit
                0x0000000008006bdc        0xc STM32F103VET6_lib.a(stm32f10x_sdio.o)
                0x0000000008006bdc                SDIO_ClearITPendingBit
 .text.USART_Init
                0x0000000008006be8       0xb0 STM32F103VET6_lib.a(stm32f10x_usart.o)
                0x0000000008006be8                USART_Init
 .text.USART_StructInit
                0x0000000008006c98       0x16 STM32F103VET6_lib.a(stm32f10x_usart.o)
                0x0000000008006c98                USART_StructInit
 .text.USART_Cmd
                0x0000000008006cae       0x18 STM32F103VET6_lib.a(stm32f10x_usart.o)
                0x0000000008006cae                USART_Cmd
 .text.USART_ITConfig
                0x0000000008006cc6       0x34 STM32F103VET6_lib.a(stm32f10x_usart.o)
                0x0000000008006cc6                USART_ITConfig
 .text.USART_SendData
                0x0000000008006cfa        0x8 STM32F103VET6_lib.a(stm32f10x_usart.o)
                0x0000000008006cfa                USART_SendData
 .text.USART_ReceiveData
                0x0000000008006d02        0x8 STM32F103VET6_lib.a(stm32f10x_usart.o)
                0x0000000008006d02                USART_ReceiveData
 .text.USART_GetFlagStatus
                0x0000000008006d0a        0xc STM32F103VET6_lib.a(stm32f10x_usart.o)
                0x0000000008006d0a                USART_GetFlagStatus
 .text.USART_GetITStatus
                0x0000000008006d16       0x40 STM32F103VET6_lib.a(stm32f10x_usart.o)
                0x0000000008006d16                USART_GetITStatus
 .text.BKP_DeInit
                0x0000000008006d56       0x12 STM32F103VET6_lib.a(stm32f10x_bkp.o)
                0x0000000008006d56                BKP_DeInit
 .text.BKP_WriteBackupRegister
                0x0000000008006d68       0x1c STM32F103VET6_lib.a(stm32f10x_bkp.o)
                0x0000000008006d68                BKP_WriteBackupRegister
 .text.BKP_ReadBackupRegister
                0x0000000008006d84       0x20 STM32F103VET6_lib.a(stm32f10x_bkp.o)
                0x0000000008006d84                BKP_ReadBackupRegister
 .text.PWR_BackupAccessCmd
                0x0000000008006da4        0xc STM32F103VET6_lib.a(stm32f10x_pwr.o)
                0x0000000008006da4                PWR_BackupAccessCmd
 .text.Standard_GetConfiguration
                0x0000000008006db0       0x24 STM32F103VET6_lib.a(usb_core.o)
                0x0000000008006db0                Standard_GetConfiguration
 .text.Standard_GetInterface
                0x0000000008006dd4       0x24 STM32F103VET6_lib.a(usb_core.o)
                0x0000000008006dd4                Standard_GetInterface
 .text.Standard_GetStatus
                0x0000000008006df8       0x9c STM32F103VET6_lib.a(usb_core.o)
                0x0000000008006df8                Standard_GetStatus
 .text.DataStageIn
                0x0000000008006e94       0xa0 STM32F103VET6_lib.a(usb_core.o)
 .text.Standard_SetConfiguration
                0x0000000008006f34       0x38 STM32F103VET6_lib.a(usb_core.o)
                0x0000000008006f34                Standard_SetConfiguration
 .text.Standard_SetInterface
                0x0000000008006f6c       0x48 STM32F103VET6_lib.a(usb_core.o)
                0x0000000008006f6c                Standard_SetInterface
 .text.Standard_ClearFeature
                0x0000000008006fb4       0xdc STM32F103VET6_lib.a(usb_core.o)
                0x0000000008006fb4                Standard_ClearFeature
 .text.Standard_SetEndPointFeature
                0x0000000008007090       0x8c STM32F103VET6_lib.a(usb_core.o)
                0x0000000008007090                Standard_SetEndPointFeature
 .text.Standard_SetDeviceFeature
                0x000000000800711c       0x24 STM32F103VET6_lib.a(usb_core.o)
                0x000000000800711c                Standard_SetDeviceFeature
 .text.Standard_GetDescriptorData
                0x0000000008007140       0x1c STM32F103VET6_lib.a(usb_core.o)
                0x0000000008007140                Standard_GetDescriptorData
 .text.Post0_Process
                0x000000000800715c       0x40 STM32F103VET6_lib.a(usb_core.o)
                0x000000000800715c                Post0_Process
 .text.Out0_Process
                0x000000000800719c       0xd4 STM32F103VET6_lib.a(usb_core.o)
                0x000000000800719c                Out0_Process
 .text.Setup0_Process
                0x0000000008007270      0x2f8 STM32F103VET6_lib.a(usb_core.o)
                0x0000000008007270                Setup0_Process
 .text.SetDeviceAddress
                0x0000000008007568       0x40 STM32F103VET6_lib.a(usb_core.o)
                0x0000000008007568                SetDeviceAddress
 .text.In0_Process
                0x00000000080075a8       0x60 STM32F103VET6_lib.a(usb_core.o)
                0x00000000080075a8                In0_Process
 .text.NOP_Process
                0x0000000008007608        0x2 STM32F103VET6_lib.a(usb_core.o)
                0x0000000008007608                NOP_Process
 *fill*         0x000000000800760a        0x2 
 .text.USB_Init
                0x000000000800760c       0x38 STM32F103VET6_lib.a(usb_init.o)
                0x000000000800760c                USB_Init
 .text.CTR_LP   0x0000000008007644      0x190 STM32F103VET6_lib.a(usb_int.o)
                0x0000000008007644                CTR_LP
 .text.CTR_HP   0x00000000080077d4       0x74 STM32F103VET6_lib.a(usb_int.o)
                0x00000000080077d4                CTR_HP
 .text.UserToPMABufferCopy
                0x0000000008007848       0x2e STM32F103VET6_lib.a(usb_mem.o)
                0x0000000008007848                UserToPMABufferCopy
 .text.PMAToUserBufferCopy
                0x0000000008007876       0x24 STM32F103VET6_lib.a(usb_mem.o)
                0x0000000008007876                PMAToUserBufferCopy
 *fill*         0x000000000800789a        0x2 
 .text.SetBTABLE
                0x000000000800789c       0x10 STM32F103VET6_lib.a(usb_regs.o)
                0x000000000800789c                SetBTABLE
 .text.GetENDPOINT
                0x00000000080078ac       0x10 STM32F103VET6_lib.a(usb_regs.o)
                0x00000000080078ac                GetENDPOINT
 .text.SetEPType
                0x00000000080078bc       0x18 STM32F103VET6_lib.a(usb_regs.o)
                0x00000000080078bc                SetEPType
 .text.SetEPTxStatus
                0x00000000080078d4       0x3a STM32F103VET6_lib.a(usb_regs.o)
                0x00000000080078d4                SetEPTxStatus
 .text.SetEPRxStatus
                0x000000000800790e       0x3a STM32F103VET6_lib.a(usb_regs.o)
                0x000000000800790e                SetEPRxStatus
 .text.SetEPTxValid
                0x0000000008007948       0x22 STM32F103VET6_lib.a(usb_regs.o)
                0x0000000008007948                SetEPTxValid
 .text.SetEPRxValid
                0x000000000800796a       0x22 STM32F103VET6_lib.a(usb_regs.o)
                0x000000000800796a                SetEPRxValid
 .text.Clear_Status_Out
                0x000000000800798c       0x1e STM32F103VET6_lib.a(usb_regs.o)
                0x000000000800798c                Clear_Status_Out
 .text.SetEPDoubleBuff
                0x00000000080079aa       0x1e STM32F103VET6_lib.a(usb_regs.o)
                0x00000000080079aa                SetEPDoubleBuff
 .text.ToggleDTOG_TX
                0x00000000080079c8       0x1e STM32F103VET6_lib.a(usb_regs.o)
                0x00000000080079c8                ToggleDTOG_TX
 .text.ClearDTOG_RX
                0x00000000080079e6       0x24 STM32F103VET6_lib.a(usb_regs.o)
                0x00000000080079e6                ClearDTOG_RX
 .text.ClearDTOG_TX
                0x0000000008007a0a       0x24 STM32F103VET6_lib.a(usb_regs.o)
                0x0000000008007a0a                ClearDTOG_TX
 *fill*         0x0000000008007a2e        0x2 
 .text.SetEPTxAddr
                0x0000000008007a30       0x20 STM32F103VET6_lib.a(usb_regs.o)
                0x0000000008007a30                SetEPTxAddr
 .text.SetEPRxAddr
                0x0000000008007a50       0x20 STM32F103VET6_lib.a(usb_regs.o)
                0x0000000008007a50                SetEPRxAddr
 .text.GetEPTxAddr
                0x0000000008007a70       0x1c STM32F103VET6_lib.a(usb_regs.o)
                0x0000000008007a70                GetEPTxAddr
 .text.GetEPRxAddr
                0x0000000008007a8c       0x1c STM32F103VET6_lib.a(usb_regs.o)
                0x0000000008007a8c                GetEPRxAddr
 .text.SetEPTxCount
                0x0000000008007aa8       0x1c STM32F103VET6_lib.a(usb_regs.o)
                0x0000000008007aa8                SetEPTxCount
 .text.SetEPRxCount
                0x0000000008007ac4       0x3c STM32F103VET6_lib.a(usb_regs.o)
                0x0000000008007ac4                SetEPRxCount
 .text.SetEPDblBuffAddr
                0x0000000008007b00       0x38 STM32F103VET6_lib.a(usb_regs.o)
                0x0000000008007b00                SetEPDblBuffAddr
 .text.SetEPDblBuffCount
                0x0000000008007b38       0xa4 STM32F103VET6_lib.a(usb_regs.o)
                0x0000000008007b38                SetEPDblBuffCount
 .text.GetEPDblBuf0Count
                0x0000000008007bdc       0x20 STM32F103VET6_lib.a(usb_regs.o)
                0x0000000008007bdc                GetEPDblBuf0Count
 .text.GetEPDblBuf1Count
                0x0000000008007bfc       0x20 STM32F103VET6_lib.a(usb_regs.o)
                0x0000000008007bfc                GetEPDblBuf1Count
 .text.FreeUserBuffer
                0x0000000008007c1c       0x42 STM32F103VET6_lib.a(usb_regs.o)
                0x0000000008007c1c                FreeUserBuffer
 .text.ByteSwap
                0x0000000008007c5e        0xa STM32F103VET6_lib.a(usb_regs.o)
                0x0000000008007c5e                ByteSwap
 .text.USB_SIL_Init
                0x0000000008007c68       0x20 STM32F103VET6_lib.a(usb_sil.o)
                0x0000000008007c68                USB_SIL_Init
 .text.USB_SIL_Write
                0x0000000008007c88       0x28 STM32F103VET6_lib.a(usb_sil.o)
                0x0000000008007c88                USB_SIL_Write
 .text.Reset_Handler
                0x0000000008007cb0       0x4c STM32F103VET6_lib.a(startup_stm32f10x_hd.o)
                0x0000000008007cb0                Reset_Handler
 .text.Default_Handler
                0x0000000008007cfc        0x4 STM32F103VET6_lib.a(startup_stm32f10x_hd.o)
                0x0000000008007cfc                EXTI2_IRQHandler
                0x0000000008007cfc                TIM8_TRG_COM_IRQHandler
                0x0000000008007cfc                TIM8_CC_IRQHandler
                0x0000000008007cfc                TIM1_CC_IRQHandler
                0x0000000008007cfc                TIM6_IRQHandler
                0x0000000008007cfc                PVD_IRQHandler
                0x0000000008007cfc                EXTI3_IRQHandler
                0x0000000008007cfc                EXTI0_IRQHandler
                0x0000000008007cfc                I2C2_EV_IRQHandler
                0x0000000008007cfc                ADC1_2_IRQHandler
                0x0000000008007cfc                SPI1_IRQHandler
                0x0000000008007cfc                TAMPER_IRQHandler
                0x0000000008007cfc                TIM8_UP_IRQHandler
                0x0000000008007cfc                DMA2_Channel2_IRQHandler
                0x0000000008007cfc                DMA1_Channel4_IRQHandler
                0x0000000008007cfc                USART3_IRQHandler
                0x0000000008007cfc                DMA1_Channel7_IRQHandler
                0x0000000008007cfc                CAN1_RX1_IRQHandler
                0x0000000008007cfc                UART5_IRQHandler
                0x0000000008007cfc                ADC3_IRQHandler
                0x0000000008007cfc                TIM4_IRQHandler
                0x0000000008007cfc                DMA2_Channel1_IRQHandler
                0x0000000008007cfc                I2C1_EV_IRQHandler
                0x0000000008007cfc                DMA1_Channel6_IRQHandler
                0x0000000008007cfc                UART4_IRQHandler
                0x0000000008007cfc                TIM3_IRQHandler
                0x0000000008007cfc                RCC_IRQHandler
                0x0000000008007cfc                TIM1_TRG_COM_IRQHandler
                0x0000000008007cfc                DMA1_Channel1_IRQHandler
                0x0000000008007cfc                Default_Handler
                0x0000000008007cfc                EXTI15_10_IRQHandler
                0x0000000008007cfc                TIM7_IRQHandler
                0x0000000008007cfc                TIM5_IRQHandler
                0x0000000008007cfc                EXTI9_5_IRQHandler
                0x0000000008007cfc                SPI2_IRQHandler
                0x0000000008007cfc                DMA1_Channel5_IRQHandler
                0x0000000008007cfc                EXTI4_IRQHandler
                0x0000000008007cfc                DMA1_Channel3_IRQHandler
                0x0000000008007cfc                FSMC_IRQHandler
                0x0000000008007cfc                TIM1_UP_IRQHandler
                0x0000000008007cfc                WWDG_IRQHandler
                0x0000000008007cfc                TIM2_IRQHandler
                0x0000000008007cfc                TIM1_BRK_IRQHandler
                0x0000000008007cfc                EXTI1_IRQHandler
                0x0000000008007cfc                RTCAlarm_IRQHandler
                0x0000000008007cfc                DMA2_Channel4_5_IRQHandler
                0x0000000008007cfc                I2C2_ER_IRQHandler
                0x0000000008007cfc                DMA1_Channel2_IRQHandler
                0x0000000008007cfc                TIM8_BRK_IRQHandler
                0x0000000008007cfc                CAN1_SCE_IRQHandler
                0x0000000008007cfc                FLASH_IRQHandler
                0x0000000008007cfc                USART1_IRQHandler
                0x0000000008007cfc                SPI3_IRQHandler
                0x0000000008007cfc                I2C1_ER_IRQHandler
                0x0000000008007cfc                USBWakeUp_IRQHandler
                0x0000000008007cfc                DMA2_Channel3_IRQHandler
 .text.__errno  0x0000000008007d00        0xc c:/devz/arm/bleeding-edge/bin/../lib/gcc/arm-none-eabi/4.7.3/../../../../arm-none-eabi/lib/armv7-m\libg.a(lib_a-errno.o)
                0x0000000008007d00                __errno
 .text.localtime
                0x0000000008007d0c       0x28 c:/devz/arm/bleeding-edge/bin/../lib/gcc/arm-none-eabi/4.7.3/../../../../arm-none-eabi/lib/armv7-m\libg.a(lib_a-lcltime.o)
                0x0000000008007d0c                localtime
 .text.localtime_r
                0x0000000008007d34        0x8 c:/devz/arm/bleeding-edge/bin/../lib/gcc/arm-none-eabi/4.7.3/../../../../arm-none-eabi/lib/armv7-m\libg.a(lib_a-lcltime_r.o)
                0x0000000008007d34                localtime_r
 .text.malloc   0x0000000008007d3c       0x10 c:/devz/arm/bleeding-edge/bin/../lib/gcc/arm-none-eabi/4.7.3/../../../../arm-none-eabi/lib/armv7-m\libg.a(lib_a-malloc.o)
                0x0000000008007d3c                malloc
 .text._malloc_r
                0x0000000008007d4c      0x530 c:/devz/arm/bleeding-edge/bin/../lib/gcc/arm-none-eabi/4.7.3/../../../../arm-none-eabi/lib/armv7-m\libg.a(lib_a-mallocr.o)
                0x0000000008007d4c                _malloc_r
 .text.memcpy   0x000000000800827c      0x15c c:/devz/arm/bleeding-edge/bin/../lib/gcc/arm-none-eabi/4.7.3/../../../../arm-none-eabi/lib/armv7-m\libg.a(lib_a-memcpy-stub.o)
                0x000000000800827c                memcpy
 .text.validate_structure
                0x00000000080083d8      0x20c c:/devz/arm/bleeding-edge/bin/../lib/gcc/arm-none-eabi/4.7.3/../../../../arm-none-eabi/lib/armv7-m\libg.a(lib_a-mktime.o)
 .text.mktime   0x00000000080085e4      0x464 c:/devz/arm/bleeding-edge/bin/../lib/gcc/arm-none-eabi/4.7.3/../../../../arm-none-eabi/lib/armv7-m\libg.a(lib_a-mktime.o)
                0x00000000080085e4                mktime
 .text.__tzcalc_limits
                0x0000000008008a48      0x1ac c:/devz/arm/bleeding-edge/bin/../lib/gcc/arm-none-eabi/4.7.3/../../../../arm-none-eabi/lib/armv7-m\libg.a(lib_a-mktm_r.o)
                0x0000000008008a48                __tzcalc_limits
 .text._mktm_r  0x0000000008008bf4      0x384 c:/devz/arm/bleeding-edge/bin/../lib/gcc/arm-none-eabi/4.7.3/../../../../arm-none-eabi/lib/armv7-m\libg.a(lib_a-mktm_r.o)
                0x0000000008008bf4                _mktm_r
 .text.__malloc_lock
                0x0000000008008f78        0x4 c:/devz/arm/bleeding-edge/bin/../lib/gcc/arm-none-eabi/4.7.3/../../../../arm-none-eabi/lib/armv7-m\libg.a(lib_a-mlock.o)
                0x0000000008008f78                __malloc_lock
 .text.__malloc_unlock
                0x0000000008008f7c        0x4 c:/devz/arm/bleeding-edge/bin/../lib/gcc/arm-none-eabi/4.7.3/../../../../arm-none-eabi/lib/armv7-m\libg.a(lib_a-mlock.o)
                0x0000000008008f7c                __malloc_unlock
 .text.__tz_lock
                0x0000000008008f80        0x4 c:/devz/arm/bleeding-edge/bin/../lib/gcc/arm-none-eabi/4.7.3/../../../../arm-none-eabi/lib/armv7-m\libg.a(lib_a-tzlock.o)
                0x0000000008008f80                __tz_lock
 .text.__tz_unlock
                0x0000000008008f84        0x4 c:/devz/arm/bleeding-edge/bin/../lib/gcc/arm-none-eabi/4.7.3/../../../../arm-none-eabi/lib/armv7-m\libg.a(lib_a-tzlock.o)
                0x0000000008008f84                __tz_unlock
 .text.div      0x0000000008008f88       0x2c c:/devz/arm/bleeding-edge/bin/../lib/gcc/arm-none-eabi/4.7.3/../../../../arm-none-eabi/lib/armv7-m\libg.a(lib_a-div.o)
                0x0000000008008f88                div
 .text._malloc_trim_r
                0x0000000008008fb4       0x98 c:/devz/arm/bleeding-edge/bin/../lib/gcc/arm-none-eabi/4.7.3/../../../../arm-none-eabi/lib/armv7-m\libg.a(lib_a-freer.o)
                0x0000000008008fb4                _malloc_trim_r
 .text._free_r  0x000000000800904c      0x194 c:/devz/arm/bleeding-edge/bin/../lib/gcc/arm-none-eabi/4.7.3/../../../../arm-none-eabi/lib/armv7-m\libg.a(lib_a-freer.o)
                0x000000000800904c                _free_r
 .text.__gettzinfo
                0x00000000080091e0        0xc c:/devz/arm/bleeding-edge/bin/../lib/gcc/arm-none-eabi/4.7.3/../../../../arm-none-eabi/lib/armv7-m\libg.a(lib_a-gettzinfo.o)
                0x00000000080091e0                __gettzinfo
 *(.init)
 *(.fini)
 *(.gnu.linkonce.t.*)
 *(.glue_7)
 .glue_7        0x0000000000000000        0x0 linker stubs
 *(.glue_7t)
 .glue_7t       0x0000000000000000        0x0 linker stubs
 *(.vfp11_veneer)
 .vfp11_veneer  0x0000000000000000        0x0 linker stubs
 *(.janus_2cc_veneer)
 *(.v4_bx)
 .v4_bx         0x0000000000000000        0x0 linker stubs
 *(.gcc_except_table)
 *(.rodata .rodata.*)
 .rodata.str1.1
                0x00000000080091ec       0x8e src/gps_support.o
                                         0x97 (size before relaxing)
 .rodata.str1.1
                0x000000000800927a       0x12 src/cdc_support.o
 .rodata.str1.1
                0x000000000800928c       0x13 src/msc_support.o
 .rodata.font_table_ank
                0x000000000800929f      0xa11 lib/FONTX2/src/font_if_datatable.o
                0x000000000800929f                font_table_ank
 .rodata.str1.1
                0x0000000008009cb0       0x53 lib/ff/ff.o
 .rodata.Virtual_Com_Port_StringVendor
                0x0000000008009d03       0x26 lib/USB_Functions/cdc/src/usb_cdc_desc.o
                0x0000000008009d03                Virtual_Com_Port_StringVendor
 .rodata.Virtual_Com_Port_DeviceDescriptor
                0x0000000008009d29       0x12 lib/USB_Functions/cdc/src/usb_cdc_desc.o
                0x0000000008009d29                Virtual_Com_Port_DeviceDescriptor
 .rodata.Virtual_Com_Port_StringLangID
                0x0000000008009d3b        0x4 lib/USB_Functions/cdc/src/usb_cdc_desc.o
                0x0000000008009d3b                Virtual_Com_Port_StringLangID
 .rodata.Virtual_Com_Port_StringProduct
                0x0000000008009d3f       0x32 lib/USB_Functions/cdc/src/usb_cdc_desc.o
                0x0000000008009d3f                Virtual_Com_Port_StringProduct
 .rodata.Virtual_Com_Port_ConfigDescriptor
                0x0000000008009d71       0x43 lib/USB_Functions/cdc/src/usb_cdc_desc.o
                0x0000000008009d71                Virtual_Com_Port_ConfigDescriptor
 .rodata.Mass_StringInterface
                0x0000000008009db4       0x10 lib/USB_Functions/msc/src/usb_msc_desc.o
                0x0000000008009db4                Mass_StringInterface
 .rodata.Mass_DeviceDescriptor
                0x0000000008009dc4       0x12 lib/USB_Functions/msc/src/usb_msc_desc.o
                0x0000000008009dc4                Mass_DeviceDescriptor
 .rodata.Mass_StringVendor
                0x0000000008009dd6       0x26 lib/USB_Functions/msc/src/usb_msc_desc.o
                0x0000000008009dd6                Mass_StringVendor
 .rodata.Mass_StringProduct
                0x0000000008009dfc       0x26 lib/USB_Functions/msc/src/usb_msc_desc.o
                0x0000000008009dfc                Mass_StringProduct
 .rodata.Mass_StringLangID
                0x0000000008009e22        0x4 lib/USB_Functions/msc/src/usb_msc_desc.o
                0x0000000008009e22                Mass_StringLangID
 .rodata.Mass_ConfigDescriptor
                0x0000000008009e26       0x20 lib/USB_Functions/msc/src/usb_msc_desc.o
                0x0000000008009e26                Mass_ConfigDescriptor
 *fill*         0x0000000008009e46        0x2 
 .rodata.str1.4
                0x0000000008009e48        0x4 c:/devz/arm/bleeding-edge/bin/../lib/gcc/arm-none-eabi/4.7.3/../../../../arm-none-eabi/lib/armv7-m\libg.a(lib_a-impure.o)
 .rodata._DAYS_BEFORE_MONTH
                0x0000000008009e4c       0x30 c:/devz/arm/bleeding-edge/bin/../lib/gcc/arm-none-eabi/4.7.3/../../../../arm-none-eabi/lib/armv7-m\libg.a(lib_a-mktime.o)
 .rodata.DAYS_IN_MONTH
                0x0000000008009e7c       0x30 c:/devz/arm/bleeding-edge/bin/../lib/gcc/arm-none-eabi/4.7.3/../../../../arm-none-eabi/lib/armv7-m\libg.a(lib_a-mktime.o)
 .rodata.mon_lengths
                0x0000000008009eac       0x60 c:/devz/arm/bleeding-edge/bin/../lib/gcc/arm-none-eabi/4.7.3/../../../../arm-none-eabi/lib/armv7-m\libg.a(lib_a-mktm_r.o)
 .rodata.year_lengths
                0x0000000008009f0c        0x8 c:/devz/arm/bleeding-edge/bin/../lib/gcc/arm-none-eabi/4.7.3/../../../../arm-none-eabi/lib/armv7-m\libg.a(lib_a-mktm_r.o)
 *(.ioview .ioview.*)
 *(.gnu.linkonce.r.*)
 *(.ARM.extab* .gnu.linkonce.armextab.*)
                0x0000000008009f14                . = ALIGN (0x4)

.iplt           0x0000000008009f14        0x0
 .iplt          0x0000000000000000        0x0 src/main.o

.rel.dyn        0x0000000008009f14        0x0
 .rel.iplt      0x0000000000000000        0x0 src/main.o

.ctors          0x0000000008009f14        0x0
                0x0000000008009f14                PROVIDE (__ctors_start__, .)
 *(SORT(.ctors.*))
 *(.ctors)
                0x0000000008009f14                . = ALIGN (0x4)
                0x0000000008009f14                PROVIDE (__ctors_end__, .)
                0x0000000008009f14                . = ALIGN (0x4)

.dtors          0x0000000008009f14        0x0
                0x0000000008009f14                PROVIDE (__dtors_start__, .)
 *(SORT(.dtors.*))
 *(.dtors)
                0x0000000008009f14                . = ALIGN (0x4)
                0x0000000008009f14                PROVIDE (__dtors_end__, .)
                0x0000000008009f14                . = ALIGN (0x4)
                0x0000000008009f14                . = ALIGN (0x4)

.eh_frame_hdr
 *(.eh_frame_hdr)

.eh_frame
 *(.eh_frame)
                0x0000000008009f14                PROVIDE (__exidx_start, .)

.ARM.exidx
 *(.ARM.exidx* .gnu.linkonce.armexidx.*)
                0x0000000008009f14                PROVIDE (__exidx_end, .)
                0x0000000008009f14                . = ALIGN (0x4)
                0x0000000008009f14                _etext = .
                0x0000000008009f14                PROVIDE (etext, .)
                0x0000000008009f14                _sidata = _etext

.data           0x0000000020000000      0x708 load address 0x0000000008009f14
                0x0000000020000000                . = ALIGN (0x4)
                0x0000000020000000                _sdata = .
                0x0000000020000000                _data = .
 *(.data .data.*)
 .data.AHBPrescTable
                0x0000000020000000       0x10 src/sysinit_primer2.o
                0x0000000020000000                AHBPrescTable
 .data.SystemCoreClock
                0x0000000020000010        0x4 src/sysinit_primer2.o
                0x0000000020000010                SystemCoreClock
 .data.vbatbabyflag.8838
                0x0000000020000014        0x4 src/power.o
 .data.BatState
                0x0000000020000018        0x4 src/power.o
                0x0000000020000018                BatState
 .data.pScrCol  0x000000002000001c        0x4 lib/display/abstract/src/display_if_support.o
                0x000000002000001c                pScrCol
 .data.ScrCol   0x0000000020000020        0x4 lib/display/abstract/src/display_if_support.o
                0x0000000020000020                ScrCol
 .data.TransferError
                0x0000000020000024        0x1 lib/ff/sdio_stm32f1.o
                0x0000000020000024                TransferError
 *fill*         0x0000000020000025        0x3 
 .data.DeviceMode
                0x0000000020000028        0x4 lib/ff/sdio_stm32f1.o
 .data.Status   0x000000002000002c        0x1 lib/ff/diskio_sdio.o
                0x000000002000002c                Status
 *fill*         0x000000002000002d        0x3 
 .data.pEpInt_OUT
                0x0000000020000030       0x1c lib/USB_Functions/usb_istr.o
                0x0000000020000030                pEpInt_OUT
 .data.pEpInt_IN
                0x000000002000004c       0x1c lib/USB_Functions/usb_istr.o
                0x000000002000004c                pEpInt_IN
 .data.User_Standard_Requests
                0x0000000020000068       0x24 lib/USB_Functions/usb_prop.o
                0x0000000020000068                User_Standard_Requests
 .data.Device_Property
                0x000000002000008c       0x30 lib/USB_Functions/usb_prop.o
                0x000000002000008c                Device_Property
 .data.Device_Table
                0x00000000200000bc        0x2 lib/USB_Functions/usb_prop.o
                0x00000000200000bc                Device_Table
 .data.Virtual_Com_Port_StringSerial
                0x00000000200000be       0x1a lib/USB_Functions/cdc/src/usb_cdc_desc.o
                0x00000000200000be                Virtual_Com_Port_StringSerial
 .data.CDC_Device_Descriptor
                0x00000000200000d8        0x8 lib/USB_Functions/cdc/src/usb_cdc_prop.o
                0x00000000200000d8                CDC_Device_Descriptor
 .data.CDC_String_Descriptor
                0x00000000200000e0       0x20 lib/USB_Functions/cdc/src/usb_cdc_prop.o
                0x00000000200000e0                CDC_String_Descriptor
 .data.CDC_Config_Descriptor
                0x0000000020000100        0x8 lib/USB_Functions/cdc/src/usb_cdc_prop.o
                0x0000000020000100                CDC_Config_Descriptor
 .data.linecoding
                0x0000000020000108        0x8 lib/USB_Functions/cdc/src/usb_cdc_prop.o
                0x0000000020000108                linecoding
 .data.Mode_Sense10_data
                0x0000000020000110        0x8 lib/USB_Functions/msc/src/usb_msc_scsi_data.o
                0x0000000020000110                Mode_Sense10_data
 .data.Scsi_Sense_Data
                0x0000000020000118       0x12 lib/USB_Functions/msc/src/usb_msc_scsi_data.o
                0x0000000020000118                Scsi_Sense_Data
 .data.Mode_Sense6_data
                0x000000002000012a        0x4 lib/USB_Functions/msc/src/usb_msc_scsi_data.o
                0x000000002000012a                Mode_Sense6_data
 .data.ReadFormatCapacity_Data
                0x000000002000012e        0xc lib/USB_Functions/msc/src/usb_msc_scsi_data.o
                0x000000002000012e                ReadFormatCapacity_Data
 .data.Standard_Inquiry_Data
                0x000000002000013a       0x24 lib/USB_Functions/msc/src/usb_msc_scsi_data.o
                0x000000002000013a                Standard_Inquiry_Data
 .data.Mass_StringSerial
                0x000000002000015e       0x1a lib/USB_Functions/msc/src/usb_msc_desc.o
                0x000000002000015e                Mass_StringSerial
 .data.MSC_Device_Descriptor
                0x0000000020000178        0x8 lib/USB_Functions/msc/src/usb_msc_prop.o
                0x0000000020000178                MSC_Device_Descriptor
 .data.MSC_String_Descriptor
                0x0000000020000180       0x28 lib/USB_Functions/msc/src/usb_msc_prop.o
                0x0000000020000180                MSC_String_Descriptor
 .data.MSC_Config_Descriptor
                0x00000000200001a8        0x8 lib/USB_Functions/msc/src/usb_msc_prop.o
                0x00000000200001a8                MSC_Config_Descriptor
 .data.ADCPrescTable
                0x00000000200001b0        0x4 STM32F103VET6_lib.a(stm32f10x_rcc.o)
 .data.APBAHBPrescTable
                0x00000000200001b4       0x10 STM32F103VET6_lib.a(stm32f10x_rcc.o)
 .data.impure_data
                0x00000000200001c4       0xf0 c:/devz/arm/bleeding-edge/bin/../lib/gcc/arm-none-eabi/4.7.3/../../../../arm-none-eabi/lib/armv7-m\libg.a(lib_a-impure.o)
 .data._impure_ptr
                0x00000000200002b4        0x4 c:/devz/arm/bleeding-edge/bin/../lib/gcc/arm-none-eabi/4.7.3/../../../../arm-none-eabi/lib/armv7-m\libg.a(lib_a-impure.o)
                0x00000000200002b4                _impure_ptr
 .data.__malloc_av_
                0x00000000200002b8      0x408 c:/devz/arm/bleeding-edge/bin/../lib/gcc/arm-none-eabi/4.7.3/../../../../arm-none-eabi/lib/armv7-m\libg.a(lib_a-mallocr.o)
                0x00000000200002b8                __malloc_av_
 .data.__malloc_trim_threshold
                0x00000000200006c0        0x4 c:/devz/arm/bleeding-edge/bin/../lib/gcc/arm-none-eabi/4.7.3/../../../../arm-none-eabi/lib/armv7-m\libg.a(lib_a-mallocr.o)
                0x00000000200006c0                __malloc_trim_threshold
 .data.__malloc_sbrk_base
                0x00000000200006c4        0x4 c:/devz/arm/bleeding-edge/bin/../lib/gcc/arm-none-eabi/4.7.3/../../../../arm-none-eabi/lib/armv7-m\libg.a(lib_a-mallocr.o)
                0x00000000200006c4                __malloc_sbrk_base
 .data.tzinfo   0x00000000200006c8       0x40 c:/devz/arm/bleeding-edge/bin/../lib/gcc/arm-none-eabi/4.7.3/../../../../arm-none-eabi/lib/armv7-m\libg.a(lib_a-gettzinfo.o)
 *(.gnu.linkonce.d*)
                0x0000000020000708                . = ALIGN (0x4)
                0x0000000020000708                PROVIDE (__preinit_array_start, .)
 *(.preinit_array)
                0x0000000020000708                PROVIDE (__preinit_array_end, .)
                0x0000000020000708                . = ALIGN (0x4)
                0x0000000020000708                PROVIDE (__init_array_start, .)
 *(SORT(.init_array.*))
 *(.init_array)
                0x0000000020000708                PROVIDE (__init_array_end, .)
                0x0000000020000708                . = ALIGN (0x4)
                0x0000000020000708                PROVIDE (__fini_array_start, .)
 *(SORT(.fini_array.*))
 *(.fini_array)
                0x0000000020000708                PROVIDE (__fini_array_end, .)
 *(.jcr*)
                0x0000000020000708                . = ALIGN (0x4)
 *(.ramfunc*)
                0x0000000020000708                . = ALIGN (0x4)
 *(.RAMtext)
                0x0000000020000708                . = ALIGN (0x4)
                0x0000000020000708                _edata = .

.igot.plt       0x0000000020000708        0x0 load address 0x000000000800a61c
 .igot.plt      0x0000000000000000        0x0 src/main.o

.bss            0x0000000020000708     0x149c load address 0x000000000800a620
                0x0000000020000708                . = ALIGN (0x4)
                0x0000000020000708                _sbss = .
                0x0000000020000708                __bss_start = .
                0x0000000020000708                __bss_start__ = .
 *(.bss .bss.*)
 .bss.xTask     0x0000000020000708        0x4 src/main.o
                0x0000000020000708                xTask
 .bss.TaskStat  0x000000002000070c        0x4 src/main.o
                0x000000002000070c                TaskStat
 .bss.TimingDelay
                0x0000000020000710        0x4 src/systick.o
                0x0000000020000710                TimingDelay
 .bss.heap_ptr  0x0000000020000714        0x4 src/syscalls.o
 .bss.shutcounts.8831
                0x0000000020000718        0x4 src/power.o
 .bss.vbatlow.8837
                0x000000002000071c        0x4 src/power.o
 .bss.vbatcounts.8836
                0x0000000020000720        0x4 src/power.o
 .bss.VBat.8844
                0x0000000020000724        0x2 src/power.o
 *fill*         0x0000000020000726        0x2 
 .bss.CurrentVbat.8839
                0x0000000020000728        0x4 src/power.o
 .bss.ADC_InitStructure
                0x000000002000072c       0x14 src/adc_support.o
                0x000000002000072c                ADC_InitStructure
 .bss.DMA_InitStructure
                0x0000000020000740       0x2c src/adc_support.o
                0x0000000020000740                DMA_InitStructure
 .bss.ADC_RegularConvertedValueTab
                0x000000002000076c       0x64 src/adc_support.o
                0x000000002000076c                ADC_RegularConvertedValueTab
 .bss.GPIO_InitStructure
                0x00000000200007d0        0x4 src/adc_support.o
                0x00000000200007d0                GPIO_InitStructure
 .bss.rtc       0x00000000200007d4       0x24 src/rtc_support.o
                0x00000000200007d4                rtc
 .bss.File1     0x00000000200007f8       0x28 src/gps_support.o
                0x00000000200007f8                File1
 .bss.Fatfs     0x0000000020000820      0x238 src/gps_support.o
                0x0000000020000820                Fatfs
 .bss.ff_rtc    0x0000000020000a58        0x8 src/gps_support.o
                0x0000000020000a58                ff_rtc
 .bss.ack_limit
                0x0000000020000a60        0x4 src/gps_support.o
                0x0000000020000a60                ack_limit
 .bss.Buff      0x0000000020000a64      0x200 src/gps_support.o
                0x0000000020000a64                Buff
 .bss.l_stat    0x0000000020000c64        0x4 src/gps_support.o
                0x0000000020000c64                l_stat
 .bss.USB_xMutex
                0x0000000020000c68        0x1 src/cdc_support.o
                0x0000000020000c68                USB_xMutex
 .bss.USART_Rx_Buffer
                0x0000000020000c69      0x800 src/cdc_support.o
                0x0000000020000c69                USART_Rx_Buffer
 .bss.USB_Tx_State
                0x0000000020001469        0x1 src/cdc_support.o
                0x0000000020001469                USB_Tx_State
 *fill*         0x000000002000146a        0x2 
 .bss.USART_Rx_ptr_in
                0x000000002000146c        0x4 src/cdc_support.o
                0x000000002000146c                USART_Rx_ptr_in
 .bss.USART_Rx_ptr_out
                0x0000000020001470        0x4 src/cdc_support.o
                0x0000000020001470                USART_Rx_ptr_out
 .bss.USART_Rx_length
                0x0000000020001474        0x4 src/cdc_support.o
                0x0000000020001474                USART_Rx_length
 .bss.pUSART_Buf
                0x0000000020001478        0x4 src/uart_support_gps.o
 .bss.UART      0x000000002000147c        0x4 src/uart_support_gps.o
 .bss.xUART_IRQ
                0x0000000020001480        0x4 src/uart_support_gps.o
                0x0000000020001480                xUART_IRQ
 .bss.USART2_Buf
                0x0000000020001484      0x208 src/uart_support_gps.o
                0x0000000020001484                USART2_Buf
 .bss.USART_InitStructure
                0x000000002000168c       0x10 src/uart_support_gps.o
                0x000000002000168c                USART_InitStructure
 .bss.outptr    0x000000002000169c        0x4 src/xprintf.o
 .bss.xfunc_out
                0x00000000200016a0        0x4 src/xprintf.o
                0x00000000200016a0                xfunc_out
 .bss.xfunc_in  0x00000000200016a4        0x4 src/xprintf.o
                0x00000000200016a4                xfunc_in
 .bss.Mplus_Ank
                0x00000000200016a8        0x8 lib/FONTX2/src/font_if_datatable.o
                0x00000000200016a8                Mplus_Ank
 .bss.CurrentAnkDat
                0x00000000200016b0        0x4 lib/FONTX2/src/font_if.o
                0x00000000200016b0                CurrentAnkDat
 .bss.CurrentKanjiDat
                0x00000000200016b4        0x4 lib/FONTX2/src/font_if.o
                0x00000000200016b4                CurrentKanjiDat
 .bss.CurrVol   0x00000000200016b8        0x1 lib/ff/ff.o
 *fill*         0x00000000200016b9        0x1 
 .bss.Fsid      0x00000000200016ba        0x2 lib/ff/ff.o
 .bss.FatFs     0x00000000200016bc        0x4 lib/ff/ff.o
 .bss.SDIO_DataInitStructure
                0x00000000200016c0       0x18 lib/ff/sdio_stm32f1.o
                0x00000000200016c0                SDIO_DataInitStructure
 .bss.CSD_Tab   0x00000000200016d8       0x10 lib/ff/sdio_stm32f1.o
 .bss.SDCardInfo
                0x00000000200016e8       0x58 lib/ff/sdio_stm32f1.o
                0x00000000200016e8                SDCardInfo
 .bss.NumberOfBytes
                0x0000000020001740        0x4 lib/ff/sdio_stm32f1.o
                0x0000000020001740                NumberOfBytes
 .bss.SDSTATUS_Tab
                0x0000000020001744       0x10 lib/ff/sdio_stm32f1.o
 .bss.CardType  0x0000000020001754        0x4 lib/ff/sdio_stm32f1.o
 .bss.CID_Tab   0x0000000020001758       0x10 lib/ff/sdio_stm32f1.o
 .bss.TransferEnd
                0x0000000020001768        0x4 lib/ff/sdio_stm32f1.o
                0x0000000020001768                TransferEnd
 .bss.DestBuffer
                0x000000002000176c        0x4 lib/ff/sdio_stm32f1.o
                0x000000002000176c                DestBuffer
 .bss.SDIO_InitStructure
                0x0000000020001770       0x18 lib/ff/sdio_stm32f1.o
                0x0000000020001770                SDIO_InitStructure
 .bss.SrcBuffer
                0x0000000020001788        0x4 lib/ff/sdio_stm32f1.o
                0x0000000020001788                SrcBuffer
 .bss.RCA       0x000000002000178c        0x4 lib/ff/sdio_stm32f1.o
 .bss.TotalNumberOfBytes
                0x0000000020001790        0x4 lib/ff/sdio_stm32f1.o
 .bss.SDIO_CmdInitStructure
                0x0000000020001794       0x14 lib/ff/sdio_stm32f1.o
                0x0000000020001794                SDIO_CmdInitStructure
 .bss.StopCondition
                0x00000000200017a8        0x4 lib/ff/sdio_stm32f1.o
 .bss.SDCardStatus
                0x00000000200017ac       0x10 lib/ff/diskio_sdio.o
                0x00000000200017ac                SDCardStatus
 .bss.bDeviceState
                0x00000000200017bc        0x4 lib/USB_Functions/usb_pwr.o
                0x00000000200017bc                bDeviceState
 .bss.xUSB_Istr
                0x00000000200017c0        0x4 lib/USB_Functions/usb_istr.o
                0x00000000200017c0                xUSB_Istr
 .bss.bIntPackSOF
                0x00000000200017c4        0x1 lib/USB_Functions/usb_istr.o
                0x00000000200017c4                bIntPackSOF
 *fill*         0x00000000200017c5        0x1 
 .bss.wIstr     0x00000000200017c6        0x2 lib/USB_Functions/usb_istr.o
                0x00000000200017c6                wIstr
 .bss.xEP2_OUT_Callback
                0x00000000200017c8        0x4 lib/USB_Functions/usb_conf.o
                0x00000000200017c8                xEP2_OUT_Callback
 .bss.xEP1_IN_Callback
                0x00000000200017cc        0x4 lib/USB_Functions/usb_conf.o
                0x00000000200017cc                xEP1_IN_Callback
 .bss.xEP3_OUT_Callback
                0x00000000200017d0        0x4 lib/USB_Functions/usb_conf.o
                0x00000000200017d0                xEP3_OUT_Callback
 .bss.xSOF_Callback
                0x00000000200017d4        0x4 lib/USB_Functions/usb_conf.o
                0x00000000200017d4                xSOF_Callback
 .bss.xGet_Interface_Setting
                0x00000000200017d8        0x4 lib/USB_Functions/usb_prop.o
                0x00000000200017d8                xGet_Interface_Setting
 .bss.xGetInterface
                0x00000000200017dc        0x4 lib/USB_Functions/usb_prop.o
                0x00000000200017dc                xGetInterface
 .bss.xReset    0x00000000200017e0        0x4 lib/USB_Functions/usb_prop.o
                0x00000000200017e0                xReset
 .bss.xGetStatus
                0x00000000200017e4        0x4 lib/USB_Functions/usb_prop.o
                0x00000000200017e4                xGetStatus
 .bss.xNoData_Setup
                0x00000000200017e8        0x4 lib/USB_Functions/usb_prop.o
                0x00000000200017e8                xNoData_Setup
 .bss.xGetConfiguration
                0x00000000200017ec        0x4 lib/USB_Functions/usb_prop.o
                0x00000000200017ec                xGetConfiguration
 .bss.xGetDeviceDescriptor
                0x00000000200017f0        0x4 lib/USB_Functions/usb_prop.o
                0x00000000200017f0                xGetDeviceDescriptor
 .bss.xGetConfigDescriptor
                0x00000000200017f4        0x4 lib/USB_Functions/usb_prop.o
                0x00000000200017f4                xGetConfigDescriptor
 .bss.xGetStringDescriptor
                0x00000000200017f8        0x4 lib/USB_Functions/usb_prop.o
                0x00000000200017f8                xGetStringDescriptor
 .bss.xData_Setup
                0x00000000200017fc        0x4 lib/USB_Functions/usb_prop.o
                0x00000000200017fc                xData_Setup
 .bss.xSetDeviceAddress
                0x0000000020001800        0x4 lib/USB_Functions/usb_prop.o
                0x0000000020001800                xSetDeviceAddress
 .bss.xSetDeviceFeature
                0x0000000020001804        0x4 lib/USB_Functions/usb_prop.o
                0x0000000020001804                xSetDeviceFeature
 .bss.xClearFeature
                0x0000000020001808        0x4 lib/USB_Functions/usb_prop.o
                0x0000000020001808                xClearFeature
 .bss.xSetConfiguration
                0x000000002000180c        0x4 lib/USB_Functions/usb_prop.o
                0x000000002000180c                xSetConfiguration
 .bss.xStatus_In
                0x0000000020001810        0x4 lib/USB_Functions/usb_prop.o
                0x0000000020001810                xStatus_In
 .bss.xSetEndPointFeature
                0x0000000020001814        0x4 lib/USB_Functions/usb_prop.o
                0x0000000020001814                xSetEndPointFeature
 .bss.xSetInterface
                0x0000000020001818        0x4 lib/USB_Functions/usb_prop.o
                0x0000000020001818                xSetInterface
 .bss.xinit     0x000000002000181c        0x4 lib/USB_Functions/usb_prop.o
                0x000000002000181c                xinit
 .bss.xStatus_Out
                0x0000000020001820        0x4 lib/USB_Functions/usb_prop.o
                0x0000000020001820                xStatus_Out
 .bss.Request   0x0000000020001824        0x1 lib/USB_Functions/cdc/src/usb_cdc_prop.o
                0x0000000020001824                Request
 .bss.USB_Rx_Buffer
                0x0000000020001825       0x40 lib/USB_Functions/cdc/src/usb_cdc_endp.o
                0x0000000020001825                USB_Rx_Buffer
 *fill*         0x0000000020001865        0x3 
 .bss.FrameCount.8848
                0x0000000020001868        0x4 lib/USB_Functions/cdc/src/usb_cdc_endp.o
 .bss.Mass_Block_Size
                0x000000002000186c        0x8 lib/USB_Functions/msc/src/usb_msc_mass_mal.o
                0x000000002000186c                Mass_Block_Size
 .bss.Mass_Memory_Size
                0x0000000020001874        0x8 lib/USB_Functions/msc/src/usb_msc_mass_mal.o
                0x0000000020001874                Mass_Memory_Size
 .bss.Mass_Block_Count
                0x000000002000187c        0x8 lib/USB_Functions/msc/src/usb_msc_mass_mal.o
                0x000000002000187c                Mass_Block_Count
 .bss.W_Length.8931
                0x0000000020001884        0x4 lib/USB_Functions/msc/src/usb_msc_memory.o
 .bss.Block_offset
                0x0000000020001888        0x4 lib/USB_Functions/msc/src/usb_msc_memory.o
                0x0000000020001888                Block_offset
 .bss.Block_Read_count
                0x000000002000188c        0x4 lib/USB_Functions/msc/src/usb_msc_memory.o
                0x000000002000188c                Block_Read_count
 .bss.Counter   0x0000000020001890        0x4 lib/USB_Functions/msc/src/usb_msc_memory.o
                0x0000000020001890                Counter
 .bss.Data_Buffer
                0x0000000020001894      0x200 lib/USB_Functions/msc/src/usb_msc_memory.o
                0x0000000020001894                Data_Buffer
 .bss.Idx       0x0000000020001a94        0x4 lib/USB_Functions/msc/src/usb_msc_memory.o
                0x0000000020001a94                Idx
 .bss.Length.8924
                0x0000000020001a98        0x4 lib/USB_Functions/msc/src/usb_msc_memory.o
 .bss.Offset.8923
                0x0000000020001a9c        0x4 lib/USB_Functions/msc/src/usb_msc_memory.o
 .bss.W_Offset.8930
                0x0000000020001aa0        0x4 lib/USB_Functions/msc/src/usb_msc_memory.o
 .bss.TransferState
                0x0000000020001aa4        0x1 lib/USB_Functions/msc/src/usb_msc_memory.o
                0x0000000020001aa4                TransferState
 .bss.ReadCapacity10_Data