Archive member included because of file (symbol)

STM32F103VET6_lib.a(misc.o)   src/cdc_support.o (NVIC_PriorityGroupConfig)
STM32F103VET6_lib.a(stm32f10x_gpio.o)
                              src/hw_config.o (GPIO_Init)
STM32F103VET6_lib.a(stm32f10x_fsmc.o)
                              lib/display/mcu_depend/src/display_if_basis.o (FSMC_NORSRAMInit)
STM32F103VET6_lib.a(stm32f10x_rcc.o)
                              src/hw_config.o (RCC_PLLConfig)
STM32F103VET6_lib.a(stm32f10x_adc.o)
                              src/adc_support.o (ADC_Init)
STM32F103VET6_lib.a(stm32f10x_dma.o)
                              src/adc_support.o (DMA_DeInit)
STM32F103VET6_lib.a(stm32f10x_tim.o)
                              src/systick.o (TIM_TimeBaseInit)
STM32F103VET6_lib.a(stm32f10x_rtc.o)
                              src/rtc_support.o (RTC_ITConfig)
STM32F103VET6_lib.a(stm32f10x_sdio.o)
                              lib/ff/sdio_stm32f1.o (SDIO_DeInit)
STM32F103VET6_lib.a(stm32f10x_usart.o)
                              src/cdc_support.o (USART_Init)
STM32F103VET6_lib.a(stm32f10x_bkp.o)
                              src/rtc_support.o (BKP_DeInit)
STM32F103VET6_lib.a(stm32f10x_pwr.o)
                              src/rtc_support.o (PWR_BackupAccessCmd)
STM32F103VET6_lib.a(usb_core.o)
                              lib/USB_Functions/cdc/src/usb_cdc_prop.o (Standard_GetDescriptorData)
STM32F103VET6_lib.a(usb_init.o)
                              src/cdc_support.o (USB_Init)
STM32F103VET6_lib.a(usb_int.o)
                              lib/USB_Functions/usb_istr.o (CTR_LP)
STM32F103VET6_lib.a(usb_mem.o)
                              src/cdc_support.o (UserToPMABufferCopy)
STM32F103VET6_lib.a(usb_regs.o)
                              lib/USB_Functions/cdc/src/usb_cdc_prop.o (SetBTABLE)
STM32F103VET6_lib.a(usb_sil.o)
                              lib/USB_Functions/cdc/src/usb_cdc_prop.o (USB_SIL_Init)
STM32F103VET6_lib.a(startup_stm32f10x_hd.o)
                              (g_pfnVectors)
c:/devz/arm/launchpad/bin/../lib/gcc/arm-none-eabi/4.7.3/armv7-m\libgcc.a(_arm_addsubdf3.o)
                              lib/display/abstract/src/display_if_support.o (__aeabi_dadd)
c:/devz/arm/launchpad/bin/../lib/gcc/arm-none-eabi/4.7.3/armv7-m\libgcc.a(_arm_muldivdf3.o)
                              lib/display/abstract/src/display_if_support.o (__aeabi_dmul)
c:/devz/arm/launchpad/bin/../lib/gcc/arm-none-eabi/4.7.3/armv7-m\libgcc.a(_arm_cmpdf2.o)
                              lib/display/abstract/src/display_if_support.o (__aeabi_dcmpeq)
c:/devz/arm/launchpad/bin/../lib/gcc/arm-none-eabi/4.7.3/armv7-m\libgcc.a(_arm_fixdfsi.o)
                              lib/display/abstract/src/display_if_support.o (__aeabi_d2iz)
c:/devz/arm/launchpad/bin/../lib/gcc/arm-none-eabi/4.7.3/../../../../arm-none-eabi/lib/armv7-m\libc_s.a(lib_a-errno.o)
                              src/syscalls.o (__errno)
c:/devz/arm/launchpad/bin/../lib/gcc/arm-none-eabi/4.7.3/../../../../arm-none-eabi/lib/armv7-m\libc_s.a(lib_a-impure.o)
                              c:/devz/arm/launchpad/bin/../lib/gcc/arm-none-eabi/4.7.3/../../../../arm-none-eabi/lib/armv7-m\libc_s.a(lib_a-errno.o) (_impure_ptr)
c:/devz/arm/launchpad/bin/../lib/gcc/arm-none-eabi/4.7.3/../../../../arm-none-eabi/lib/armv7-m\libc_s.a(lib_a-lcltime.o)
                              src/rtc_support.o (localtime)
c:/devz/arm/launchpad/bin/../lib/gcc/arm-none-eabi/4.7.3/../../../../arm-none-eabi/lib/armv7-m\libc_s.a(lib_a-lcltime_r.o)
                              c:/devz/arm/launchpad/bin/../lib/gcc/arm-none-eabi/4.7.3/../../../../arm-none-eabi/lib/armv7-m\libc_s.a(lib_a-lcltime.o) (localtime_r)
c:/devz/arm/launchpad/bin/../lib/gcc/arm-none-eabi/4.7.3/../../../../arm-none-eabi/lib/armv7-m\libc_s.a(lib_a-malloc.o)
                              c:/devz/arm/launchpad/bin/../lib/gcc/arm-none-eabi/4.7.3/../../../../arm-none-eabi/lib/armv7-m\libc_s.a(lib_a-lcltime.o) (malloc)
c:/devz/arm/launchpad/bin/../lib/gcc/arm-none-eabi/4.7.3/../../../../arm-none-eabi/lib/armv7-m\libc_s.a(lib_a-mallocr.o)
                              c:/devz/arm/launchpad/bin/../lib/gcc/arm-none-eabi/4.7.3/../../../../arm-none-eabi/lib/armv7-m\libc_s.a(lib_a-malloc.o) (_malloc_r)
c:/devz/arm/launchpad/bin/../lib/gcc/arm-none-eabi/4.7.3/../../../../arm-none-eabi/lib/armv7-m\libc_s.a(lib_a-memcpy.o)
                              lib/ff/diskio_sdio.o (memcpy)
c:/devz/arm/launchpad/bin/../lib/gcc/arm-none-eabi/4.7.3/../../../../arm-none-eabi/lib/armv7-m\libc_s.a(lib_a-memset.o)
                              src/uart_support_gps.o (memset)
c:/devz/arm/launchpad/bin/../lib/gcc/arm-none-eabi/4.7.3/../../../../arm-none-eabi/lib/armv7-m\libc_s.a(lib_a-mktime.o)
                              src/rtc_support.o (mktime)
c:/devz/arm/launchpad/bin/../lib/gcc/arm-none-eabi/4.7.3/../../../../arm-none-eabi/lib/armv7-m\libc_s.a(lib_a-mktm_r.o)
[...]
Memory Configuration

Name             Origin             Length             Attributes
RAM1             0x20000000         0x00010000         xrw
RAM5             0x68000000         0x00080000         xrw
ROM              0x08000000         0x00100000         xr
*default*        0x00000000         0xffffffff

Linker script and memory map

LOAD c:/devz/arm/launchpad/bin/../lib/gcc/arm-none-eabi/4.7.3/../../../../arm-none-eabi/lib/armv7-m\libm.a
LOAD src/main.o
LOAD src/sysinit_primer2.o
LOAD src/systick.o
LOAD src/syscalls.o
LOAD src/stm32f10x_it.o
LOAD src/hw_config.o
LOAD src/power.o
LOAD src/adc_support.o
LOAD src/rtc_support.o
LOAD src/gps_support.o
LOAD src/cdc_support.o
LOAD src/msc_support.o
LOAD src/uart_support_gps.o
LOAD src/xprintf.o
LOAD lib/display/mcu_depend/src/display_if_basis.o
LOAD lib/display/abstract/src/display_if_support.o
LOAD lib/display/drivers/src/st7732.o
LOAD lib/FONTX2/src/font_if_datatable.o
LOAD lib/FONTX2/src/font_if.o
LOAD lib/ff/ff.o
LOAD lib/ff/sdio_stm32f1.o
LOAD lib/ff/diskio_sdio.o
LOAD lib/ff/ff_rtc_if.o
LOAD lib/ff/option/unicode.o
LOAD lib/USB_Functions/usb_pwr.o
LOAD lib/USB_Functions/usb_istr.o
LOAD lib/USB_Functions/usb_conf.o
LOAD lib/USB_Functions/usb_prop.o
LOAD lib/USB_Functions/cdc/src/usb_cdc_desc.o
LOAD lib/USB_Functions/cdc/src/usb_cdc_prop.o
LOAD lib/USB_Functions/cdc/src/usb_cdc_endp.o
LOAD lib/USB_Functions/msc/src/usb_msc_mass_mal.o
LOAD lib/USB_Functions/msc/src/usb_msc_memory.o
LOAD lib/USB_Functions/msc/src/usb_msc_scsi_data.o
LOAD lib/USB_Functions/msc/src/usb_msc_scsi.o
LOAD lib/USB_Functions/msc/src/usb_msc_bot.o
LOAD lib/USB_Functions/msc/src/usb_msc_desc.o
LOAD lib/USB_Functions/msc/src/usb_msc_prop.o
LOAD STM32F103VET6_lib.a
START GROUP
LOAD c:/devz/arm/launchpad/bin/../lib/gcc/arm-none-eabi/4.7.3/armv7-m\libgcc.a
LOAD c:/devz/arm/launchpad/bin/../lib/gcc/arm-none-eabi/4.7.3/../../../../arm-none-eabi/lib/armv7-m\libc_s.a
END GROUP
                0x20010000                _estack = (ORIGIN (RAM1) + 0x10000)

.text           0x08000000     0x9260
                0x08000000                . = ALIGN (0x4)
 *(.isr_vector)
 .isr_vector    0x08000000      0x1e4 STM32F103VET6_lib.a(startup_stm32f10x_hd.o)
                0x08000000                g_pfnVectors
                0x080001e4                . = ALIGN (0x4)
 *(.text .text.*)
 .text.startup.main
                0x080001e4      0x13c src/main.o
                0x080001e4                main
 .text.SystemInit
                0x08000320       0xf4 src/sysinit_primer2.o
                0x08000320                SystemInit
 .text.SystemCoreClockUpdate
                0x08000414       0x70 src/sysinit_primer2.o
                0x08000414                SystemCoreClockUpdate
 .text.SysTickInit
                0x08000484       0x88 src/systick.o
                0x08000484                SysTickInit
 .text._delay_ms
                0x0800050c       0x18 src/systick.o
                0x0800050c                _delay_ms
 .text._sbrk_r  0x08000524       0x34 src/syscalls.o
                0x08000524                _sbrk_r
 .text.NMI_Handler
                0x08000558        0x2 src/stm32f10x_it.o
                0x08000558                NMI_Handler
 .text.HardFault_Handler
                0x0800055a        0x2 src/stm32f10x_it.o
                0x0800055a                HardFault_Handler
 .text.MemManage_Handler
                0x0800055c        0x2 src/stm32f10x_it.o
                0x0800055c                MemManage_Handler
 .text.BusFault_Handler
                0x0800055e        0x2 src/stm32f10x_it.o
                0x0800055e                BusFault_Handler
 .text.UsageFault_Handler
                0x08000560        0x2 src/stm32f10x_it.o
                0x08000560                UsageFault_Handler
 .text.SVC_Handler
                0x08000562        0x2 src/stm32f10x_it.o
                0x08000562                SVC_Handler
 .text.DebugMon_Handler
                0x08000564        0x2 src/stm32f10x_it.o
                0x08000564                DebugMon_Handler
 .text.PendSV_Handler
                0x08000566        0x2 src/stm32f10x_it.o
                0x08000566                PendSV_Handler
 .text.SysTick_Handler
                0x08000568       0x2c src/stm32f10x_it.o
                0x08000568                SysTick_Handler
 .text.USB_HP_CAN1_TX_IRQHandler
                0x08000594        0x4 src/stm32f10x_it.o
                0x08000594                USB_HP_CAN1_TX_IRQHandler
 .text.USB_LP_CAN1_RX0_IRQHandler
                0x08000598        0x4 src/stm32f10x_it.o
                0x08000598                USB_LP_CAN1_RX0_IRQHandler
 .text.RTC_IRQHandler
                0x0800059c        0x2 src/stm32f10x_it.o
                0x0800059c                RTC_IRQHandler
 .text.IntToUnicode
                0x0800059e       0x2a src/hw_config.o
 .text.LED_Configuration
                0x080005c8       0xb0 src/hw_config.o
                0x080005c8                LED_Configuration
 .text.KEY_Configuration
                0x08000678       0x54 src/hw_config.o
                0x08000678                KEY_Configuration
 .text.NVIC_Configuration
                0x080006cc        0xa src/hw_config.o
                0x080006cc                NVIC_Configuration
 .text.Set_System
                0x080006d6       0x22 src/hw_config.o
                0x080006d6                Set_System
 .text.Set72    0x080006f8       0x60 src/hw_config.o
                0x080006f8                Set72
 .text.USB_Disconnect_Config
                0x08000758       0x2c src/hw_config.o
                0x08000758                USB_Disconnect_Config
 .text.Set_USBClock
                0x08000784       0x16 src/hw_config.o
                0x08000784                Set_USBClock
 *fill*         0x0800079a        0x2 00
 .text.USB_Cable_Config
                0x0800079c       0x18 src/hw_config.o
                0x0800079c                USB_Cable_Config
 .text.Get_SerialNum
                0x080007b4       0x38 src/hw_config.o
                0x080007b4                Get_SerialNum
 .text.GetVbat  0x080007ec       0x4c src/power.o
                0x080007ec                GetVbat
 .text.PWR_Mgn  0x08000838       0xd4 src/power.o
                0x08000838                PWR_Mgn
 .text.PWR_Configuration
                0x0800090c       0x2c src/power.o
                0x0800090c                PWR_Configuration
 .text.ADC_DMA_Configuration
                0x08000938      0x138 src/adc_support.o
                0x08000938                ADC_DMA_Configuration
 .text.Time_ConvUnixToCalendar
                0x08000a70       0x2a src/rtc_support.o
                0x08000a70                Time_ConvUnixToCalendar
 .text.Time_GetCalendarTime
                0x08000a9a       0x14 src/rtc_support.o
                0x08000a9a                Time_GetCalendarTime
 .text.Time_SetUnixTime
                0x08000aae       0x22 src/rtc_support.o
                0x08000aae                Time_SetUnixTime
 .text.Time_SetCalendarTime
                0x08000ad0       0x38 src/rtc_support.o
                0x08000ad0                Time_SetCalendarTime
 .text.RTC_Configuration
                0x08000b08       0xd8 src/rtc_support.o
                0x08000b08                RTC_Configuration
 .text.get_line_GPS
                0x08000be0       0x34 src/gps_support.o
 .text.gp_val   0x08000c14       0x22 src/gps_support.o
 *fill*         0x08000c36        0x2 00
 .text.gp_comp.constprop.0
                0x08000c38       0x18 src/gps_support.o
 .text.gp_col.constprop.1
                0x08000c50       0x24 src/gps_support.o
 .text.xSend_MTKCmd
                0x08000c74       0x60 src/gps_support.o
 .text.get_fattime
                0x08000cd4       0x38 src/gps_support.o
                0x08000cd4                get_fattime
 .text.ChkAckLimit
                0x08000d0c       0x2c src/gps_support.o
                0x08000d0c                ChkAckLimit
 .text.ShutFileClose
                0x08000d38       0x1c src/gps_support.o
                0x08000d38                ShutFileClose
 .text.gps_task
                0x08000d54      0x2fc src/gps_support.o
                0x08000d54                gps_task
 .text.USART_Config_Default
                0x08001050       0x88 src/cdc_support.o
                0x08001050                USART_Config_Default
 .text.USART_Config
                0x080010d8       0xf4 src/cdc_support.o
                0x080010d8                USART_Config
 .text.USB_To_USART_Send_Data
                0x080011cc       0x2c src/cdc_support.o
                0x080011cc                USB_To_USART_Send_Data
 .text.Handle_USBAsynchXfer
                0x080011f8       0x9c src/cdc_support.o
                0x080011f8                Handle_USBAsynchXfer
 .text.USART_To_USB_Send_Data
                0x08001294       0x4c src/cdc_support.o
                0x08001294                USART_To_USB_Send_Data
 .text.CDC_IRQ  0x080012e0       0x2c src/cdc_support.o
                0x080012e0                CDC_IRQ
 .text.cdc_task
                0x0800130c       0x94 src/cdc_support.o
                0x0800130c                cdc_task
 .text.msc_task
                0x080013a0       0xa0 src/msc_support.o
                0x080013a0                msc_task
 .text.conio_init
                0x08001440       0xd4 src/uart_support_gps.o
                0x08001440                conio_init
 .text.USART_TXBuffer_PutByte
                0x08001514       0x4c src/uart_support_gps.o
                0x08001514                USART_TXBuffer_PutByte
 .text.USART_RXBuffer_GetByte
                0x08001560       0x1c src/uart_support_gps.o
                0x08001560                USART_RXBuffer_GetByte
 .text.putch    0x0800157c       0x24 src/uart_support_gps.o
                0x0800157c                putch
 .text.getch    0x080015a0       0x20 src/uart_support_gps.o
                0x080015a0                getch
 .text.conio_IRQ
                0x080015c0       0x98 src/uart_support_gps.o
                0x080015c0                conio_IRQ
 .text.USART2_IRQHandler
                0x08001658       0x10 src/uart_support_gps.o
                0x08001658                USART2_IRQHandler
 .text.Flush_RXBuffer
                0x08001668       0x24 src/uart_support_gps.o
                0x08001668                Flush_RXBuffer
 .text.WaitTxBuffer
                0x0800168c       0x20 src/uart_support_gps.o
                0x0800168c                WaitTxBuffer
 .text.xputc    0x080016ac       0x30 src/xprintf.o
                0x080016ac                xputc
 .text.xputs    0x080016dc       0x14 src/xprintf.o
                0x080016dc                xputs
 .text.xvprintf
                0x080016f0      0x1b8 src/xprintf.o
 .text.xprintf  0x080018a8       0x18 src/xprintf.o
                0x080018a8                xprintf
 .text.xsprintf
                0x080018c0       0x2c src/xprintf.o
                0x080018c0                xsprintf
 .text.Display_IoInit_If
                0x080018ec       0xf8 lib/display/mcu_depend/src/display_if_basis.o
                0x080018ec                Display_IoInit_If
 .text.SetPixel
                0x080019e4        0xa lib/display/abstract/src/display_if_support.o
 *fill*         0x080019ee        0x2 00
 .text.putkanji_t
                0x080019f0       0xc8 lib/display/abstract/src/display_if_support.o
 .text.putank_t.isra.0
                0x08001ab8       0xc0 lib/display/abstract/src/display_if_support.o
 .text.putkanji
                0x08001b78       0xb4 lib/display/abstract/src/display_if_support.o
                0x08001b78                putkanji
 .text.putank   0x08001c2c       0xac lib/display/abstract/src/display_if_support.o
                0x08001c2c                putank
 .text.Display_Puts_If
                0x08001cd8       0x98 lib/display/abstract/src/display_if_support.o
                0x08001cd8                Display_Puts_If
 .text.ST7732_reset
                0x08001d70       0x2c lib/display/drivers/src/st7732.o
                0x08001d70                ST7732_reset
 .text.ST7732_wr_gram
                0x08001d9c       0x14 lib/display/drivers/src/st7732.o
                0x08001d9c                ST7732_wr_gram
 .text.ST7732_rect
                0x08001db0       0x44 lib/display/drivers/src/st7732.o
                0x08001db0                ST7732_rect
 .text.ST7732_clear
                0x08001df4       0x34 lib/display/drivers/src/st7732.o
                0x08001df4                ST7732_clear
 .text.ST7732_init
                0x08001e28      0x17c lib/display/drivers/src/st7732.o
                0x08001e28                ST7732_init
 .text.SearchKanjiBlock
                0x08001fa4       0x34 lib/FONTX2/src/font_if.o
 .text.InitFont_Ank
                0x08001fd8       0x22 lib/FONTX2/src/font_if.o
                0x08001fd8                InitFont_Ank
 *fill*         0x08001ffa        0x2 00
 .text.ChangeCurrentAnk
                0x08001ffc        0xc lib/FONTX2/src/font_if.o
                0x08001ffc                ChangeCurrentAnk
 .text.GetPtr_Ank
                0x08002008       0x18 lib/FONTX2/src/font_if.o
                0x08002008                GetPtr_Ank
 .text.GetPtr_Kanji
                0x08002020       0x3c lib/FONTX2/src/font_if.o
                0x08002020                GetPtr_Kanji
 .text.mem_cpy  0x0800205c       0x2e lib/ff/ff.o
 .text.mem_set  0x0800208a        0xe lib/ff/ff.o
 .text.clmt_clust
                0x08002098       0x22 lib/ff/ff.o
 .text.validate
                0x080020ba       0x2a lib/ff/ff.o
 .text.sync_window
                0x080020e4       0x4e lib/ff/ff.o
 *fill*         0x08002132        0x2 00
 .text.sync_fs  0x08002134       0x70 lib/ff/ff.o
 .text.move_window
                0x080021a4       0x2e lib/ff/ff.o
 *fill*         0x080021d2        0x2 00
 .text.check_fs
                0x080021d4       0x4c lib/ff/ff.o
 .text.chk_mounted
                0x08002220      0x218 lib/ff/ff.o
 .text.clust2sect
                0x08002438       0x18 lib/ff/ff.o
                0x08002438                clust2sect
 .text.get_fat  0x08002450       0xa0 lib/ff/ff.o
                0x08002450                get_fat
 .text.dir_sdi  0x080024f0       0x84 lib/ff/ff.o
 .text.put_fat  0x08002574       0xcc lib/ff/ff.o
                0x08002574                put_fat
 .text.create_chain
                0x08002640       0x9a lib/ff/ff.o
 .text.dir_next
                0x080026da       0xf6 lib/ff/ff.o
 .text.follow_path
                0x080027d0      0x258 lib/ff/ff.o
 .text.dir_alloc.constprop.9
                0x08002a28       0x32 lib/ff/ff.o
 .text.dir_register
                0x08002a5a       0x36 lib/ff/ff.o
 .text.remove_chain
                0x08002a90       0x82 lib/ff/ff.o
 *fill*         0x08002b12        0x2 00
 .text.f_mount  0x08002b14       0x20 lib/ff/ff.o
                0x08002b14                f_mount
 .text.f_open   0x08002b34      0x130 lib/ff/ff.o
                0x08002b34                f_open
 .text.f_write  0x08002c64      0x18e lib/ff/ff.o
                0x08002c64                f_write
 .text.f_sync   0x08002df2       0x5e lib/ff/ff.o
                0x08002df2                f_sync
 .text.f_close  0x08002e50        0xe lib/ff/ff.o
                0x08002e50                f_close
 .text.f_lseek  0x08002e5e      0x1ce lib/ff/ff.o
                0x08002e5e                f_lseek
 .text.CmdResp2Error
                0x0800302c       0x38 lib/ff/sdio_stm32f1.o
 .text.IsCardProgramming
                0x08003064      0x15c lib/ff/sdio_stm32f1.o
 .text.unlikely.SD_LowLevel_DMA_TxConfig
                0x080031c0       0x64 lib/ff/sdio_stm32f1.o
 .text.unlikely.SD_LowLevel_DMA_RxConfig
                0x08003224       0x64 lib/ff/sdio_stm32f1.o
 .text.CmdResp1Error
                0x08003288       0xf4 lib/ff/sdio_stm32f1.o
 .text.SDEnWideBus
                0x0800337c      0x1f0 lib/ff/sdio_stm32f1.o
 .text.SD_PowerON
                0x0800356c      0x1ac lib/ff/sdio_stm32f1.o
                0x0800356c                SD_PowerON
 .text.SD_InitializeCards
                0x08003718      0x164 lib/ff/sdio_stm32f1.o
                0x08003718                SD_InitializeCards
 .text.SD_GetCardInfo
                0x0800387c      0x28c lib/ff/sdio_stm32f1.o
                0x0800387c                SD_GetCardInfo
 .text.SD_EnableWideBusOperation
                0x08003b08       0x74 lib/ff/sdio_stm32f1.o
                0x08003b08                SD_EnableWideBusOperation
 .text.SD_SetDeviceMode
                0x08003b7c       0x14 lib/ff/sdio_stm32f1.o
                0x08003b7c                SD_SetDeviceMode
 .text.SD_SelectDeselect
                0x08003b90       0x2c lib/ff/sdio_stm32f1.o
                0x08003b90                SD_SelectDeselect
 .text.SD_Init  0x08003bbc       0xe0 lib/ff/sdio_stm32f1.o
                0x08003bbc                SD_Init
 .text.SD_ReadBlock
                0x08003c9c      0x22c lib/ff/sdio_stm32f1.o
                0x08003c9c                SD_ReadBlock
 .text.SD_ReadMultiBlocks
                0x08003ec8      0x294 lib/ff/sdio_stm32f1.o
                0x08003ec8                SD_ReadMultiBlocks
 .text.SD_WriteBlock
                0x0800415c      0x2f4 lib/ff/sdio_stm32f1.o
                0x0800415c                SD_WriteBlock
 .text.SD_WriteMultiBlocks
                0x08004450      0x380 lib/ff/sdio_stm32f1.o
                0x08004450                SD_WriteMultiBlocks
 .text.SD_StopTransfer
                0x080047d0       0x2c lib/ff/sdio_stm32f1.o
                0x080047d0                SD_StopTransfer
 .text.SD_SendSDStatus
                0x080047fc      0x168 lib/ff/sdio_stm32f1.o
                0x080047fc                SD_SendSDStatus
 .text.SD_ProcessIRQSrc
                0x08004964      0x1ec lib/ff/sdio_stm32f1.o
                0x08004964                SD_ProcessIRQSrc
 .text.SDIO_IRQHandler
                0x08004b50        0x4 lib/ff/sdio_stm32f1.o
                0x08004b50                SDIO_IRQHandler
 .text.SD_GetCardStatus
                0x08004b54       0x84 lib/ff/sdio_stm32f1.o
                0x08004b54                SD_GetCardStatus
 .text.disk_initialize
                0x08004bd8       0x20 lib/ff/diskio_sdio.o
                0x08004bd8                disk_initialize
 .text.disk_status
                0x08004bf8       0x24 lib/ff/diskio_sdio.o
                0x08004bf8                disk_status
 .text.disk_read
                0x08004c1c       0x2a lib/ff/diskio_sdio.o
                0x08004c1c                disk_read
 .text.disk_write
                0x08004c46       0x2a lib/ff/diskio_sdio.o
                0x08004c46                disk_write
 .text.disk_ioctl
                0x08004c70       0x84 lib/ff/diskio_sdio.o
                0x08004c70                disk_ioctl
 .text.rtc_gettime
                0x08004cf4       0x44 lib/ff/ff_rtc_if.o
                0x08004cf4                rtc_gettime
 .text.PowerOn  0x08004d38       0x30 lib/USB_Functions/usb_pwr.o
                0x08004d38                PowerOn
 .text.USB_Istr
                0x08004d68       0x10 lib/USB_Functions/usb_istr.o
                0x08004d68                USB_Istr
 .text.CDC_USB_Istr
                0x08004d78       0x7c lib/USB_Functions/usb_istr.o
                0x08004d78                CDC_USB_Istr
 .text.MSC_USB_Istr
                0x08004df4       0x54 lib/USB_Functions/usb_istr.o
                0x08004df4                MSC_USB_Istr
 .text.EP1_IN_Callback
                0x08004e48       0x10 lib/USB_Functions/usb_conf.o
                0x08004e48                EP1_IN_Callback
 .text.EP3_OUT_Callback
                0x08004e58       0x10 lib/USB_Functions/usb_conf.o
                0x08004e58                EP3_OUT_Callback
 .text.EP2_OUT_Callback
                0x08004e68       0x10 lib/USB_Functions/usb_conf.o
                0x08004e68                EP2_OUT_Callback
 .text.SOF_Callback
                0x08004e78       0x10 lib/USB_Functions/usb_conf.o
                0x08004e78                SOF_Callback
 .text.nxinit   0x08004e88       0x10 lib/USB_Functions/usb_prop.o
                0x08004e88                nxinit
 .text.nxReset  0x08004e98       0x10 lib/USB_Functions/usb_prop.o
                0x08004e98                nxReset
 .text.nxStatus_In
                0x08004ea8       0x10 lib/USB_Functions/usb_prop.o
                0x08004ea8                nxStatus_In
 .text.nxStatus_Out
                0x08004eb8       0x10 lib/USB_Functions/usb_prop.o
                0x08004eb8                nxStatus_Out
 .text.nxData_Setup
                0x08004ec8       0x10 lib/USB_Functions/usb_prop.o
                0x08004ec8                nxData_Setup
 .text.nxNoData_Setup
                0x08004ed8       0x10 lib/USB_Functions/usb_prop.o
                0x08004ed8                nxNoData_Setup
 .text.nxGet_Interface_Setting
                0x08004ee8       0x10 lib/USB_Functions/usb_prop.o
                0x08004ee8                nxGet_Interface_Setting
 .text.nxGetDeviceDescriptor
                0x08004ef8       0x10 lib/USB_Functions/usb_prop.o
                0x08004ef8                nxGetDeviceDescriptor
 .text.nxGetConfigDescriptor
                0x08004f08       0x10 lib/USB_Functions/usb_prop.o
                0x08004f08                nxGetConfigDescriptor
 .text.nxGetStringDescriptor
                0x08004f18       0x10 lib/USB_Functions/usb_prop.o
                0x08004f18                nxGetStringDescriptor
 .text.nxGetConfiguration
                0x08004f28       0x10 lib/USB_Functions/usb_prop.o
                0x08004f28                nxGetConfiguration
 .text.nxSetConfiguration
                0x08004f38       0x10 lib/USB_Functions/usb_prop.o
                0x08004f38                nxSetConfiguration
 .text.nxGetInterface
                0x08004f48       0x10 lib/USB_Functions/usb_prop.o
                0x08004f48                nxGetInterface
 .text.nxSetInterface
                0x08004f58       0x10 lib/USB_Functions/usb_prop.o
                0x08004f58                nxSetInterface
 .text.nxGetStatus
                0x08004f68       0x10 lib/USB_Functions/usb_prop.o
                0x08004f68                nxGetStatus
 .text.nxClearFeature
                0x08004f78       0x10 lib/USB_Functions/usb_prop.o
                0x08004f78                nxClearFeature
 .text.nxSetEndPointFeature
                0x08004f88       0x10 lib/USB_Functions/usb_prop.o
                0x08004f88                nxSetEndPointFeature
 .text.nxSetDeviceFeature
                0x08004f98       0x10 lib/USB_Functions/usb_prop.o
                0x08004f98                nxSetDeviceFeature
 .text.nxSetDeviceAddress
                0x08004fa8       0x10 lib/USB_Functions/usb_prop.o
                0x08004fa8                nxSetDeviceAddress
 .text.Virtual_Com_Port_SetConfiguration
                0x08004fb8       0x18 lib/USB_Functions/cdc/src/usb_cdc_prop.o
                0x08004fb8                Virtual_Com_Port_SetConfiguration
 .text.Virtual_Com_Port_SetDeviceAddress
                0x08004fd0        0xc lib/USB_Functions/cdc/src/usb_cdc_prop.o
                0x08004fd0                Virtual_Com_Port_SetDeviceAddress
 .text.Virtual_Com_Port_Status_Out
                0x08004fdc        0x2 lib/USB_Functions/cdc/src/usb_cdc_prop.o
                0x08004fdc                Virtual_Com_Port_Status_Out
 *fill*         0x08004fde        0x2 00
 .text.Virtual_Com_Port_Data_Setup
                0x08004fe0       0x5c lib/USB_Functions/cdc/src/usb_cdc_prop.o
                0x08004fe0                Virtual_Com_Port_Data_Setup
 .text.Virtual_Com_Port_NoData_Setup
                0x0800503c       0x24 lib/USB_Functions/cdc/src/usb_cdc_prop.o
                0x0800503c                Virtual_Com_Port_NoData_Setup
 .text.Virtual_Com_Port_Get_Interface_Setting
                0x08005060        0xe lib/USB_Functions/cdc/src/usb_cdc_prop.o
                0x08005060                Virtual_Com_Port_Get_Interface_Setting
 *fill*         0x0800506e        0x2 00
 .text.Virtual_Com_Port_GetLineCoding
                0x08005070       0x18 lib/USB_Functions/cdc/src/usb_cdc_prop.o
                0x08005070                Virtual_Com_Port_GetLineCoding
 .text.Virtual_Com_Port_SetLineCoding
                0x08005088       0x18 lib/USB_Functions/cdc/src/usb_cdc_prop.o
                0x08005088                Virtual_Com_Port_SetLineCoding
 .text.Virtual_Com_Port_GetStringDescriptor
                0x080050a0       0x20 lib/USB_Functions/cdc/src/usb_cdc_prop.o
                0x080050a0                Virtual_Com_Port_GetStringDescriptor
 .text.Virtual_Com_Port_GetConfigDescriptor
                0x080050c0        0xc lib/USB_Functions/cdc/src/usb_cdc_prop.o
                0x080050c0                Virtual_Com_Port_GetConfigDescriptor
 .text.Virtual_Com_Port_GetDeviceDescriptor
                0x080050cc        0xc lib/USB_Functions/cdc/src/usb_cdc_prop.o
                0x080050cc                Virtual_Com_Port_GetDeviceDescriptor
 .text.Virtual_Com_Port_Status_In
                0x080050d8       0x18 lib/USB_Functions/cdc/src/usb_cdc_prop.o
                0x080050d8                Virtual_Com_Port_Status_In
 .text.Virtual_Com_Port_Reset
                0x080050f0      0x100 lib/USB_Functions/cdc/src/usb_cdc_prop.o
                0x080050f0                Virtual_Com_Port_Reset
 .text.Virtual_Com_Port_init
                0x080051f0       0x34 lib/USB_Functions/cdc/src/usb_cdc_prop.o
                0x080051f0                Virtual_Com_Port_init
 .text.CDC_SetStructure
                0x08005224       0xf4 lib/USB_Functions/cdc/src/usb_cdc_prop.o
                0x08005224                CDC_SetStructure
 .text.CDC_EP1_IN_Callback
                0x08005318       0xc0 lib/USB_Functions/cdc/src/usb_cdc_endp.o
                0x08005318                CDC_EP1_IN_Callback
 .text.CDC_EP3_OUT_Callback
                0x080053d8       0x5c lib/USB_Functions/cdc/src/usb_cdc_endp.o
                0x080053d8                CDC_EP3_OUT_Callback
 .text.CDC_SOF_Callback
                0x08005434       0x28 lib/USB_Functions/cdc/src/usb_cdc_endp.o
                0x08005434                CDC_SOF_Callback
 .text.MAL_Init
                0x0800545c       0x1c lib/USB_Functions/msc/src/usb_msc_mass_mal.o
                0x0800545c                MAL_Init
 .text.MAL_Write
                0x08005478       0x24 lib/USB_Functions/msc/src/usb_msc_mass_mal.o
                0x08005478                MAL_Write
 .text.MAL_Read
                0x0800549c       0x24 lib/USB_Functions/msc/src/usb_msc_mass_mal.o
                0x0800549c                MAL_Read
 .text.MAL_GetStatus
                0x080054c0       0xc8 lib/USB_Functions/msc/src/usb_msc_mass_mal.o
                0x080054c0                MAL_GetStatus
 .text.Read_Memory
                0x08005588       0xf8 lib/USB_Functions/msc/src/usb_msc_memory.o
                0x08005588                Read_Memory
 .text.Write_Memory
                0x08005680      0x100 lib/USB_Functions/msc/src/usb_msc_memory.o
                0x08005680                Write_Memory
 .text.SCSI_Inquiry_Cmd
                0x08005780       0x28 lib/USB_Functions/msc/src/usb_msc_scsi.o
                0x08005780                SCSI_Inquiry_Cmd
 .text.SCSI_ReadFormatCapacity_Cmd
                0x080057a8       0x68 lib/USB_Functions/msc/src/usb_msc_scsi.o
                0x080057a8                SCSI_ReadFormatCapacity_Cmd
 .text.SCSI_ReadCapacity10_Cmd
                0x08005810       0x6c lib/USB_Functions/msc/src/usb_msc_scsi.o
                0x08005810                SCSI_ReadCapacity10_Cmd
 .text.SCSI_ModeSense6_Cmd
                0x0800587c        0xc lib/USB_Functions/msc/src/usb_msc_scsi.o
                0x0800587c                SCSI_ModeSense6_Cmd
 .text.SCSI_ModeSense10_Cmd
                0x08005888        0xc lib/USB_Functions/msc/src/usb_msc_scsi.o
                0x08005888                SCSI_ModeSense10_Cmd
 .text.SCSI_RequestSense_Cmd
                0x08005894       0x18 lib/USB_Functions/msc/src/usb_msc_scsi.o
                0x08005894                SCSI_RequestSense_Cmd
 .text.Set_Scsi_Sense_Data
                0x080058ac        0xc lib/USB_Functions/msc/src/usb_msc_scsi.o
                0x080058ac                Set_Scsi_Sense_Data
 .text.SCSI_Start_Stop_Unit_Cmd
                0x080058b8        0x8 lib/USB_Functions/msc/src/usb_msc_scsi.o
                0x080058b8                SCSI_Start_Stop_Unit_Cmd
 .text.SCSI_Verify10_Cmd
                0x080058c0       0x3c lib/USB_Functions/msc/src/usb_msc_scsi.o
                0x080058c0                SCSI_Verify10_Cmd
 .text.SCSI_TestUnitReady_Cmd
                0x080058fc       0x34 lib/USB_Functions/msc/src/usb_msc_scsi.o
                0x080058fc                SCSI_TestUnitReady_Cmd
 .text.SCSI_Format_Cmd
                0x08005930       0x2c lib/USB_Functions/msc/src/usb_msc_scsi.o
                0x08005930                SCSI_Format_Cmd
 .text.SCSI_Invalid_Cmd
                0x0800595c       0x38 lib/USB_Functions/msc/src/usb_msc_scsi.o
                0x0800595c                SCSI_Invalid_Cmd
 .text.SCSI_Address_Management
                0x08005994       0x70 lib/USB_Functions/msc/src/usb_msc_scsi.o
                0x08005994                SCSI_Address_Management
 .text.SCSI_Write10_Cmd
                0x08005a04       0x70 lib/USB_Functions/msc/src/usb_msc_scsi.o
                0x08005a04                SCSI_Write10_Cmd
 .text.SCSI_Read10_Cmd
                0x08005a74       0x70 lib/USB_Functions/msc/src/usb_msc_scsi.o
                0x08005a74                SCSI_Read10_Cmd
 .text.Bot_Abort.part.1
                0x08005ae4       0x18 lib/USB_Functions/msc/src/usb_msc_bot.o
 .text.Transfer_Data_Request
                0x08005afc       0x34 lib/USB_Functions/msc/src/usb_msc_bot.o
                0x08005afc                Transfer_Data_Request
 .text.Set_CSW  0x08005b30       0x3c lib/USB_Functions/msc/src/usb_msc_bot.o
                0x08005b30                Set_CSW
 .text.Mass_Storage_In
                0x08005b6c       0x5c lib/USB_Functions/msc/src/usb_msc_bot.o
                0x08005b6c                Mass_Storage_In
 .text.CBW_Decode
                0x08005bc8      0x1d0 lib/USB_Functions/msc/src/usb_msc_bot.o
                0x08005bc8                CBW_Decode
 .text.Bot_Abort
                0x08005d98       0x22 lib/USB_Functions/msc/src/usb_msc_bot.o
                0x08005d98                Bot_Abort
 *fill*         0x08005dba        0x2 00
 .text.Mass_Storage_Out
                0x08005dbc       0xb8 lib/USB_Functions/msc/src/usb_msc_bot.o
                0x08005dbc                Mass_Storage_Out
 .text.Mass_SetDeviceAddress
                0x08005e74        0xc lib/USB_Functions/msc/src/usb_msc_prop.o
                0x08005e74                Mass_SetDeviceAddress
 .text.Mass_Status_In
                0x08005e80        0x2 lib/USB_Functions/msc/src/usb_msc_prop.o
                0x08005e80                Mass_Status_In
 .text.Mass_Status_Out
                0x08005e82        0x2 lib/USB_Functions/msc/src/usb_msc_prop.o
                0x08005e82                Mass_Status_Out
 .text.Mass_Get_Interface_Setting
                0x08005e84        0xc lib/USB_Functions/msc/src/usb_msc_prop.o
                0x08005e84                Mass_Get_Interface_Setting
 .text.Get_Max_Lun
                0x08005e90       0x18 lib/USB_Functions/msc/src/usb_msc_prop.o
                0x08005e90                Get_Max_Lun
 .text.Mass_GetStringDescriptor
                0x08005ea8       0x20 lib/USB_Functions/msc/src/usb_msc_prop.o
                0x08005ea8                Mass_GetStringDescriptor
 .text.Mass_GetConfigDescriptor
                0x08005ec8        0xc lib/USB_Functions/msc/src/usb_msc_prop.o
                0x08005ec8                Mass_GetConfigDescriptor
 .text.Mass_GetDeviceDescriptor
                0x08005ed4        0xc lib/USB_Functions/msc/src/usb_msc_prop.o
                0x08005ed4                Mass_GetDeviceDescriptor
 .text.Mass_ClearFeature
                0x08005ee0       0x1c lib/USB_Functions/msc/src/usb_msc_prop.o
                0x08005ee0                Mass_ClearFeature
 .text.Mass_Reset
                0x08005efc      0x104 lib/USB_Functions/msc/src/usb_msc_prop.o
                0x08005efc                Mass_Reset
 .text.Mass_init
                0x08006000       0x30 lib/USB_Functions/msc/src/usb_msc_prop.o
                0x08006000                Mass_init
 .text.Mass_NoData_Setup
                0x08006030       0x4c lib/USB_Functions/msc/src/usb_msc_prop.o
                0x08006030                Mass_NoData_Setup
 .text.Mass_SetConfiguration
                0x0800607c       0x30 lib/USB_Functions/msc/src/usb_msc_prop.o
                0x0800607c                Mass_SetConfiguration
 .text.Mass_Data_Setup
                0x080060ac       0x38 lib/USB_Functions/msc/src/usb_msc_prop.o
                0x080060ac                Mass_Data_Setup
 .text.MSC_SetStructure
                0x080060e4       0xf8 lib/USB_Functions/msc/src/usb_msc_prop.o
                0x080060e4                MSC_SetStructure
 .text.NVIC_PriorityGroupConfig
                0x080061dc       0x14 STM32F103VET6_lib.a(misc.o)
                0x080061dc                NVIC_PriorityGroupConfig
 .text.NVIC_Init
                0x080061f0       0x68 STM32F103VET6_lib.a(misc.o)
                0x080061f0                NVIC_Init
 .text.NVIC_SetVectorTable
                0x08006258       0x14 STM32F103VET6_lib.a(misc.o)
                0x08006258                NVIC_SetVectorTable
 .text.SysTick_CLKSourceConfig
                0x0800626c       0x18 STM32F103VET6_lib.a(misc.o)
                0x0800626c                SysTick_CLKSourceConfig
 .text.GPIO_Init
                0x08006284       0x98 STM32F103VET6_lib.a(stm32f10x_gpio.o)
                0x08006284                GPIO_Init
 .text.GPIO_ReadInputDataBit
                0x0800631c        0xc STM32F103VET6_lib.a(stm32f10x_gpio.o)
                0x0800631c                GPIO_ReadInputDataBit
 .text.GPIO_SetBits
                0x08006328        0x4 STM32F103VET6_lib.a(stm32f10x_gpio.o)
                0x08006328                GPIO_SetBits
 .text.GPIO_ResetBits
                0x0800632c        0x4 STM32F103VET6_lib.a(stm32f10x_gpio.o)
                0x0800632c                GPIO_ResetBits
 .text.FSMC_NORSRAMInit
                0x08006330       0xbc STM32F103VET6_lib.a(stm32f10x_fsmc.o)
                0x08006330                FSMC_NORSRAMInit
 .text.FSMC_NORSRAMCmd
                0x080063ec       0x24 STM32F103VET6_lib.a(stm32f10x_fsmc.o)
                0x080063ec                FSMC_NORSRAMCmd
 .text.RCC_PLLConfig
                0x08006410       0x14 STM32F103VET6_lib.a(stm32f10x_rcc.o)
                0x08006410                RCC_PLLConfig
 .text.RCC_PLLCmd
                0x08006424        0xc STM32F103VET6_lib.a(stm32f10x_rcc.o)
                0x08006424                RCC_PLLCmd
 .text.RCC_SYSCLKConfig
                0x08006430       0x14 STM32F103VET6_lib.a(stm32f10x_rcc.o)
                0x08006430                RCC_SYSCLKConfig
 .text.RCC_GetSYSCLKSource
                0x08006444       0x10 STM32F103VET6_lib.a(stm32f10x_rcc.o)
                0x08006444                RCC_GetSYSCLKSource
 .text.RCC_USBCLKConfig
                0x08006454        0xc STM32F103VET6_lib.a(stm32f10x_rcc.o)
                0x08006454                RCC_USBCLKConfig
 .text.RCC_LSEConfig
                0x08006460       0x20 STM32F103VET6_lib.a(stm32f10x_rcc.o)
                0x08006460                RCC_LSEConfig
 .text.RCC_RTCCLKConfig
                0x08006480       0x10 STM32F103VET6_lib.a(stm32f10x_rcc.o)
                0x08006480                RCC_RTCCLKConfig
 .text.RCC_RTCCLKCmd
                0x08006490        0xc STM32F103VET6_lib.a(stm32f10x_rcc.o)
                0x08006490                RCC_RTCCLKCmd
 .text.RCC_GetClocksFreq
                0x0800649c       0x9c STM32F103VET6_lib.a(stm32f10x_rcc.o)
                0x0800649c                RCC_GetClocksFreq
 .text.RCC_AHBPeriphClockCmd
                0x08006538       0x18 STM32F103VET6_lib.a(stm32f10x_rcc.o)
                0x08006538                RCC_AHBPeriphClockCmd
 .text.RCC_APB2PeriphClockCmd
                0x08006550       0x18 STM32F103VET6_lib.a(stm32f10x_rcc.o)
                0x08006550                RCC_APB2PeriphClockCmd
 .text.RCC_APB1PeriphClockCmd
                0x08006568       0x18 STM32F103VET6_lib.a(stm32f10x_rcc.o)
                0x08006568                RCC_APB1PeriphClockCmd
 .text.RCC_BackupResetCmd
                0x08006580        0xc STM32F103VET6_lib.a(stm32f10x_rcc.o)
                0x08006580                RCC_BackupResetCmd
 .text.RCC_GetFlagStatus
                0x0800658c       0x28 STM32F103VET6_lib.a(stm32f10x_rcc.o)
                0x0800658c                RCC_GetFlagStatus
 .text.ADC_Init
                0x080065b4       0x48 STM32F103VET6_lib.a(stm32f10x_adc.o)
                0x080065b4                ADC_Init
 .text.ADC_Cmd  0x080065fc       0x12 STM32F103VET6_lib.a(stm32f10x_adc.o)
                0x080065fc                ADC_Cmd
 .text.ADC_DMACmd
                0x0800660e       0x12 STM32F103VET6_lib.a(stm32f10x_adc.o)
                0x0800660e                ADC_DMACmd
 .text.ADC_ResetCalibration
                0x08006620        0xa STM32F103VET6_lib.a(stm32f10x_adc.o)
                0x08006620                ADC_ResetCalibration
 .text.ADC_GetResetCalibrationStatus
                0x0800662a        0x8 STM32F103VET6_lib.a(stm32f10x_adc.o)
                0x0800662a                ADC_GetResetCalibrationStatus
 .text.ADC_StartCalibration
                0x08006632        0xa STM32F103VET6_lib.a(stm32f10x_adc.o)
                0x08006632                ADC_StartCalibration
 .text.ADC_GetCalibrationStatus
                0x0800663c        0x8 STM32F103VET6_lib.a(stm32f10x_adc.o)
                0x0800663c                ADC_GetCalibrationStatus
 .text.ADC_SoftwareStartConvCmd
                0x08006644       0x12 STM32F103VET6_lib.a(stm32f10x_adc.o)
                0x08006644                ADC_SoftwareStartConvCmd
 .text.ADC_RegularChannelConfig
                0x08006656       0x9a STM32F103VET6_lib.a(stm32f10x_adc.o)
                0x08006656                ADC_RegularChannelConfig
 .text.ADC_ExternalTrigConvCmd
                0x080066f0       0x12 STM32F103VET6_lib.a(stm32f10x_adc.o)
                0x080066f0                ADC_ExternalTrigConvCmd
 *fill*         0x08006702        0x2 00
 .text.ADC_TempSensorVrefintCmd
                0x08006704       0x18 STM32F103VET6_lib.a(stm32f10x_adc.o)
                0x08006704                ADC_TempSensorVrefintCmd
 .text.DMA_DeInit
                0x0800671c       0xf0 STM32F103VET6_lib.a(stm32f10x_dma.o)
                0x0800671c                DMA_DeInit
 .text.DMA_Init
                0x0800680c       0x40 STM32F103VET6_lib.a(stm32f10x_dma.o)
                0x0800680c                DMA_Init
 .text.DMA_Cmd  0x0800684c       0x16 STM32F103VET6_lib.a(stm32f10x_dma.o)
                0x0800684c                DMA_Cmd
 *fill*         0x08006862        0x2 00
 .text.DMA_GetFlagStatus
                0x08006864       0x1c STM32F103VET6_lib.a(stm32f10x_dma.o)
                0x08006864                DMA_GetFlagStatus
 .text.DMA_ClearFlag
                0x08006880       0x14 STM32F103VET6_lib.a(stm32f10x_dma.o)
                0x08006880                DMA_ClearFlag
 .text.TIM_TimeBaseInit
                0x08006894       0x94 STM32F103VET6_lib.a(stm32f10x_tim.o)
                0x08006894                TIM_TimeBaseInit
 .text.TIM_TimeBaseStructInit
                0x08006928       0x12 STM32F103VET6_lib.a(stm32f10x_tim.o)
                0x08006928                TIM_TimeBaseStructInit
 .text.TIM_Cmd  0x0800693a       0x18 STM32F103VET6_lib.a(stm32f10x_tim.o)
                0x0800693a                TIM_Cmd
 *fill*         0x08006952        0x2 00
 .text.RTC_ITConfig
                0x08006954       0x18 STM32F103VET6_lib.a(stm32f10x_rtc.o)
                0x08006954                RTC_ITConfig
 .text.RTC_EnterConfigMode
                0x0800696c       0x14 STM32F103VET6_lib.a(stm32f10x_rtc.o)
                0x0800696c                RTC_EnterConfigMode
 .text.RTC_ExitConfigMode
                0x08006980       0x14 STM32F103VET6_lib.a(stm32f10x_rtc.o)
                0x08006980                RTC_ExitConfigMode
 .text.RTC_GetCounter
                0x08006994       0x28 STM32F103VET6_lib.a(stm32f10x_rtc.o)
                0x08006994                RTC_GetCounter
 .text.RTC_SetCounter
                0x080069bc       0x20 STM32F103VET6_lib.a(stm32f10x_rtc.o)
                0x080069bc                RTC_SetCounter
 .text.RTC_SetPrescaler
                0x080069dc       0x20 STM32F103VET6_lib.a(stm32f10x_rtc.o)
                0x080069dc                RTC_SetPrescaler
 .text.RTC_WaitForLastTask
                0x080069fc       0x14 STM32F103VET6_lib.a(stm32f10x_rtc.o)
                0x080069fc                RTC_WaitForLastTask
 .text.RTC_WaitForSynchro
                0x08006a10       0x24 STM32F103VET6_lib.a(stm32f10x_rtc.o)
                0x08006a10                RTC_WaitForSynchro
 .text.SDIO_DeInit
                0x08006a34       0x24 STM32F103VET6_lib.a(stm32f10x_sdio.o)
                0x08006a34                SDIO_DeInit
 .text.SDIO_Init
                0x08006a58       0x30 STM32F103VET6_lib.a(stm32f10x_sdio.o)
                0x08006a58                SDIO_Init
 .text.SDIO_ClockCmd
                0x08006a88        0xc STM32F103VET6_lib.a(stm32f10x_sdio.o)
                0x08006a88                SDIO_ClockCmd
 .text.SDIO_SetPowerState
                0x08006a94        0xc STM32F103VET6_lib.a(stm32f10x_sdio.o)
                0x08006a94                SDIO_SetPowerState
 .text.SDIO_GetPowerState
                0x08006aa0       0x10 STM32F103VET6_lib.a(stm32f10x_sdio.o)
                0x08006aa0                SDIO_GetPowerState
 .text.SDIO_ITConfig
                0x08006ab0       0x18 STM32F103VET6_lib.a(stm32f10x_sdio.o)
                0x08006ab0                SDIO_ITConfig
 .text.SDIO_DMACmd
                0x08006ac8        0xc STM32F103VET6_lib.a(stm32f10x_sdio.o)
                0x08006ac8                SDIO_DMACmd
 .text.SDIO_SendCommand
                0x08006ad4       0x2c STM32F103VET6_lib.a(stm32f10x_sdio.o)
                0x08006ad4                SDIO_SendCommand
 .text.SDIO_GetCommandResponse
                0x08006b00        0xc STM32F103VET6_lib.a(stm32f10x_sdio.o)
                0x08006b00                SDIO_GetCommandResponse
 .text.SDIO_GetResponse
                0x08006b0c       0x18 STM32F103VET6_lib.a(stm32f10x_sdio.o)
                0x08006b0c                SDIO_GetResponse
 .text.SDIO_DataConfig
                0x08006b24       0x2c STM32F103VET6_lib.a(stm32f10x_sdio.o)
                0x08006b24                SDIO_DataConfig
 .text.SDIO_ReadData
                0x08006b50        0xc STM32F103VET6_lib.a(stm32f10x_sdio.o)
                0x08006b50                SDIO_ReadData
 .text.SDIO_WriteData
                0x08006b5c        0xc STM32F103VET6_lib.a(stm32f10x_sdio.o)
                0x08006b5c                SDIO_WriteData
 .text.SDIO_GetFlagStatus
                0x08006b68       0x14 STM32F103VET6_lib.a(stm32f10x_sdio.o)
                0x08006b68                SDIO_GetFlagStatus
 .text.SDIO_ClearFlag
                0x08006b7c        0xc STM32F103VET6_lib.a(stm32f10x_sdio.o)
                0x08006b7c                SDIO_ClearFlag
 .text.SDIO_GetITStatus
                0x08006b88       0x14 STM32F103VET6_lib.a(stm32f10x_sdio.o)
                0x08006b88                SDIO_GetITStatus
 .text.SDIO_ClearITPendingBit
                0x08006b9c        0xc STM32F103VET6_lib.a(stm32f10x_sdio.o)
                0x08006b9c                SDIO_ClearITPendingBit
 .text.USART_Init
                0x08006ba8       0xb0 STM32F103VET6_lib.a(stm32f10x_usart.o)
                0x08006ba8                USART_Init
 .text.USART_StructInit
                0x08006c58       0x16 STM32F103VET6_lib.a(stm32f10x_usart.o)
                0x08006c58                USART_StructInit
 .text.USART_Cmd
                0x08006c6e       0x18 STM32F103VET6_lib.a(stm32f10x_usart.o)
                0x08006c6e                USART_Cmd
 .text.USART_ITConfig
                0x08006c86       0x34 STM32F103VET6_lib.a(stm32f10x_usart.o)
                0x08006c86                USART_ITConfig
 .text.USART_SendData
                0x08006cba        0x8 STM32F103VET6_lib.a(stm32f10x_usart.o)
                0x08006cba                USART_SendData
 .text.USART_ReceiveData
                0x08006cc2        0x8 STM32F103VET6_lib.a(stm32f10x_usart.o)
                0x08006cc2                USART_ReceiveData
 .text.USART_GetFlagStatus
                0x08006cca        0xc STM32F103VET6_lib.a(stm32f10x_usart.o)
                0x08006cca                USART_GetFlagStatus
 .text.USART_GetITStatus
                0x08006cd6       0x40 STM32F103VET6_lib.a(stm32f10x_usart.o)
                0x08006cd6                USART_GetITStatus
 .text.BKP_DeInit
                0x08006d16       0x12 STM32F103VET6_lib.a(stm32f10x_bkp.o)
                0x08006d16                BKP_DeInit
 .text.BKP_WriteBackupRegister
                0x08006d28       0x1c STM32F103VET6_lib.a(stm32f10x_bkp.o)
                0x08006d28                BKP_WriteBackupRegister
 .text.BKP_ReadBackupRegister
                0x08006d44       0x20 STM32F103VET6_lib.a(stm32f10x_bkp.o)
                0x08006d44                BKP_ReadBackupRegister
 .text.PWR_BackupAccessCmd
                0x08006d64        0xc STM32F103VET6_lib.a(stm32f10x_pwr.o)
                0x08006d64                PWR_BackupAccessCmd
 .text.Standard_GetConfiguration
                0x08006d70       0x24 STM32F103VET6_lib.a(usb_core.o)
                0x08006d70                Standard_GetConfiguration
 .text.Standard_GetInterface
                0x08006d94       0x24 STM32F103VET6_lib.a(usb_core.o)
                0x08006d94                Standard_GetInterface
 .text.Standard_GetStatus
                0x08006db8       0x9c STM32F103VET6_lib.a(usb_core.o)
                0x08006db8                Standard_GetStatus
 .text.DataStageIn
                0x08006e54       0xa0 STM32F103VET6_lib.a(usb_core.o)
 .text.Standard_SetConfiguration
                0x08006ef4       0x38 STM32F103VET6_lib.a(usb_core.o)
                0x08006ef4                Standard_SetConfiguration
 .text.Standard_SetInterface
                0x08006f2c       0x48 STM32F103VET6_lib.a(usb_core.o)
                0x08006f2c                Standard_SetInterface
 .text.Standard_ClearFeature
                0x08006f74       0xdc STM32F103VET6_lib.a(usb_core.o)
                0x08006f74                Standard_ClearFeature
 .text.Standard_SetEndPointFeature
                0x08007050       0x8c STM32F103VET6_lib.a(usb_core.o)
                0x08007050                Standard_SetEndPointFeature
 .text.Standard_SetDeviceFeature
                0x080070dc       0x24 STM32F103VET6_lib.a(usb_core.o)
                0x080070dc                Standard_SetDeviceFeature
 .text.Standard_GetDescriptorData
                0x08007100       0x1c STM32F103VET6_lib.a(usb_core.o)
                0x08007100                Standard_GetDescriptorData
 .text.Post0_Process
                0x0800711c       0x40 STM32F103VET6_lib.a(usb_core.o)
                0x0800711c                Post0_Process
 .text.Out0_Process
                0x0800715c       0xd4 STM32F103VET6_lib.a(usb_core.o)
                0x0800715c                Out0_Process
 .text.Setup0_Process
                0x08007230      0x2f8 STM32F103VET6_lib.a(usb_core.o)
                0x08007230                Setup0_Process
 .text.SetDeviceAddress
                0x08007528       0x40 STM32F103VET6_lib.a(usb_core.o)
                0x08007528                SetDeviceAddress
 .text.In0_Process
                0x08007568       0x60 STM32F103VET6_lib.a(usb_core.o)
                0x08007568                In0_Process
 .text.NOP_Process
                0x080075c8        0x2 STM32F103VET6_lib.a(usb_core.o)
                0x080075c8                NOP_Process
 *fill*         0x080075ca        0x2 00
 .text.USB_Init
                0x080075cc       0x38 STM32F103VET6_lib.a(usb_init.o)
                0x080075cc                USB_Init
 .text.CTR_LP   0x08007604      0x190 STM32F103VET6_lib.a(usb_int.o)
                0x08007604                CTR_LP
 .text.CTR_HP   0x08007794       0x74 STM32F103VET6_lib.a(usb_int.o)
                0x08007794                CTR_HP
 .text.UserToPMABufferCopy
                0x08007808       0x2e STM32F103VET6_lib.a(usb_mem.o)
                0x08007808                UserToPMABufferCopy
 .text.PMAToUserBufferCopy
                0x08007836       0x24 STM32F103VET6_lib.a(usb_mem.o)
                0x08007836                PMAToUserBufferCopy
 *fill*         0x0800785a        0x2 00
 .text.SetBTABLE
                0x0800785c       0x10 STM32F103VET6_lib.a(usb_regs.o)
                0x0800785c                SetBTABLE
 .text.GetENDPOINT
                0x0800786c       0x10 STM32F103VET6_lib.a(usb_regs.o)
                0x0800786c                GetENDPOINT
 .text.SetEPType
                0x0800787c       0x18 STM32F103VET6_lib.a(usb_regs.o)
                0x0800787c                SetEPType
 .text.SetEPTxStatus
                0x08007894       0x3a STM32F103VET6_lib.a(usb_regs.o)
                0x08007894                SetEPTxStatus
 .text.SetEPRxStatus
                0x080078ce       0x3a STM32F103VET6_lib.a(usb_regs.o)
                0x080078ce                SetEPRxStatus
 .text.SetEPTxValid
                0x08007908       0x22 STM32F103VET6_lib.a(usb_regs.o)
                0x08007908                SetEPTxValid
 .text.SetEPRxValid
                0x0800792a       0x22 STM32F103VET6_lib.a(usb_regs.o)
                0x0800792a                SetEPRxValid
 .text.Clear_Status_Out
                0x0800794c       0x1e STM32F103VET6_lib.a(usb_regs.o)
                0x0800794c                Clear_Status_Out
 .text.SetEPDoubleBuff
                0x0800796a       0x1e STM32F103VET6_lib.a(usb_regs.o)
                0x0800796a                SetEPDoubleBuff
 .text.ToggleDTOG_TX
                0x08007988       0x1e STM32F103VET6_lib.a(usb_regs.o)
                0x08007988                ToggleDTOG_TX
 .text.ClearDTOG_RX
                0x080079a6       0x24 STM32F103VET6_lib.a(usb_regs.o)
                0x080079a6                ClearDTOG_RX
 .text.ClearDTOG_TX
                0x080079ca       0x24 STM32F103VET6_lib.a(usb_regs.o)
                0x080079ca                ClearDTOG_TX
 *fill*         0x080079ee        0x2 00
 .text.SetEPTxAddr
                0x080079f0       0x20 STM32F103VET6_lib.a(usb_regs.o)
                0x080079f0                SetEPTxAddr
 .text.SetEPRxAddr
                0x08007a10       0x20 STM32F103VET6_lib.a(usb_regs.o)
                0x08007a10                SetEPRxAddr
 .text.GetEPTxAddr
                0x08007a30       0x1c STM32F103VET6_lib.a(usb_regs.o)
                0x08007a30                GetEPTxAddr
 .text.GetEPRxAddr
                0x08007a4c       0x1c STM32F103VET6_lib.a(usb_regs.o)
                0x08007a4c                GetEPRxAddr
 .text.SetEPTxCount
                0x08007a68       0x1c STM32F103VET6_lib.a(usb_regs.o)
                0x08007a68                SetEPTxCount
 .text.SetEPRxCount
                0x08007a84       0x3c STM32F103VET6_lib.a(usb_regs.o)
                0x08007a84                SetEPRxCount
 .text.SetEPDblBuffAddr
                0x08007ac0       0x38 STM32F103VET6_lib.a(usb_regs.o)
                0x08007ac0                SetEPDblBuffAddr
 .text.SetEPDblBuffCount
                0x08007af8       0xa4 STM32F103VET6_lib.a(usb_regs.o)
                0x08007af8                SetEPDblBuffCount
 .text.GetEPDblBuf0Count
                0x08007b9c       0x20 STM32F103VET6_lib.a(usb_regs.o)
                0x08007b9c                GetEPDblBuf0Count
 .text.GetEPDblBuf1Count
                0x08007bbc       0x20 STM32F103VET6_lib.a(usb_regs.o)
                0x08007bbc                GetEPDblBuf1Count
 .text.FreeUserBuffer
                0x08007bdc       0x42 STM32F103VET6_lib.a(usb_regs.o)
                0x08007bdc                FreeUserBuffer
 .text.ByteSwap
                0x08007c1e        0xa STM32F103VET6_lib.a(usb_regs.o)
                0x08007c1e                ByteSwap
 .text.USB_SIL_Init
                0x08007c28       0x20 STM32F103VET6_lib.a(usb_sil.o)
                0x08007c28                USB_SIL_Init
 .text.USB_SIL_Write
                0x08007c48       0x28 STM32F103VET6_lib.a(usb_sil.o)
                0x08007c48                USB_SIL_Write
 .text.Reset_Handler
                0x08007c70       0x4c STM32F103VET6_lib.a(startup_stm32f10x_hd.o)
                0x08007c70                Reset_Handler
 .text.Default_Handler
                0x08007cbc        0x4 STM32F103VET6_lib.a(startup_stm32f10x_hd.o)
                0x08007cbc                EXTI2_IRQHandler
                0x08007cbc                TIM8_TRG_COM_IRQHandler
                0x08007cbc                TIM8_CC_IRQHandler
                0x08007cbc                TIM1_CC_IRQHandler
                0x08007cbc                TIM6_IRQHandler
                0x08007cbc                PVD_IRQHandler
                0x08007cbc                EXTI3_IRQHandler
                0x08007cbc                EXTI0_IRQHandler
                0x08007cbc                I2C2_EV_IRQHandler
                0x08007cbc                ADC1_2_IRQHandler
                0x08007cbc                SPI1_IRQHandler
                0x08007cbc                TAMPER_IRQHandler
                0x08007cbc                TIM8_UP_IRQHandler
                0x08007cbc                DMA2_Channel2_IRQHandler
                0x08007cbc                DMA1_Channel4_IRQHandler
                0x08007cbc                USART3_IRQHandler
                0x08007cbc                DMA1_Channel7_IRQHandler
                0x08007cbc                CAN1_RX1_IRQHandler
                0x08007cbc                UART5_IRQHandler
                0x08007cbc                ADC3_IRQHandler
                0x08007cbc                TIM4_IRQHandler
                0x08007cbc                DMA2_Channel1_IRQHandler
                0x08007cbc                I2C1_EV_IRQHandler
                0x08007cbc                DMA1_Channel6_IRQHandler
                0x08007cbc                UART4_IRQHandler
                0x08007cbc                TIM3_IRQHandler
                0x08007cbc                RCC_IRQHandler
                0x08007cbc                TIM1_TRG_COM_IRQHandler
                0x08007cbc                DMA1_Channel1_IRQHandler
                0x08007cbc                Default_Handler
                0x08007cbc                EXTI15_10_IRQHandler
                0x08007cbc                TIM7_IRQHandler
                0x08007cbc                TIM5_IRQHandler
                0x08007cbc                EXTI9_5_IRQHandler
                0x08007cbc                SPI2_IRQHandler
                0x08007cbc                DMA1_Channel5_IRQHandler
                0x08007cbc                EXTI4_IRQHandler
                0x08007cbc                DMA1_Channel3_IRQHandler
                0x08007cbc                FSMC_IRQHandler
                0x08007cbc                TIM1_UP_IRQHandler
                0x08007cbc                WWDG_IRQHandler
                0x08007cbc                TIM2_IRQHandler
                0x08007cbc                TIM1_BRK_IRQHandler
                0x08007cbc                EXTI1_IRQHandler
                0x08007cbc                RTCAlarm_IRQHandler
                0x08007cbc                DMA2_Channel4_5_IRQHandler
                0x08007cbc                I2C2_ER_IRQHandler
                0x08007cbc                DMA1_Channel2_IRQHandler
                0x08007cbc                TIM8_BRK_IRQHandler
                0x08007cbc                CAN1_SCE_IRQHandler
                0x08007cbc                FLASH_IRQHandler
                0x08007cbc                USART1_IRQHandler
                0x08007cbc                SPI3_IRQHandler
                0x08007cbc                I2C1_ER_IRQHandler
                0x08007cbc                USBWakeUp_IRQHandler
                0x08007cbc                DMA2_Channel3_IRQHandler
 .text.__errno  0x08007cc0        0xc c:/devz/arm/launchpad/bin/../lib/gcc/arm-none-eabi/4.7.3/../../../../arm-none-eabi/lib/armv7-m\libc_s.a(lib_a-errno.o)
                0x08007cc0                __errno
 .text.localtime
                0x08007ccc       0x28 c:/devz/arm/launchpad/bin/../lib/gcc/arm-none-eabi/4.7.3/../../../../arm-none-eabi/lib/armv7-m\libc_s.a(lib_a-lcltime.o)
                0x08007ccc                localtime
 .text.localtime_r
                0x08007cf4        0x6 c:/devz/arm/launchpad/bin/../lib/gcc/arm-none-eabi/4.7.3/../../../../arm-none-eabi/lib/armv7-m\libc_s.a(lib_a-lcltime_r.o)
                0x08007cf4                localtime_r
 *fill*         0x08007cfa        0x2 00
 .text.malloc   0x08007cfc       0x10 c:/devz/arm/launchpad/bin/../lib/gcc/arm-none-eabi/4.7.3/../../../../arm-none-eabi/lib/armv7-m\libc_s.a(lib_a-malloc.o)
                0x08007cfc                malloc
 .text._malloc_r
                0x08007d0c       0x94 c:/devz/arm/launchpad/bin/../lib/gcc/arm-none-eabi/4.7.3/../../../../arm-none-eabi/lib/armv7-m\libc_s.a(lib_a-mallocr.o)
                0x08007d0c                _malloc_r
 .text.memcpy   0x08007da0       0x12 c:/devz/arm/launchpad/bin/../lib/gcc/arm-none-eabi/4.7.3/../../../../arm-none-eabi/lib/armv7-m\libc_s.a(lib_a-memcpy.o)
                0x08007da0                memcpy
 *fill*         0x08007db2        0x2 00
 .text.validate_structure
                0x08007db4      0x190 c:/devz/arm/launchpad/bin/../lib/gcc/arm-none-eabi/4.7.3/../../../../arm-none-eabi/lib/armv7-m\libc_s.a(lib_a-mktime.o)
 .text.mktime   0x08007f44      0x1f0 c:/devz/arm/launchpad/bin/../lib/gcc/arm-none-eabi/4.7.3/../../../../arm-none-eabi/lib/armv7-m\libc_s.a(lib_a-mktime.o)
                0x08007f44                mktime
 .text.__tzcalc_limits
                0x08008134      0x148 c:/devz/arm/launchpad/bin/../lib/gcc/arm-none-eabi/4.7.3/../../../../arm-none-eabi/lib/armv7-m\libc_s.a(lib_a-mktm_r.o)
                0x08008134                __tzcalc_limits
 .text._mktm_r  0x0800827c      0x28c c:/devz/arm/launchpad/bin/../lib/gcc/arm-none-eabi/4.7.3/../../../../arm-none-eabi/lib/armv7-m\libc_s.a(lib_a-mktm_r.o)
                0x0800827c                _mktm_r
 .text.__tz_lock
                0x08008508        0x2 c:/devz/arm/launchpad/bin/../lib/gcc/arm-none-eabi/4.7.3/../../../../arm-none-eabi/lib/armv7-m\libc_s.a(lib_a-tzlock.o)
                0x08008508                __tz_lock
 .text.__tz_unlock
                0x0800850a        0x2 c:/devz/arm/launchpad/bin/../lib/gcc/arm-none-eabi/4.7.3/../../../../arm-none-eabi/lib/armv7-m\libc_s.a(lib_a-tzlock.o)
                0x0800850a                __tz_unlock
 .text.div      0x0800850c       0x26 c:/devz/arm/launchpad/bin/../lib/gcc/arm-none-eabi/4.7.3/../../../../arm-none-eabi/lib/armv7-m\libc_s.a(lib_a-div.o)
                0x0800850c                div
 *fill*         0x08008532        0x2 00
 .text.__gettzinfo
                0x08008534        0x8 c:/devz/arm/launchpad/bin/../lib/gcc/arm-none-eabi/4.7.3/../../../../arm-none-eabi/lib/armv7-m\libc_s.a(lib_a-gettzinfo.o)
                0x08008534                __gettzinfo
 *(.gnu.linkonce.t.*)
 *(.glue_7)
 .glue_7        0x00000000        0x0 linker stubs
 *(.glue_7t)
 .glue_7t       0x00000000        0x0 linker stubs
 *(.vfp11_veneer)
 .vfp11_veneer  0x00000000        0x0 linker stubs
 *(.janus_2cc_veneer)
 *(.v4_bx)
 .v4_bx         0x00000000        0x0 linker stubs
 *(.gcc_except_table)
 *(.rodata .rodata.*)
 .rodata.str1.1
                0x0800853c       0x8e src/gps_support.o
                                 0x97 (size before relaxing)
 .rodata.str1.1
                0x080085ca       0x12 src/cdc_support.o
 .rodata.str1.1
                0x080085dc       0x13 src/msc_support.o
 .rodata.font_table_ank
                0x080085ef      0xa11 lib/FONTX2/src/font_if_datatable.o
                0x080085ef                font_table_ank
 .rodata.str1.1
                0x08009000       0x53 lib/ff/ff.o
 .rodata.Virtual_Com_Port_StringVendor
                0x08009053       0x26 lib/USB_Functions/cdc/src/usb_cdc_desc.o
                0x08009053                Virtual_Com_Port_StringVendor
 .rodata.Virtual_Com_Port_DeviceDescriptor
                0x08009079       0x12 lib/USB_Functions/cdc/src/usb_cdc_desc.o
                0x08009079                Virtual_Com_Port_DeviceDescriptor
 .rodata.Virtual_Com_Port_StringLangID
                0x0800908b        0x4 lib/USB_Functions/cdc/src/usb_cdc_desc.o
                0x0800908b                Virtual_Com_Port_StringLangID
 .rodata.Virtual_Com_Port_StringProduct
                0x0800908f       0x32 lib/USB_Functions/cdc/src/usb_cdc_desc.o
                0x0800908f                Virtual_Com_Port_StringProduct
 .rodata.Virtual_Com_Port_ConfigDescriptor
                0x080090c1       0x43 lib/USB_Functions/cdc/src/usb_cdc_desc.o
                0x080090c1                Virtual_Com_Port_ConfigDescriptor
 .rodata.Mass_StringInterface
                0x08009104       0x10 lib/USB_Functions/msc/src/usb_msc_desc.o
                0x08009104                Mass_StringInterface
 .rodata.Mass_DeviceDescriptor
                0x08009114       0x12 lib/USB_Functions/msc/src/usb_msc_desc.o
                0x08009114                Mass_DeviceDescriptor
 .rodata.Mass_StringVendor
                0x08009126       0x26 lib/USB_Functions/msc/src/usb_msc_desc.o
                0x08009126                Mass_StringVendor
 .rodata.Mass_StringProduct
                0x0800914c       0x26 lib/USB_Functions/msc/src/usb_msc_desc.o
                0x0800914c                Mass_StringProduct
 .rodata.Mass_StringLangID
                0x08009172        0x4 lib/USB_Functions/msc/src/usb_msc_desc.o
                0x08009172                Mass_StringLangID
 .rodata.Mass_ConfigDescriptor
                0x08009176       0x20 lib/USB_Functions/msc/src/usb_msc_desc.o
                0x08009176                Mass_ConfigDescriptor
 .rodata.str1.1
                0x00000000       0x53 c:/devz/arm/launchpad/bin/../lib/gcc/arm-none-eabi/4.7.3/../../../../arm-none-eabi/lib/armv7-m\libc_s.a(lib_a-impure.o)
                                  0x2 (size before relaxing)
 *fill*         0x08009196        0x2 00
 .rodata._DAYS_BEFORE_MONTH
                0x08009198       0x30 c:/devz/arm/launchpad/bin/../lib/gcc/arm-none-eabi/4.7.3/../../../../arm-none-eabi/lib/armv7-m\libc_s.a(lib_a-mktime.o)
 .rodata.DAYS_IN_MONTH
                0x080091c8       0x30 c:/devz/arm/launchpad/bin/../lib/gcc/arm-none-eabi/4.7.3/../../../../arm-none-eabi/lib/armv7-m\libc_s.a(lib_a-mktime.o)
 .rodata.mon_lengths
                0x080091f8       0x60 c:/devz/arm/launchpad/bin/../lib/gcc/arm-none-eabi/4.7.3/../../../../arm-none-eabi/lib/armv7-m\libc_s.a(lib_a-mktm_r.o)
 .rodata.year_lengths
                0x08009258        0x8 c:/devz/arm/launchpad/bin/../lib/gcc/arm-none-eabi/4.7.3/../../../../arm-none-eabi/lib/armv7-m\libc_s.a(lib_a-mktm_r.o)
 *(.ioview .ioview.*)
 *(.gnu.linkonce.r.*)
 *(.ARM.extab* .gnu.linkonce.armextab.*)
                0x08009260                . = ALIGN (0x4)

.iplt           0x08009260        0x0
 .iplt          0x00000000        0x0 src/main.o

.rel.dyn        0x08009260        0x0
 .rel.iplt      0x00000000        0x0 src/main.o

.ctors          0x08009260        0x0
                0x08009260                PROVIDE (__ctors_start__, .)
 *(SORT(.ctors.*))
 *(.ctors)
                0x08009260                . = ALIGN (0x4)
                0x08009260                PROVIDE (__ctors_end__, .)
                0x08009260                . = ALIGN (0x4)

.dtors          0x08009260        0x0
                0x08009260                PROVIDE (__dtors_start__, .)
 *(SORT(.dtors.*))
 *(.dtors)
                0x08009260                . = ALIGN (0x4)
                0x08009260                PROVIDE (__dtors_end__, .)
                0x08009260                . = ALIGN (0x4)
                0x08009260                . = ALIGN (0x4)

.eh_frame_hdr
 *(.eh_frame_hdr)

.eh_frame
 *(.eh_frame)
                0x08009260                PROVIDE (__exidx_start, .)

.ARM.exidx
 *(.ARM.exidx* .gnu.linkonce.armexidx.*)
                0x08009260                PROVIDE (__exidx_end, .)
                0x08009260                . = ALIGN (0x4)
                0x08009260                _etext = .
                0x08009260                PROVIDE (etext, .)
                0x08009260                _sidata = _etext

.data           0x20000000      0x26c load address 0x08009260
                0x20000000                . = ALIGN (0x4)
                0x20000000                _sdata = .
                0x20000000                _data = .
 *(.data .data.*)
 .data.AHBPrescTable
                0x20000000       0x10 src/sysinit_primer2.o
                0x20000000                AHBPrescTable
 .data.SystemCoreClock
                0x20000010        0x4 src/sysinit_primer2.o
                0x20000010                SystemCoreClock
 .data.BatState
                0x20000014        0x4 src/power.o
                0x20000014                BatState
 .data.vbatbabyflag.8815
                0x20000018        0x4 src/power.o
 .data.pScrCol  0x2000001c        0x4 lib/display/abstract/src/display_if_support.o
                0x2000001c                pScrCol
 .data.ScrCol   0x20000020        0x4 lib/display/abstract/src/display_if_support.o
                0x20000020                ScrCol
 .data.TransferError
                0x20000024        0x1 lib/ff/sdio_stm32f1.o
                0x20000024                TransferError
 *fill*         0x20000025        0x3 00
 .data.DeviceMode
                0x20000028        0x4 lib/ff/sdio_stm32f1.o
 .data.Status   0x2000002c        0x1 lib/ff/diskio_sdio.o
                0x2000002c                Status
 *fill*         0x2000002d        0x3 00
 .data.pEpInt_OUT
                0x20000030       0x1c lib/USB_Functions/usb_istr.o
                0x20000030                pEpInt_OUT
 .data.pEpInt_IN
                0x2000004c       0x1c lib/USB_Functions/usb_istr.o
                0x2000004c                pEpInt_IN
 .data.User_Standard_Requests
                0x20000068       0x24 lib/USB_Functions/usb_prop.o
                0x20000068                User_Standard_Requests
 .data.Device_Property
                0x2000008c       0x30 lib/USB_Functions/usb_prop.o
                0x2000008c                Device_Property
 .data.Device_Table
                0x200000bc        0x2 lib/USB_Functions/usb_prop.o
                0x200000bc                Device_Table
 .data.Virtual_Com_Port_StringSerial
                0x200000be       0x1a lib/USB_Functions/cdc/src/usb_cdc_desc.o
                0x200000be                Virtual_Com_Port_StringSerial
 .data.CDC_Device_Descriptor
                0x200000d8        0x8 lib/USB_Functions/cdc/src/usb_cdc_prop.o
                0x200000d8                CDC_Device_Descriptor
 .data.CDC_String_Descriptor
                0x200000e0       0x20 lib/USB_Functions/cdc/src/usb_cdc_prop.o
                0x200000e0                CDC_String_Descriptor
 .data.CDC_Config_Descriptor
                0x20000100        0x8 lib/USB_Functions/cdc/src/usb_cdc_prop.o
                0x20000100                CDC_Config_Descriptor
 .data.linecoding
                0x20000108        0x8 lib/USB_Functions/cdc/src/usb_cdc_prop.o
                0x20000108                linecoding
 .data.Mode_Sense10_data
                0x20000110        0x8 lib/USB_Functions/msc/src/usb_msc_scsi_data.o
                0x20000110                Mode_Sense10_data
 .data.Scsi_Sense_Data
                0x20000118       0x12 lib/USB_Functions/msc/src/usb_msc_scsi_data.o
                0x20000118                Scsi_Sense_Data
 .data.Mode_Sense6_data
                0x2000012a        0x4 lib/USB_Functions/msc/src/usb_msc_scsi_data.o
                0x2000012a                Mode_Sense6_data
 .data.ReadFormatCapacity_Data
                0x2000012e        0xc lib/USB_Functions/msc/src/usb_msc_scsi_data.o
                0x2000012e                ReadFormatCapacity_Data
 .data.Standard_Inquiry_Data
                0x2000013a       0x24 lib/USB_Functions/msc/src/usb_msc_scsi_data.o
                0x2000013a                Standard_Inquiry_Data
 .data.Mass_StringSerial
                0x2000015e       0x1a lib/USB_Functions/msc/src/usb_msc_desc.o
                0x2000015e                Mass_StringSerial
 .data.MSC_Device_Descriptor
                0x20000178        0x8 lib/USB_Functions/msc/src/usb_msc_prop.o
                0x20000178                MSC_Device_Descriptor
 .data.MSC_String_Descriptor
                0x20000180       0x28 lib/USB_Functions/msc/src/usb_msc_prop.o
                0x20000180                MSC_String_Descriptor
 .data.MSC_Config_Descriptor
                0x200001a8        0x8 lib/USB_Functions/msc/src/usb_msc_prop.o
                0x200001a8                MSC_Config_Descriptor
 .data.ADCPrescTable
                0x200001b0        0x4 STM32F103VET6_lib.a(stm32f10x_rcc.o)
 .data.APBAHBPrescTable
                0x200001b4       0x10 STM32F103VET6_lib.a(stm32f10x_rcc.o)
 .data.impure_data
                0x200001c4       0x64 c:/devz/arm/launchpad/bin/../lib/gcc/arm-none-eabi/4.7.3/../../../../arm-none-eabi/lib/armv7-m\libc_s.a(lib_a-impure.o)
 .data._impure_ptr
                0x20000228        0x4 c:/devz/arm/launchpad/bin/../lib/gcc/arm-none-eabi/4.7.3/../../../../arm-none-eabi/lib/armv7-m\libc_s.a(lib_a-impure.o)
                0x20000228                _impure_ptr
 .data.tzinfo   0x2000022c       0x40 c:/devz/arm/launchpad/bin/../lib/gcc/arm-none-eabi/4.7.3/../../../../arm-none-eabi/lib/armv7-m\libc_s.a(lib_a-gettzinfo.o)
 *(.gnu.linkonce.d*)
                0x2000026c                . = ALIGN (0x4)
 *(.ramfunc*)
                0x2000026c                . = ALIGN (0x4)
 *(.RAMtext)
                0x2000026c                . = ALIGN (0x4)
                0x2000026c                _edata = .

.igot.plt       0x2000026c        0x0 load address 0x080094cc
 .igot.plt      0x00000000        0x0 src/main.o

.bss            0x20000270     0x146c load address 0x080094d0
                0x20000270                . = ALIGN (0x4)
                0x20000270                _sbss = .
                0x20000270                __bss_start = .
                0x20000270                __bss_start__ = .
 *(.bss .bss.*)
 .bss.xTask     0x20000270        0x4 src/main.o
                0x20000270                xTask
 .bss.TaskStat  0x20000274        0x4 src/main.o
                0x20000274                TaskStat
 .bss.TimingDelay
                0x20000278        0x4 src/systick.o
                0x20000278                TimingDelay
 .bss.heap_ptr  0x2000027c        0x4 src/syscalls.o
 .bss.vbatcounts.8813
                0x20000280        0x4 src/power.o
 .bss.VBat.8821
                0x20000284        0x2 src/power.o
 *fill*         0x20000286        0x2 00
 .bss.CurrentVbat.8816
                0x20000288        0x4 src/power.o
 .bss.vbatlow.8814
                0x2000028c        0x4 src/power.o
 .bss.shutcounts.8808
                0x20000290        0x4 src/power.o
 .bss.ADC_InitStructure
                0x20000294       0x14 src/adc_support.o
                0x20000294                ADC_InitStructure
 .bss.DMA_InitStructure
                0x200002a8       0x2c src/adc_support.o
                0x200002a8                DMA_InitStructure
 .bss.ADC_RegularConvertedValueTab
                0x200002d4       0x64 src/adc_support.o
                0x200002d4                ADC_RegularConvertedValueTab
 .bss.GPIO_InitStructure
                0x20000338        0x4 src/adc_support.o
                0x20000338                GPIO_InitStructure
 .bss.rtc       0x2000033c       0x24 src/rtc_support.o
                0x2000033c                rtc
 .bss.File1     0x20000360       0x28 src/gps_support.o
                0x20000360                File1
 .bss.Fatfs     0x20000388      0x238 src/gps_support.o
                0x20000388                Fatfs
 .bss.ff_rtc    0x200005c0        0x8 src/gps_support.o
                0x200005c0                ff_rtc
 .bss.ack_limit
                0x200005c8        0x4 src/gps_support.o
                0x200005c8                ack_limit
 .bss.Buff      0x200005cc      0x200 src/gps_support.o
                0x200005cc                Buff
 .bss.l_stat    0x200007cc        0x4 src/gps_support.o
                0x200007cc                l_stat
 .bss.USB_xMutex
                0x200007d0        0x1 src/cdc_support.o
                0x200007d0                USB_xMutex
 .bss.USART_Rx_Buffer
                0x200007d1      0x800 src/cdc_support.o
                0x200007d1                USART_Rx_Buffer
 .bss.USB_Tx_State
                0x20000fd1        0x1 src/cdc_support.o
                0x20000fd1                USB_Tx_State
 *fill*         0x20000fd2        0x2 00
 .bss.USART_Rx_ptr_in
                0x20000fd4        0x4 src/cdc_support.o
                0x20000fd4                USART_Rx_ptr_in
 .bss.USART_Rx_ptr_out
                0x20000fd8        0x4 src/cdc_support.o
                0x20000fd8                USART_Rx_ptr_out
 .bss.USART_Rx_length
                0x20000fdc        0x4 src/cdc_support.o
                0x20000fdc                USART_Rx_length
 .bss.pUSART_Buf
                0x20000fe0        0x4 src/uart_support_gps.o
 .bss.UART      0x20000fe4        0x4 src/uart_support_gps.o
 .bss.xUART_IRQ
                0x20000fe8        0x4 src/uart_support_gps.o
                0x20000fe8                xUART_IRQ
 .bss.USART2_Buf
                0x20000fec      0x208 src/uart_support_gps.o
                0x20000fec                USART2_Buf
 .bss.USART_InitStructure
                0x200011f4       0x10 src/uart_support_gps.o
                0x200011f4                USART_InitStructure
 .bss.outptr    0x20001204        0x4 src/xprintf.o
 .bss.xfunc_out
                0x20001208        0x4 src/xprintf.o
                0x20001208                xfunc_out
 .bss.xfunc_in  0x2000120c        0x4 src/xprintf.o
                0x2000120c                xfunc_in
 .bss.Mplus_Ank
                0x20001210        0x8 lib/FONTX2/src/font_if_datatable.o
                0x20001210                Mplus_Ank
 .bss.CurrentAnkDat
                0x20001218        0x4 lib/FONTX2/src/font_if.o
                0x20001218                CurrentAnkDat
 .bss.CurrentKanjiDat
                0x2000121c        0x4 lib/FONTX2/src/font_if.o
                0x2000121c                CurrentKanjiDat
 .bss.CurrVol   0x20001220        0x1 lib/ff/ff.o
 *fill*         0x20001221        0x1 00
 .bss.Fsid      0x20001222        0x2 lib/ff/ff.o
 .bss.FatFs     0x20001224        0x4 lib/ff/ff.o
 .bss.SDIO_DataInitStructure
                0x20001228       0x18 lib/ff/sdio_stm32f1.o
                0x20001228                SDIO_DataInitStructure
 .bss.CSD_Tab   0x20001240       0x10 lib/ff/sdio_stm32f1.o
 .bss.SDCardInfo
                0x20001250       0x58 lib/ff/sdio_stm32f1.o
                0x20001250                SDCardInfo
 .bss.NumberOfBytes
                0x200012a8        0x4 lib/ff/sdio_stm32f1.o
                0x200012a8                NumberOfBytes
 .bss.SDSTATUS_Tab
                0x200012ac       0x10 lib/ff/sdio_stm32f1.o
 .bss.CardType  0x200012bc        0x4 lib/ff/sdio_stm32f1.o
 .bss.CID_Tab   0x200012c0       0x10 lib/ff/sdio_stm32f1.o
 .bss.TransferEnd
                0x200012d0        0x4 lib/ff/sdio_stm32f1.o
                0x200012d0                TransferEnd
 .bss.DestBuffer
                0x200012d4        0x4 lib/ff/sdio_stm32f1.o
                0x200012d4                DestBuffer
 .bss.SDIO_InitStructure
                0x200012d8       0x18 lib/ff/sdio_stm32f1.o
                0x200012d8                SDIO_InitStructure
 .bss.SrcBuffer
                0x200012f0        0x4 lib/ff/sdio_stm32f1.o
                0x200012f0                SrcBuffer
 .bss.RCA       0x200012f4        0x4 lib/ff/sdio_stm32f1.o
 .bss.TotalNumberOfBytes
                0x200012f8        0x4 lib/ff/sdio_stm32f1.o
 .bss.SDIO_CmdInitStructure
                0x200012fc       0x14 lib/ff/sdio_stm32f1.o
                0x200012fc                SDIO_CmdInitStructure
 .bss.StopCondition
                0x20001310        0x4 lib/ff/sdio_stm32f1.o
 .bss.SDCardStatus
                0x20001314       0x10 lib/ff/diskio_sdio.o
                0x20001314                SDCardStatus
 .bss.bDeviceState
                0x20001324        0x4 lib/USB_Functions/usb_pwr.o
                0x20001324                bDeviceState
 .bss.xUSB_Istr
                0x20001328        0x4 lib/USB_Functions/usb_istr.o
                0x20001328                xUSB_Istr
 .bss.bIntPackSOF
                0x2000132c        0x1 lib/USB_Functions/usb_istr.o
                0x2000132c                bIntPackSOF
 *fill*         0x2000132d        0x1 00
 .bss.wIstr     0x2000132e        0x2 lib/USB_Functions/usb_istr.o
                0x2000132e                wIstr
 .bss.xEP2_OUT_Callback
                0x20001330        0x4 lib/USB_Functions/usb_conf.o
                0x20001330                xEP2_OUT_Callback
 .bss.xEP1_IN_Callback
                0x20001334        0x4 lib/USB_Functions/usb_conf.o
                0x20001334                xEP1_IN_Callback
 .bss.xEP3_OUT_Callback
                0x20001338        0x4 lib/USB_Functions/usb_conf.o
                0x20001338                xEP3_OUT_Callback
 .bss.xSOF_Callback
                0x2000133c        0x4 lib/USB_Functions/usb_conf.o
                0x2000133c                xSOF_Callback
 .bss.xGet_Interface_Setting
                0x20001340        0x4 lib/USB_Functions/usb_prop.o
                0x20001340                xGet_Interface_Setting
 .bss.xGetInterface
                0x20001344        0x4 lib/USB_Functions/usb_prop.o
                0x20001344                xGetInterface
 .bss.xReset    0x20001348        0x4 lib/USB_Functions/usb_prop.o
                0x20001348                xReset
 .bss.xGetStatus
                0x2000134c        0x4 lib/USB_Functions/usb_prop.o
                0x2000134c                xGetStatus
 .bss.xNoData_Setup
                0x20001350        0x4 lib/USB_Functions/usb_prop.o
                0x20001350                xNoData_Setup
 .bss.xGetConfiguration
                0x20001354        0x4 lib/USB_Functions/usb_prop.o
                0x20001354                xGetConfiguration
 .bss.xGetDeviceDescriptor
                0x20001358        0x4 lib/USB_Functions/usb_prop.o
                0x20001358                xGetDeviceDescriptor
 .bss.xGetConfigDescriptor
                0x2000135c        0x4 lib/USB_Functions/usb_prop.o
                0x2000135c                xGetConfigDescriptor
 .bss.xGetStringDescriptor
                0x20001360        0x4 lib/USB_Functions/usb_prop.o
                0x20001360                xGetStringDescriptor
 .bss.xData_Setup
                0x20001364        0x4 lib/USB_Functions/usb_prop.o
                0x20001364                xData_Setup
 .bss.xSetDeviceAddress
                0x20001368        0x4 lib/USB_Functions/usb_prop.o
                0x20001368                xSetDeviceAddress
 .bss.xSetDeviceFeature
                0x2000136c        0x4 lib/USB_Functions/usb_prop.o
                0x2000136c                xSetDeviceFeature
 .bss.xClearFeature
                0x20001370        0x4 lib/USB_Functions/usb_prop.o
                0x20001370                xClearFeature
 .bss.xSetConfiguration
                0x20001374        0x4 lib/USB_Functions/usb_prop.o
                0x20001374                xSetConfiguration
 .bss.xStatus_In
                0x20001378        0x4 lib/USB_Functions/usb_prop.o
                0x20001378                xStatus_In
 .bss.xSetEndPointFeature
                0x2000137c        0x4 lib/USB_Functions/usb_prop.o
                0x2000137c                xSetEndPointFeature
 .bss.xSetInterface
                0x20001380        0x4 lib/USB_Functions/usb_prop.o
                0x20001380                xSetInterface
 .bss.xinit     0x20001384        0x4 lib/USB_Functions/usb_prop.o
                0x20001384                xinit
 .bss.xStatus_Out
                0x20001388        0x4 lib/USB_Functions/usb_prop.o
                0x20001388                xStatus_Out
 .bss.Request   0x2000138c        0x1 lib/USB_Functions/cdc/src/usb_cdc_prop.o
                0x2000138c                Request
 .bss.USB_Rx_Buffer
                0x2000138d       0x40 lib/USB_Functions/cdc/src/usb_cdc_endp.o
                0x2000138d                USB_Rx_Buffer
 *fill*         0x200013cd        0x3 00
 .bss.FrameCount.8825
                0x200013d0        0x4 lib/USB_Functions/cdc/src/usb_cdc_endp.o
 .bss.Mass_Block_Size
                0x200013d4        0x8 lib/USB_Functions/msc/src/usb_msc_mass_mal.o
                0x200013d4                Mass_Block_Size
 .bss.Mass_Memory_Size
                0x200013dc        0x8 lib/USB_Functions/msc/src/usb_msc_mass_mal.o
                0x200013dc                Mass_Memory_Size
 .bss.Mass_Block_Count
                0x200013e4        0x8 lib/USB_Functions/msc/src/usb_msc_mass_mal.o
                0x200013e4                Mass_Block_Count
 .bss.Block_offset
                0x200013ec        0x4 lib/USB_Functions/msc/src/usb_msc_memory.o
                0x200013ec                Block_offset
 .bss.Block_Read_count
                0x200013f0        0x4 lib/USB_Functions/msc/src/usb_msc_memory.o
                0x200013f0                Block_Read_count
 .bss.Counter   0x200013f4        0x4 lib/USB_Functions/msc/src/usb_msc_memory.o
                0x200013f4                Counter
 .bss.Length.8901
                0x200013f8        0x4 lib/USB_Functions/msc/src/usb_msc_memory.o
 .bss.Data_Buffer
                0x200013fc      0x200 lib/USB_Functions/msc/src/usb_msc_memory.o
                0x200013fc                Data_Buffer
 .bss.Offset.8900
                0x200015fc        0x4 lib/USB_Functions/msc/src/usb_msc_memory.o
 .bss.Idx       0x20001600        0x4 lib/USB_Functions/msc/src/usb_msc_memory.o
                0x20001600                Idx
 .bss.W_Length.8908
                0x20001604        0x4 lib/USB_Functions/msc/src/usb_msc_memory.o
 .bss.W_Offset.8907
                0x20001608        0x4 lib/USB_Functions/msc/src/usb_msc_memory.o
 .bss.TransferState
                0x2000160c        0x1 lib/USB_Functions/msc/src/usb_msc_memory.o
                0x2000160c                TransferState
 .bss.ReadCapacity10_Data
                0x2000160d        0x8 lib/USB_Functions/msc/src/usb_msc_scsi_data.o
                0x2000160d                ReadCapacity10_Data
 .bss.Page00_Inquiry_Data
                0x20001615        0x5 lib/USB_Functions/msc/src/usb_msc_scsi_data.o
                0x20001615                Page00_Inquiry_Data
 .bss.Data_Len  0x2000161a        0x2 lib/USB_Functions/msc/src/usb_msc_bot.o
                0x2000161a                Data_Len
 .bss.CBW       0x2000161c       0x20 lib/USB_Functions/msc/src/usb_msc_bot.o
                0x2000161c                CBW
 .bss.Bot_State
                0x2000163c        0x1 lib/USB_Functions/msc/src/usb_msc_bot.o
                0x2000163c                Bot_State
 *fill*         0x2000163d        0x3 00
 .bss.SCSI_BlkLen
                0x20001640        0x4 lib/USB_Functions/msc/src/usb_msc_bot.o
                0x20001640                SCSI_BlkLen
 .bss.Bulk_Data_Buff
                0x20001644       0x40 lib/USB_Functions/msc/src/usb_msc_bot.o
                0x20001644                Bulk_Data_Buff
 .bss.SCSI_LBA  0x20001684        0x4 lib/USB_Functions/msc/src/usb_msc_bot.o
                0x20001684                SCSI_LBA
 .bss.CSW       0x20001688       0x10 lib/USB_Functions/msc/src/usb_msc_bot.o
                0x20001688                CSW
 .bss.Max_Lun   0x20001698        0x4 lib/USB_Functions/msc/src/usb_msc_prop.o
                0x20001698                Max_Lun
 .bss.Data_Mul_MaxPacketSize
                0x2000169c        0x1 STM32F103VET6_lib.a(usb_core.o)
                0x2000169c                Data_Mul_MaxPacketSize
 *fill*         0x2000169d        0x1 00
 .bss.StatusInfo
                0x2000169e        0x2 STM32F103VET6_lib.a(usb_core.o)
                0x2000169e                StatusInfo
 .bss.Device_Info
                0x200016a0       0x1c STM32F103VET6_lib.a(usb_init.o)
                0x200016a0                Device_Info
 .bss.EPindex   0x200016bc        0x1 STM32F103VET6_lib.a(usb_init.o)
                0x200016bc                EPindex
 *fill*         0x200016bd        0x3 00
 .bss.pInformation
                0x200016c0        0x4 STM32F103VET6_lib.a(usb_init.o)
                0x200016c0                pInformation
 .bss.pUser_Standard_Requests
                0x200016c4        0x4 STM32F103VET6_lib.a(usb_init.o)
                0x200016c4                pUser_Standard_Requests
 .bss.wInterrupt_Mask
                0x200016c8        0x2 STM32F103VET6_lib.a(usb_init.o)
                0x200016c8                wInterrupt_Mask
 *fill*         0x200016ca        0x2 00
 .bss.pProperty
                0x200016cc        0x4 STM32F103VET6_lib.a(usb_init.o)
                0x200016cc                pProperty
 .bss.SaveRState
                0x200016d0        0x2 STM32F103VET6_lib.a(usb_int.o)
                0x200016d0                SaveRState
 .bss.SaveTState
                0x200016d2        0x2 STM32F103VET6_lib.a(usb_int.o)
                0x200016d2                SaveTState
 .bss.__malloc_free_list
                0x200016d4        0x4 c:/devz/arm/launchpad/bin/../lib/gcc/arm-none-eabi/4.7.3/../../../../arm-none-eabi/lib/armv7-m\libc_s.a(lib_a-mallocr.o)
                0x200016d4                __malloc_free_list
 .bss._daylight
                0x200016d8        0x4 c:/devz/arm/launchpad/bin/../lib/gcc/arm-none-eabi/4.7.3/../../../../arm-none-eabi/lib/armv7-m\libc_s.a(lib_a-tzvars.o)
                0x200016d8                _daylight
 *(.gnu.linkonce.b*)
 *(COMMON)
                0x200016dc                . = ALIGN (0x4)
                0x200016dc                _ebss = .
                0x200016dc                __bss_end__ = _end
                0x200016dc                PROVIDE (__bss_end, _end)

.heap           0x200016dc        0x0
                0x200016dc                _end = .
                0x200016dc                end = _end
                0x200016dc                PROVIDE (_end, .)
                0x200016dc                PROVIDE (end, _end)
                0x200016dc                PROVIDE (_heap, .)
 *(.heap .heap.*)
 *(.HEAP)
                0x200016dc                . = ALIGN (0x4)
                0x200016dc                . = ALIGN (0x4)
                0x200016dc                __heap_end = .
                0x200016dc                PROVIDE (__heap_end, .)

.stack          0x200016dc        0x0
                0x200016dc                _stack_top = .
                0x200016dc                PROVIDE (_stack_top, .)
 *(.stack .stack.*)
 *(.STACK)
                0x200016dc                _stack = .
                0x200016dc                PROVIDE (_stack, .)
                0x200016e0                . = ALIGN (0x8)
                0x20010000                _stack_end = _estack
                0x20010000                PROVIDE (_stack_end, _estack)

.extram         0x68000000        0x0
                0x68000000                _extram = .
                0x68000000                extram = .
                0x68000000                PROVIDE (extram, .)
                0x68000000                PROVIDE (_extram, .)
 *(.extram .extram.*)
 *(.EXTRAM)
                0x68000000                . = ALIGN (0x4)

/DISCARD/
 libc.a(*)
 libm.a(*)
 libgcc.a(*)
 *(.note.GNU-stack)
 *(.gnu.lto*)

.stab
 *(.stab)

.stabstr
 *(.stabstr)

.stab.excl
 *(.stab.excl)

.stab.exclstr
 *(.stab.exclstr)

.stab.index
 *(.stab.index)

.stab.indexstr
 *(.stab.indexstr)

.comment        0x00000000       0x70
 *(.comment)
 .comment       0x00000000       0x70 src/main.o
                                 0x71 (size before relaxing)
 .comment       0x00000000       0x71 src/sysinit_primer2.o
 .comment       0x00000000       0x71 src/systick.o
 .comment       0x00000000       0x71 src/syscalls.o
 .comment       0x00000000       0x71 src/stm32f10x_it.o
 .comment       0x00000000       0x71 src/hw_config.o
 .comment       0x00000000       0x71 src/power.o
 .comment       0x00000000       0x71 src/adc_support.o
 .comment       0x00000000       0x71 src/rtc_support.o
 .comment       0x00000000       0x71 src/gps_support.o
 .comment       0x00000000       0x71 src/cdc_support.o
 .comment       0x00000000       0x71 src/msc_support.o
 .comment       0x00000000       0x71 src/uart_support_gps.o
 .comment       0x00000000       0x71 src/xprintf.o
 .comment       0x00000000       0x71 lib/display/mcu_depend/src/display_if_basis.o
 .comment       0x00000000       0x71 lib/display/abstract/src/display_if_support.o
 .comment       0x00000000       0x71 lib/display/drivers/src/st7732.o
 .comment       0x00000000       0x71 lib/FONTX2/src/font_if_datatable.o
 .comment       0x00000000       0x71 lib/FONTX2/src/font_if.o
 .comment       0x00000000       0x71 lib/ff/ff.o
 .comment       0x00000000       0x71 lib/ff/sdio_stm32f1.o
 .comment       0x00000000       0x71 lib/ff/diskio_sdio.o
 .comment       0x00000000       0x71 lib/ff/ff_rtc_if.o
 .comment       0x00000000       0x71 lib/ff/option/unicode.o
 .comment       0x00000000       0x71 lib/USB_Functions/usb_pwr.o
 .comment       0x00000000       0x71 lib/USB_Functions/usb_istr.o
 .comment       0x00000000       0x71 lib/USB_Functions/usb_conf.o
 .comment       0x00000000       0x71 lib/USB_Functions/usb_prop.o
 .comment       0x00000000       0x71 lib/USB_Functions/cdc/src/usb_cdc_desc.o
 .comment       0x00000000       0x71 lib/USB_Functions/cdc/src/usb_cdc_prop.o
 .comment       0x00000000       0x71 lib/USB_Functions/cdc/src/usb_cdc_endp.o
 .comment       0x00000000       0x71 lib/USB_Functions/msc/src/usb_msc_mass_mal.o
 .comment       0x00000000       0x71 lib/USB_Functions/msc/src/usb_msc_memory.o
 .comment       0x00000000       0x71 lib/USB_Functions/msc/src/usb_msc_scsi_data.o
 .comment       0x00000000       0x71 lib/USB_Functions/msc/src/usb_msc_scsi.o
 .comment       0x00000000       0x71 lib/USB_Functions/msc/src/usb_msc_bot.o
 .comment       0x00000000       0x71 lib/USB_Functions/msc/src/usb_msc_desc.o
 .comment       0x00000000       0x71 lib/USB_Functions/msc/src/usb_msc_prop.o
 .comment       0x00000000       0x71 STM32F103VET6_lib.a(misc.o)
 .comment       0x00000000       0x71 STM32F103VET6_lib.a(stm32f10x_gpio.o)
 .comment       0x00000000       0x71 STM32F103VET6_lib.a(stm32f10x_fsmc.o)
 .comment       0x00000000       0x71 STM32F103VET6_lib.a(stm32f10x_rcc.o)
 .comment       0x00000000       0x71 STM32F103VET6_lib.a(stm32f10x_adc.o)
 .comment       0x00000000       0x71 STM32F103VET6_lib.a(stm32f10x_dma.o)
 .comment       0x00000000       0x71 STM32F103VET6_lib.a(stm32f10x_tim.o)
 .comment       0x00000000       0x71 STM32F103VET6_lib.a(stm32f10x_rtc.o)
 .comment       0x00000000       0x71 STM32F103VET6_lib.a(stm32f10x_sdio.o)
 .comment       0x00000000       0x71 STM32F103VET6_lib.a(stm32f10x_usart.o)
 .comment       0x00000000       0x71 STM32F103VET6_lib.a(stm32f10x_bkp.o)
 .comment       0x00000000       0x71 STM32F103VET6_lib.a(stm32f10x_pwr.o)
 .comment       0x00000000       0x71 STM32F103VET6_lib.a(usb_core.o)
 .comment       0x00000000       0x71 STM32F103VET6_lib.a(usb_init.o)
 .comment       0x00000000       0x71 STM32F103VET6_lib.a(usb_int.o)
 .comment       0x00000000       0x71 STM32F103VET6_lib.a(usb_mem.o)
 .comment       0x00000000       0x71 STM32F103VET6_lib.a(usb_regs.o)
 .comment       0x00000000       0x71 STM32F103VET6_lib.a(usb_sil.o)

.debug
 *(.debug)

.line
 *(.line)

.debug_srcinfo
 *(.debug_srcinfo)

.debug_sfnames
 *(.debug_sfnames)

.debug_aranges  0x00000000     0x1b98
 *(.debug_aranges)
 .debug_aranges
                0x00000000       0x20 src/main.o
 .debug_aranges
                0x00000020       0x28 src/sysinit_primer2.o
 .debug_aranges
                0x00000048       0x38 src/systick.o
 .debug_aranges
                0x00000080       0xe0 src/syscalls.o
 .debug_aranges
                0x00000160       0x78 src/stm32f10x_it.o
 .debug_aranges
                0x000001d8       0x80 src/hw_config.o
 .debug_aranges
                0x00000258       0x38 src/power.o
 .debug_aranges
                0x00000290       0x20 src/adc_support.o
 .debug_aranges
                0x000002b0       0x50 src/rtc_support.o
 .debug_aranges
                0x00000300       0x68 src/gps_support.o
 .debug_aranges
                0x00000368       0x50 src/cdc_support.o
 .debug_aranges
                0x000003b8       0x20 src/msc_support.o
 .debug_aranges
                0x000003d8       0x88 src/uart_support_gps.o
 .debug_aranges
                0x00000460       0x70 src/xprintf.o
 .debug_aranges
                0x000004d0       0x20 lib/display/mcu_depend/src/display_if_basis.o
 .debug_aranges
                0x000004f0       0x88 lib/display/abstract/src/display_if_support.o
 .debug_aranges
                0x00000578       0x60 lib/display/drivers/src/st7732.o
 .debug_aranges
                0x000005d8       0x18 lib/FONTX2/src/font_if_datatable.o
 .debug_aranges
                0x000005f0       0x50 lib/FONTX2/src/font_if.o
 .debug_aranges
                0x00000640      0x1a8 lib/ff/ff.o
 .debug_aranges
                0x000007e8      0x108 lib/ff/sdio_stm32f1.o
 .debug_aranges
                0x000008f0       0x40 lib/ff/diskio_sdio.o
 .debug_aranges
                0x00000930       0x28 lib/ff/ff_rtc_if.o
 .debug_aranges
                0x00000958       0x18 lib/ff/option/unicode.o
 .debug_aranges