Archive member included because of file (symbol)

STM32F103VET6_lib.a(misc.o)   src/cdc_support.o (NVIC_PriorityGroupConfig)
STM32F103VET6_lib.a(stm32f10x_gpio.o)
                              src/hw_config.o (GPIO_Init)
STM32F103VET6_lib.a(stm32f10x_fsmc.o)
                              lib/display/mcu_depend/src/display_if_basis.o (FSMC_NORSRAMInit)
STM32F103VET6_lib.a(stm32f10x_rcc.o)
                              src/hw_config.o (RCC_PLLConfig)
STM32F103VET6_lib.a(stm32f10x_adc.o)
                              src/adc_support.o (ADC_Init)
STM32F103VET6_lib.a(stm32f10x_dma.o)
                              src/adc_support.o (DMA_DeInit)
STM32F103VET6_lib.a(stm32f10x_tim.o)
                              src/systick.o (TIM_TimeBaseInit)
STM32F103VET6_lib.a(stm32f10x_rtc.o)
                              src/rtc_support.o (RTC_ITConfig)
STM32F103VET6_lib.a(stm32f10x_sdio.o)
                              lib/ff/sdio_stm32f1.o (SDIO_DeInit)
STM32F103VET6_lib.a(stm32f10x_usart.o)
                              src/cdc_support.o (USART_Init)
STM32F103VET6_lib.a(stm32f10x_bkp.o)
                              src/rtc_support.o (BKP_DeInit)
STM32F103VET6_lib.a(stm32f10x_pwr.o)
                              src/rtc_support.o (PWR_BackupAccessCmd)
STM32F103VET6_lib.a(usb_core.o)
                              lib/USB_Functions/cdc/src/usb_cdc_prop.o (Standard_GetDescriptorData)
STM32F103VET6_lib.a(usb_init.o)
                              src/cdc_support.o (USB_Init)
STM32F103VET6_lib.a(usb_int.o)
                              lib/USB_Functions/usb_istr.o (CTR_LP)
STM32F103VET6_lib.a(usb_mem.o)
                              src/cdc_support.o (UserToPMABufferCopy)
STM32F103VET6_lib.a(usb_regs.o)
                              lib/USB_Functions/cdc/src/usb_cdc_prop.o (SetBTABLE)
STM32F103VET6_lib.a(usb_sil.o)
                              lib/USB_Functions/cdc/src/usb_cdc_prop.o (USB_SIL_Init)
STM32F103VET6_lib.a(startup_stm32f10x_hd.o)
                              (g_pfnVectors)
c:/devz/arm/launchpad/bin/../lib/gcc/arm-none-eabi/4.7.3/armv7-m\libgcc.a(_arm_addsubdf3.o)
                              lib/display/abstract/src/display_if_support.o (__aeabi_dadd)
c:/devz/arm/launchpad/bin/../lib/gcc/arm-none-eabi/4.7.3/armv7-m\libgcc.a(_arm_muldivdf3.o)
                              lib/display/abstract/src/display_if_support.o (__aeabi_dmul)
c:/devz/arm/launchpad/bin/../lib/gcc/arm-none-eabi/4.7.3/armv7-m\libgcc.a(_arm_cmpdf2.o)
                              lib/display/abstract/src/display_if_support.o (__aeabi_dcmpeq)
c:/devz/arm/launchpad/bin/../lib/gcc/arm-none-eabi/4.7.3/armv7-m\libgcc.a(_arm_fixdfsi.o)
                              lib/display/abstract/src/display_if_support.o (__aeabi_d2iz)
c:/devz/arm/launchpad/bin/../lib/gcc/arm-none-eabi/4.7.3/../../../../arm-none-eabi/lib/armv7-m\libc_s.a(lib_a-errno.o)
                              src/syscalls.o (__errno)
c:/devz/arm/launchpad/bin/../lib/gcc/arm-none-eabi/4.7.3/../../../../arm-none-eabi/lib/armv7-m\libc_s.a(lib_a-impure.o)
                              c:/devz/arm/launchpad/bin/../lib/gcc/arm-none-eabi/4.7.3/../../../../arm-none-eabi/lib/armv7-m\libc_s.a(lib_a-errno.o) (_impure_ptr)
c:/devz/arm/launchpad/bin/../lib/gcc/arm-none-eabi/4.7.3/../../../../arm-none-eabi/lib/armv7-m\libc_s.a(lib_a-lcltime.o)
                              src/rtc_support.o (localtime)
c:/devz/arm/launchpad/bin/../lib/gcc/arm-none-eabi/4.7.3/../../../../arm-none-eabi/lib/armv7-m\libc_s.a(lib_a-lcltime_r.o)
                              c:/devz/arm/launchpad/bin/../lib/gcc/arm-none-eabi/4.7.3/../../../../arm-none-eabi/lib/armv7-m\libc_s.a(lib_a-lcltime.o) (localtime_r)
c:/devz/arm/launchpad/bin/../lib/gcc/arm-none-eabi/4.7.3/../../../../arm-none-eabi/lib/armv7-m\libc_s.a(lib_a-malloc.o)
                              c:/devz/arm/launchpad/bin/../lib/gcc/arm-none-eabi/4.7.3/../../../../arm-none-eabi/lib/armv7-m\libc_s.a(lib_a-lcltime.o) (malloc)
c:/devz/arm/launchpad/bin/../lib/gcc/arm-none-eabi/4.7.3/../../../../arm-none-eabi/lib/armv7-m\libc_s.a(lib_a-mallocr.o)
                              c:/devz/arm/launchpad/bin/../lib/gcc/arm-none-eabi/4.7.3/../../../../arm-none-eabi/lib/armv7-m\libc_s.a(lib_a-malloc.o) (_malloc_r)
c:/devz/arm/launchpad/bin/../lib/gcc/arm-none-eabi/4.7.3/../../../../arm-none-eabi/lib/armv7-m\libc_s.a(lib_a-memcpy.o)
                              lib/ff/diskio_sdio.o (memcpy)
c:/devz/arm/launchpad/bin/../lib/gcc/arm-none-eabi/4.7.3/../../../../arm-none-eabi/lib/armv7-m\libc_s.a(lib_a-memset.o)
                              src/uart_support_gps.o (memset)
c:/devz/arm/launchpad/bin/../lib/gcc/arm-none-eabi/4.7.3/../../../../arm-none-eabi/lib/armv7-m\libc_s.a(lib_a-mktime.o)
                              src/rtc_support.o (mktime)
c:/devz/arm/launchpad/bin/../lib/gcc/arm-none-eabi/4.7.3/../../../../arm-none-eabi/lib/armv7-m\libc_s.a(lib_a-mktm_r.o)
[...]
Memory Configuration

Name             Origin             Length             Attributes
RAM1             0x20000000         0x00010000         xrw
RAM5             0x68000000         0x00080000         xrw
ROM              0x08000000         0x00100000         xr
*default*        0x00000000         0xffffffff

Linker script and memory map

LOAD c:/devz/arm/launchpad/bin/../lib/gcc/arm-none-eabi/4.7.3/../../../../arm-none-eabi/lib/armv7-m\libm.a
LOAD src/main.o
LOAD src/sysinit_primer2.o
LOAD src/systick.o
LOAD src/syscalls.o
LOAD src/stm32f10x_it.o
LOAD src/hw_config.o
LOAD src/power.o
LOAD src/adc_support.o
LOAD src/rtc_support.o
LOAD src/gps_support.o
LOAD src/cdc_support.o
LOAD src/msc_support.o
LOAD src/uart_support_gps.o
LOAD src/term_io.o
LOAD src/xprintf.o
LOAD lib/display/mcu_depend/src/display_if_basis.o
LOAD lib/display/abstract/src/display_if_support.o
LOAD lib/display/drivers/src/st7732.o
LOAD lib/FONTX2/src/font_if_datatable.o
LOAD lib/FONTX2/src/font_if.o
LOAD lib/ff/ff.o
LOAD lib/ff/sdio_stm32f1.o
LOAD lib/ff/diskio_sdio.o
LOAD lib/ff/ff_rtc_if.o
LOAD lib/ff/option/unicode.o
LOAD lib/USB_Functions/usb_pwr.o
LOAD lib/USB_Functions/usb_istr.o
LOAD lib/USB_Functions/usb_conf.o
LOAD lib/USB_Functions/usb_prop.o
LOAD lib/USB_Functions/cdc/src/usb_cdc_desc.o
LOAD lib/USB_Functions/cdc/src/usb_cdc_prop.o
LOAD lib/USB_Functions/cdc/src/usb_cdc_endp.o
LOAD lib/USB_Functions/msc/src/usb_msc_mass_mal.o
LOAD lib/USB_Functions/msc/src/usb_msc_memory.o
LOAD lib/USB_Functions/msc/src/usb_msc_scsi_data.o
LOAD lib/USB_Functions/msc/src/usb_msc_scsi.o
LOAD lib/USB_Functions/msc/src/usb_msc_bot.o
LOAD lib/USB_Functions/msc/src/usb_msc_desc.o
LOAD lib/USB_Functions/msc/src/usb_msc_prop.o
LOAD STM32F103VET6_lib.a
START GROUP
LOAD c:/devz/arm/launchpad/bin/../lib/gcc/arm-none-eabi/4.7.3/armv7-m\libgcc.a
LOAD c:/devz/arm/launchpad/bin/../lib/gcc/arm-none-eabi/4.7.3/../../../../arm-none-eabi/lib/armv7-m\libc_s.a
END GROUP
                0x20010000                _estack = (ORIGIN (RAM1) + 0x10000)

.text           0x08000000     0x92ac
                0x08000000                . = ALIGN (0x4)
 *(.isr_vector)
 .isr_vector    0x08000000      0x1e4 STM32F103VET6_lib.a(startup_stm32f10x_hd.o)
                0x08000000                g_pfnVectors
                0x080001e4                . = ALIGN (0x4)
 *(.text .text.*)
 .text.startup.main
                0x080001e4      0x13c src/main.o
                0x080001e4                main
 .text.SystemInit
                0x08000320       0xf4 src/sysinit_primer2.o
                0x08000320                SystemInit
 .text.SystemCoreClockUpdate
                0x08000414       0x70 src/sysinit_primer2.o
                0x08000414                SystemCoreClockUpdate
 .text.SysTickInit
                0x08000484       0x88 src/systick.o
                0x08000484                SysTickInit
 .text._delay_ms
                0x0800050c       0x18 src/systick.o
                0x0800050c                _delay_ms
 .text._sbrk_r  0x08000524       0x34 src/syscalls.o
                0x08000524                _sbrk_r
 .text.NMI_Handler
                0x08000558        0x2 src/stm32f10x_it.o
                0x08000558                NMI_Handler
 .text.HardFault_Handler
                0x0800055a        0x2 src/stm32f10x_it.o
                0x0800055a                HardFault_Handler
 .text.MemManage_Handler
                0x0800055c        0x2 src/stm32f10x_it.o
                0x0800055c                MemManage_Handler
 .text.BusFault_Handler
                0x0800055e        0x2 src/stm32f10x_it.o
                0x0800055e                BusFault_Handler
 .text.UsageFault_Handler
                0x08000560        0x2 src/stm32f10x_it.o
                0x08000560                UsageFault_Handler
 .text.SVC_Handler
                0x08000562        0x2 src/stm32f10x_it.o
                0x08000562                SVC_Handler
 .text.DebugMon_Handler
                0x08000564        0x2 src/stm32f10x_it.o
                0x08000564                DebugMon_Handler
 .text.PendSV_Handler
                0x08000566        0x2 src/stm32f10x_it.o
                0x08000566                PendSV_Handler
 .text.SysTick_Handler
                0x08000568       0x2c src/stm32f10x_it.o
                0x08000568                SysTick_Handler
 .text.USB_HP_CAN1_TX_IRQHandler
                0x08000594        0x4 src/stm32f10x_it.o
                0x08000594                USB_HP_CAN1_TX_IRQHandler
 .text.USB_LP_CAN1_RX0_IRQHandler
                0x08000598        0x4 src/stm32f10x_it.o
                0x08000598                USB_LP_CAN1_RX0_IRQHandler
 .text.RTC_IRQHandler
                0x0800059c        0x2 src/stm32f10x_it.o
                0x0800059c                RTC_IRQHandler
 .text.IntToUnicode
                0x0800059e       0x2a src/hw_config.o
 .text.LED_Configuration
                0x080005c8       0xb0 src/hw_config.o
                0x080005c8                LED_Configuration
 .text.KEY_Configuration
                0x08000678       0x54 src/hw_config.o
                0x08000678                KEY_Configuration
 .text.NVIC_Configuration
                0x080006cc        0xa src/hw_config.o
                0x080006cc                NVIC_Configuration
 .text.Set_System
                0x080006d6       0x22 src/hw_config.o
                0x080006d6                Set_System
 .text.Set72    0x080006f8       0x60 src/hw_config.o
                0x080006f8                Set72
 .text.USB_Disconnect_Config
                0x08000758       0x2c src/hw_config.o
                0x08000758                USB_Disconnect_Config
 .text.Set_USBClock
                0x08000784       0x16 src/hw_config.o
                0x08000784                Set_USBClock
 *fill*         0x0800079a        0x2 00
 .text.USB_Cable_Config
                0x0800079c       0x18 src/hw_config.o
                0x0800079c                USB_Cable_Config
 .text.Get_SerialNum
                0x080007b4       0x38 src/hw_config.o
                0x080007b4                Get_SerialNum
 .text.GetVbat  0x080007ec       0x4c src/power.o
                0x080007ec                GetVbat
 .text.PWR_Mgn  0x08000838       0xd4 src/power.o
                0x08000838                PWR_Mgn
 .text.PWR_Configuration
                0x0800090c       0x2c src/power.o
                0x0800090c                PWR_Configuration
 .text.ADC_DMA_Configuration
                0x08000938      0x138 src/adc_support.o
                0x08000938                ADC_DMA_Configuration
 .text.Time_ConvUnixToCalendar
                0x08000a70       0x2a src/rtc_support.o
                0x08000a70                Time_ConvUnixToCalendar
 .text.Time_GetCalendarTime
                0x08000a9a       0x14 src/rtc_support.o
                0x08000a9a                Time_GetCalendarTime
 .text.Time_SetUnixTime
                0x08000aae       0x22 src/rtc_support.o
                0x08000aae                Time_SetUnixTime
 .text.Time_SetCalendarTime
                0x08000ad0       0x38 src/rtc_support.o
                0x08000ad0                Time_SetCalendarTime
 .text.RTC_Configuration
                0x08000b08       0xd8 src/rtc_support.o
                0x08000b08                RTC_Configuration
 .text.get_line_GPS
                0x08000be0       0x34 src/gps_support.o
 .text.gp_val   0x08000c14       0x22 src/gps_support.o
 *fill*         0x08000c36        0x2 00
 .text.gp_comp.constprop.0
                0x08000c38       0x18 src/gps_support.o
 .text.gp_col.constprop.1
                0x08000c50       0x24 src/gps_support.o
 .text.xSend_MTKCmd
                0x08000c74       0x60 src/gps_support.o
 .text.get_fattime
                0x08000cd4       0x38 src/gps_support.o
                0x08000cd4                get_fattime
 .text.ChkAckLimit
                0x08000d0c       0x2c src/gps_support.o
                0x08000d0c                ChkAckLimit
 .text.ShutFileClose
                0x08000d38       0x1c src/gps_support.o
                0x08000d38                ShutFileClose
 .text.gps_task
                0x08000d54      0x2fc src/gps_support.o
                0x08000d54                gps_task
 .text.USART_Config_Default
                0x08001050       0x88 src/cdc_support.o
                0x08001050                USART_Config_Default
 .text.USART_Config
                0x080010d8       0xf4 src/cdc_support.o
                0x080010d8                USART_Config
 .text.USB_To_USART_Send_Data
                0x080011cc       0x2c src/cdc_support.o
                0x080011cc                USB_To_USART_Send_Data
 .text.Handle_USBAsynchXfer
                0x080011f8       0x9c src/cdc_support.o
                0x080011f8                Handle_USBAsynchXfer
 .text.USART_To_USB_Send_Data
                0x08001294       0x4c src/cdc_support.o
                0x08001294                USART_To_USB_Send_Data
 .text.CDC_IRQ  0x080012e0       0x2c src/cdc_support.o
                0x080012e0                CDC_IRQ
 .text.cdc_task
                0x0800130c       0x94 src/cdc_support.o
                0x0800130c                cdc_task
 .text.msc_task
                0x080013a0       0xa0 src/msc_support.o
                0x080013a0                msc_task
 .text.conio_init
                0x08001440       0xd4 src/uart_support_gps.o
                0x08001440                conio_init
 .text.USART_TXBuffer_PutByte
                0x08001514       0x4c src/uart_support_gps.o
                0x08001514                USART_TXBuffer_PutByte
 .text.USART_RXBuffer_GetByte
                0x08001560       0x1c src/uart_support_gps.o
                0x08001560                USART_RXBuffer_GetByte
 .text.putch    0x0800157c       0x24 src/uart_support_gps.o
                0x0800157c                putch
 .text.getch    0x080015a0       0x20 src/uart_support_gps.o
                0x080015a0                getch
 .text.conio_IRQ
                0x080015c0       0x98 src/uart_support_gps.o
                0x080015c0                conio_IRQ
 .text.USART2_IRQHandler
                0x08001658       0x10 src/uart_support_gps.o
                0x08001658                USART2_IRQHandler
 .text.Flush_RXBuffer
                0x08001668       0x24 src/uart_support_gps.o
                0x08001668                Flush_RXBuffer
 .text.WaitTxBuffer
                0x0800168c       0x20 src/uart_support_gps.o
                0x0800168c                WaitTxBuffer
 .text.xgetc_n  0x080016ac       0x3c src/term_io.o
                0x080016ac                xgetc_n
 .text.xgetc    0x080016e8        0xe src/term_io.o
                0x080016e8                xgetc
 *fill*         0x080016f6        0x2 00
 .text.xputc    0x080016f8       0x30 src/xprintf.o
                0x080016f8                xputc
 .text.xputs    0x08001728       0x14 src/xprintf.o
                0x08001728                xputs
 .text.xvprintf
                0x0800173c      0x1b8 src/xprintf.o
 .text.xprintf  0x080018f4       0x18 src/xprintf.o
                0x080018f4                xprintf
 .text.xsprintf
                0x0800190c       0x2c src/xprintf.o
                0x0800190c                xsprintf
 .text.Display_IoInit_If
                0x08001938       0xf8 lib/display/mcu_depend/src/display_if_basis.o
                0x08001938                Display_IoInit_If
 .text.SetPixel
                0x08001a30        0xa lib/display/abstract/src/display_if_support.o
 *fill*         0x08001a3a        0x2 00
 .text.putkanji_t
                0x08001a3c       0xc8 lib/display/abstract/src/display_if_support.o
 .text.putank_t.isra.0
                0x08001b04       0xc0 lib/display/abstract/src/display_if_support.o
 .text.putkanji
                0x08001bc4       0xb4 lib/display/abstract/src/display_if_support.o
                0x08001bc4                putkanji
 .text.putank   0x08001c78       0xac lib/display/abstract/src/display_if_support.o
                0x08001c78                putank
 .text.Display_Puts_If
                0x08001d24       0x98 lib/display/abstract/src/display_if_support.o
                0x08001d24                Display_Puts_If
 .text.ST7732_reset
                0x08001dbc       0x2c lib/display/drivers/src/st7732.o
                0x08001dbc                ST7732_reset
 .text.ST7732_wr_gram
                0x08001de8       0x14 lib/display/drivers/src/st7732.o
                0x08001de8                ST7732_wr_gram
 .text.ST7732_rect
                0x08001dfc       0x44 lib/display/drivers/src/st7732.o
                0x08001dfc                ST7732_rect
 .text.ST7732_clear
                0x08001e40       0x34 lib/display/drivers/src/st7732.o
                0x08001e40                ST7732_clear
 .text.ST7732_init
                0x08001e74      0x17c lib/display/drivers/src/st7732.o
                0x08001e74                ST7732_init
 .text.SearchKanjiBlock
                0x08001ff0       0x34 lib/FONTX2/src/font_if.o
 .text.InitFont_Ank
                0x08002024       0x22 lib/FONTX2/src/font_if.o
                0x08002024                InitFont_Ank
 *fill*         0x08002046        0x2 00
 .text.ChangeCurrentAnk
                0x08002048        0xc lib/FONTX2/src/font_if.o
                0x08002048                ChangeCurrentAnk
 .text.GetPtr_Ank
                0x08002054       0x18 lib/FONTX2/src/font_if.o
                0x08002054                GetPtr_Ank
 .text.GetPtr_Kanji
                0x0800206c       0x3c lib/FONTX2/src/font_if.o
                0x0800206c                GetPtr_Kanji
 .text.mem_cpy  0x080020a8       0x2e lib/ff/ff.o
 .text.mem_set  0x080020d6        0xe lib/ff/ff.o
 .text.clmt_clust
                0x080020e4       0x22 lib/ff/ff.o
 .text.validate
                0x08002106       0x2a lib/ff/ff.o
 .text.sync_window
                0x08002130       0x4e lib/ff/ff.o
 *fill*         0x0800217e        0x2 00
 .text.sync_fs  0x08002180       0x70 lib/ff/ff.o
 .text.move_window
                0x080021f0       0x2e lib/ff/ff.o
 *fill*         0x0800221e        0x2 00
 .text.check_fs
                0x08002220       0x4c lib/ff/ff.o
 .text.chk_mounted
                0x0800226c      0x218 lib/ff/ff.o
 .text.clust2sect
                0x08002484       0x18 lib/ff/ff.o
                0x08002484                clust2sect
 .text.get_fat  0x0800249c       0xa0 lib/ff/ff.o
                0x0800249c                get_fat
 .text.dir_sdi  0x0800253c       0x84 lib/ff/ff.o
 .text.put_fat  0x080025c0       0xcc lib/ff/ff.o
                0x080025c0                put_fat
 .text.create_chain
                0x0800268c       0x9a lib/ff/ff.o
 .text.dir_next
                0x08002726       0xf6 lib/ff/ff.o
 .text.follow_path
                0x0800281c      0x258 lib/ff/ff.o
 .text.dir_alloc.part.7.constprop.11
                0x08002a74       0x26 lib/ff/ff.o
 .text.dir_register
                0x08002a9a       0x42 lib/ff/ff.o
 .text.remove_chain
                0x08002adc       0x82 lib/ff/ff.o
 *fill*         0x08002b5e        0x2 00
 .text.f_mount  0x08002b60       0x20 lib/ff/ff.o
                0x08002b60                f_mount
 .text.f_open   0x08002b80      0x130 lib/ff/ff.o
                0x08002b80                f_open
 .text.f_write  0x08002cb0      0x18e lib/ff/ff.o
                0x08002cb0                f_write
 .text.f_sync   0x08002e3e       0x5e lib/ff/ff.o
                0x08002e3e                f_sync
 .text.f_close  0x08002e9c        0xe lib/ff/ff.o
                0x08002e9c                f_close
 .text.f_lseek  0x08002eaa      0x1ce lib/ff/ff.o
                0x08002eaa                f_lseek
 .text.CmdResp2Error
                0x08003078       0x38 lib/ff/sdio_stm32f1.o
 .text.IsCardProgramming
                0x080030b0      0x15c lib/ff/sdio_stm32f1.o
 .text.unlikely.SD_LowLevel_DMA_TxConfig
                0x0800320c       0x64 lib/ff/sdio_stm32f1.o
 .text.unlikely.SD_LowLevel_DMA_RxConfig
                0x08003270       0x64 lib/ff/sdio_stm32f1.o
 .text.CmdResp1Error
                0x080032d4       0xf4 lib/ff/sdio_stm32f1.o
 .text.SDEnWideBus
                0x080033c8      0x1f0 lib/ff/sdio_stm32f1.o
 .text.SD_PowerON
                0x080035b8      0x1ac lib/ff/sdio_stm32f1.o
                0x080035b8                SD_PowerON
 .text.SD_InitializeCards
                0x08003764      0x164 lib/ff/sdio_stm32f1.o
                0x08003764                SD_InitializeCards
 .text.SD_GetCardInfo
                0x080038c8      0x28c lib/ff/sdio_stm32f1.o
                0x080038c8                SD_GetCardInfo
 .text.SD_EnableWideBusOperation
                0x08003b54       0x74 lib/ff/sdio_stm32f1.o
                0x08003b54                SD_EnableWideBusOperation
 .text.SD_SetDeviceMode
                0x08003bc8       0x14 lib/ff/sdio_stm32f1.o
                0x08003bc8                SD_SetDeviceMode
 .text.SD_SelectDeselect
                0x08003bdc       0x2c lib/ff/sdio_stm32f1.o
                0x08003bdc                SD_SelectDeselect
 .text.SD_Init  0x08003c08       0xe0 lib/ff/sdio_stm32f1.o
                0x08003c08                SD_Init
 .text.SD_ReadBlock
                0x08003ce8      0x22c lib/ff/sdio_stm32f1.o
                0x08003ce8                SD_ReadBlock
 .text.SD_ReadMultiBlocks
                0x08003f14      0x294 lib/ff/sdio_stm32f1.o
                0x08003f14                SD_ReadMultiBlocks
 .text.SD_WriteBlock
                0x080041a8      0x2f4 lib/ff/sdio_stm32f1.o
                0x080041a8                SD_WriteBlock
 .text.SD_WriteMultiBlocks
                0x0800449c      0x380 lib/ff/sdio_stm32f1.o
                0x0800449c                SD_WriteMultiBlocks
 .text.SD_StopTransfer
                0x0800481c       0x2c lib/ff/sdio_stm32f1.o
                0x0800481c                SD_StopTransfer
 .text.SD_SendSDStatus
                0x08004848      0x168 lib/ff/sdio_stm32f1.o
                0x08004848                SD_SendSDStatus
 .text.SD_ProcessIRQSrc
                0x080049b0      0x1ec lib/ff/sdio_stm32f1.o
                0x080049b0                SD_ProcessIRQSrc
 .text.SDIO_IRQHandler
                0x08004b9c        0x4 lib/ff/sdio_stm32f1.o
                0x08004b9c                SDIO_IRQHandler
 .text.SD_GetCardStatus
                0x08004ba0       0x84 lib/ff/sdio_stm32f1.o
                0x08004ba0                SD_GetCardStatus
 .text.disk_initialize
                0x08004c24       0x20 lib/ff/diskio_sdio.o
                0x08004c24                disk_initialize
 .text.disk_status
                0x08004c44       0x24 lib/ff/diskio_sdio.o
                0x08004c44                disk_status
 .text.disk_read
                0x08004c68       0x2a lib/ff/diskio_sdio.o
                0x08004c68                disk_read
 .text.disk_write
                0x08004c92       0x2a lib/ff/diskio_sdio.o
                0x08004c92                disk_write
 .text.disk_ioctl
                0x08004cbc       0x84 lib/ff/diskio_sdio.o
                0x08004cbc                disk_ioctl
 .text.rtc_gettime
                0x08004d40       0x44 lib/ff/ff_rtc_if.o
                0x08004d40                rtc_gettime
 .text.PowerOn  0x08004d84       0x30 lib/USB_Functions/usb_pwr.o
                0x08004d84                PowerOn
 .text.USB_Istr
                0x08004db4       0x10 lib/USB_Functions/usb_istr.o
                0x08004db4                USB_Istr
 .text.CDC_USB_Istr
                0x08004dc4       0x7c lib/USB_Functions/usb_istr.o
                0x08004dc4                CDC_USB_Istr
 .text.MSC_USB_Istr
                0x08004e40       0x54 lib/USB_Functions/usb_istr.o
                0x08004e40                MSC_USB_Istr
 .text.EP1_IN_Callback
                0x08004e94       0x10 lib/USB_Functions/usb_conf.o
                0x08004e94                EP1_IN_Callback
 .text.EP3_OUT_Callback
                0x08004ea4       0x10 lib/USB_Functions/usb_conf.o
                0x08004ea4                EP3_OUT_Callback
 .text.EP2_OUT_Callback
                0x08004eb4       0x10 lib/USB_Functions/usb_conf.o
                0x08004eb4                EP2_OUT_Callback
 .text.SOF_Callback
                0x08004ec4       0x10 lib/USB_Functions/usb_conf.o
                0x08004ec4                SOF_Callback
 .text.nxinit   0x08004ed4       0x10 lib/USB_Functions/usb_prop.o
                0x08004ed4                nxinit
 .text.nxReset  0x08004ee4       0x10 lib/USB_Functions/usb_prop.o
                0x08004ee4                nxReset
 .text.nxStatus_In
                0x08004ef4       0x10 lib/USB_Functions/usb_prop.o
                0x08004ef4                nxStatus_In
 .text.nxStatus_Out
                0x08004f04       0x10 lib/USB_Functions/usb_prop.o
                0x08004f04                nxStatus_Out
 .text.nxData_Setup
                0x08004f14       0x10 lib/USB_Functions/usb_prop.o
                0x08004f14                nxData_Setup
 .text.nxNoData_Setup
                0x08004f24       0x10 lib/USB_Functions/usb_prop.o
                0x08004f24                nxNoData_Setup
 .text.nxGet_Interface_Setting
                0x08004f34       0x10 lib/USB_Functions/usb_prop.o
                0x08004f34                nxGet_Interface_Setting
 .text.nxGetDeviceDescriptor
                0x08004f44       0x10 lib/USB_Functions/usb_prop.o
                0x08004f44                nxGetDeviceDescriptor
 .text.nxGetConfigDescriptor
                0x08004f54       0x10 lib/USB_Functions/usb_prop.o
                0x08004f54                nxGetConfigDescriptor
 .text.nxGetStringDescriptor
                0x08004f64       0x10 lib/USB_Functions/usb_prop.o
                0x08004f64                nxGetStringDescriptor
 .text.nxGetConfiguration
                0x08004f74       0x10 lib/USB_Functions/usb_prop.o
                0x08004f74                nxGetConfiguration
 .text.nxSetConfiguration
                0x08004f84       0x10 lib/USB_Functions/usb_prop.o
                0x08004f84                nxSetConfiguration
 .text.nxGetInterface
                0x08004f94       0x10 lib/USB_Functions/usb_prop.o
                0x08004f94                nxGetInterface
 .text.nxSetInterface
                0x08004fa4       0x10 lib/USB_Functions/usb_prop.o
                0x08004fa4                nxSetInterface
 .text.nxGetStatus
                0x08004fb4       0x10 lib/USB_Functions/usb_prop.o
                0x08004fb4                nxGetStatus
 .text.nxClearFeature
                0x08004fc4       0x10 lib/USB_Functions/usb_prop.o
                0x08004fc4                nxClearFeature
 .text.nxSetEndPointFeature
                0x08004fd4       0x10 lib/USB_Functions/usb_prop.o
                0x08004fd4                nxSetEndPointFeature
 .text.nxSetDeviceFeature
                0x08004fe4       0x10 lib/USB_Functions/usb_prop.o
                0x08004fe4                nxSetDeviceFeature
 .text.nxSetDeviceAddress
                0x08004ff4       0x10 lib/USB_Functions/usb_prop.o
                0x08004ff4                nxSetDeviceAddress
 .text.Virtual_Com_Port_SetConfiguration
                0x08005004       0x18 lib/USB_Functions/cdc/src/usb_cdc_prop.o
                0x08005004                Virtual_Com_Port_SetConfiguration
 .text.Virtual_Com_Port_SetDeviceAddress
                0x0800501c        0xc lib/USB_Functions/cdc/src/usb_cdc_prop.o
                0x0800501c                Virtual_Com_Port_SetDeviceAddress
 .text.Virtual_Com_Port_Status_Out
                0x08005028        0x2 lib/USB_Functions/cdc/src/usb_cdc_prop.o
                0x08005028                Virtual_Com_Port_Status_Out
 *fill*         0x0800502a        0x2 00
 .text.Virtual_Com_Port_Data_Setup
                0x0800502c       0x5c lib/USB_Functions/cdc/src/usb_cdc_prop.o
                0x0800502c                Virtual_Com_Port_Data_Setup
 .text.Virtual_Com_Port_NoData_Setup
                0x08005088       0x24 lib/USB_Functions/cdc/src/usb_cdc_prop.o
                0x08005088                Virtual_Com_Port_NoData_Setup
 .text.Virtual_Com_Port_Get_Interface_Setting
                0x080050ac        0xe lib/USB_Functions/cdc/src/usb_cdc_prop.o
                0x080050ac                Virtual_Com_Port_Get_Interface_Setting
 *fill*         0x080050ba        0x2 00
 .text.Virtual_Com_Port_GetLineCoding
                0x080050bc       0x18 lib/USB_Functions/cdc/src/usb_cdc_prop.o
                0x080050bc                Virtual_Com_Port_GetLineCoding
 .text.Virtual_Com_Port_SetLineCoding
                0x080050d4       0x18 lib/USB_Functions/cdc/src/usb_cdc_prop.o
                0x080050d4                Virtual_Com_Port_SetLineCoding
 .text.Virtual_Com_Port_GetStringDescriptor
                0x080050ec       0x20 lib/USB_Functions/cdc/src/usb_cdc_prop.o
                0x080050ec                Virtual_Com_Port_GetStringDescriptor
 .text.Virtual_Com_Port_GetConfigDescriptor
                0x0800510c        0xc lib/USB_Functions/cdc/src/usb_cdc_prop.o
                0x0800510c                Virtual_Com_Port_GetConfigDescriptor
 .text.Virtual_Com_Port_GetDeviceDescriptor
                0x08005118        0xc lib/USB_Functions/cdc/src/usb_cdc_prop.o
                0x08005118                Virtual_Com_Port_GetDeviceDescriptor
 .text.Virtual_Com_Port_Status_In
                0x08005124       0x18 lib/USB_Functions/cdc/src/usb_cdc_prop.o
                0x08005124                Virtual_Com_Port_Status_In
 .text.Virtual_Com_Port_Reset
                0x0800513c      0x100 lib/USB_Functions/cdc/src/usb_cdc_prop.o
                0x0800513c                Virtual_Com_Port_Reset
 .text.Virtual_Com_Port_init
                0x0800523c       0x34 lib/USB_Functions/cdc/src/usb_cdc_prop.o
                0x0800523c                Virtual_Com_Port_init
 .text.CDC_SetStructure
                0x08005270       0xf4 lib/USB_Functions/cdc/src/usb_cdc_prop.o
                0x08005270                CDC_SetStructure
 .text.CDC_EP1_IN_Callback
                0x08005364       0xc0 lib/USB_Functions/cdc/src/usb_cdc_endp.o
                0x08005364                CDC_EP1_IN_Callback
 .text.CDC_EP3_OUT_Callback
                0x08005424       0x5c lib/USB_Functions/cdc/src/usb_cdc_endp.o
                0x08005424                CDC_EP3_OUT_Callback
 .text.CDC_SOF_Callback
                0x08005480       0x28 lib/USB_Functions/cdc/src/usb_cdc_endp.o
                0x08005480                CDC_SOF_Callback
 .text.MAL_Init
                0x080054a8       0x1c lib/USB_Functions/msc/src/usb_msc_mass_mal.o
                0x080054a8                MAL_Init
 .text.MAL_Write
                0x080054c4       0x24 lib/USB_Functions/msc/src/usb_msc_mass_mal.o
                0x080054c4                MAL_Write
 .text.MAL_Read
                0x080054e8       0x24 lib/USB_Functions/msc/src/usb_msc_mass_mal.o
                0x080054e8                MAL_Read
 .text.MAL_GetStatus
                0x0800550c       0xc8 lib/USB_Functions/msc/src/usb_msc_mass_mal.o
                0x0800550c                MAL_GetStatus
 .text.Read_Memory
                0x080055d4       0xf8 lib/USB_Functions/msc/src/usb_msc_memory.o
                0x080055d4                Read_Memory
 .text.Write_Memory
                0x080056cc      0x100 lib/USB_Functions/msc/src/usb_msc_memory.o
                0x080056cc                Write_Memory
 .text.SCSI_Inquiry_Cmd
                0x080057cc       0x28 lib/USB_Functions/msc/src/usb_msc_scsi.o
                0x080057cc                SCSI_Inquiry_Cmd
 .text.SCSI_ReadFormatCapacity_Cmd
                0x080057f4       0x68 lib/USB_Functions/msc/src/usb_msc_scsi.o
                0x080057f4                SCSI_ReadFormatCapacity_Cmd
 .text.SCSI_ReadCapacity10_Cmd
                0x0800585c       0x6c lib/USB_Functions/msc/src/usb_msc_scsi.o
                0x0800585c                SCSI_ReadCapacity10_Cmd
 .text.SCSI_ModeSense6_Cmd
                0x080058c8        0xc lib/USB_Functions/msc/src/usb_msc_scsi.o
                0x080058c8                SCSI_ModeSense6_Cmd
 .text.SCSI_ModeSense10_Cmd
                0x080058d4        0xc lib/USB_Functions/msc/src/usb_msc_scsi.o
                0x080058d4                SCSI_ModeSense10_Cmd
 .text.SCSI_RequestSense_Cmd
                0x080058e0       0x18 lib/USB_Functions/msc/src/usb_msc_scsi.o
                0x080058e0                SCSI_RequestSense_Cmd
 .text.Set_Scsi_Sense_Data
                0x080058f8        0xc lib/USB_Functions/msc/src/usb_msc_scsi.o
                0x080058f8                Set_Scsi_Sense_Data
 .text.SCSI_Start_Stop_Unit_Cmd
                0x08005904        0x8 lib/USB_Functions/msc/src/usb_msc_scsi.o
                0x08005904                SCSI_Start_Stop_Unit_Cmd
 .text.SCSI_Verify10_Cmd
                0x0800590c       0x3c lib/USB_Functions/msc/src/usb_msc_scsi.o
                0x0800590c                SCSI_Verify10_Cmd
 .text.SCSI_TestUnitReady_Cmd
                0x08005948       0x34 lib/USB_Functions/msc/src/usb_msc_scsi.o
                0x08005948                SCSI_TestUnitReady_Cmd
 .text.SCSI_Format_Cmd
                0x0800597c       0x2c lib/USB_Functions/msc/src/usb_msc_scsi.o
                0x0800597c                SCSI_Format_Cmd
 .text.SCSI_Invalid_Cmd
                0x080059a8       0x38 lib/USB_Functions/msc/src/usb_msc_scsi.o
                0x080059a8                SCSI_Invalid_Cmd
 .text.SCSI_Address_Management
                0x080059e0       0x70 lib/USB_Functions/msc/src/usb_msc_scsi.o
                0x080059e0                SCSI_Address_Management
 .text.SCSI_Write10_Cmd
                0x08005a50       0x70 lib/USB_Functions/msc/src/usb_msc_scsi.o
                0x08005a50                SCSI_Write10_Cmd
 .text.SCSI_Read10_Cmd
                0x08005ac0       0x70 lib/USB_Functions/msc/src/usb_msc_scsi.o
                0x08005ac0                SCSI_Read10_Cmd
 .text.Bot_Abort.part.1
                0x08005b30       0x18 lib/USB_Functions/msc/src/usb_msc_bot.o
 .text.Transfer_Data_Request
                0x08005b48       0x34 lib/USB_Functions/msc/src/usb_msc_bot.o
                0x08005b48                Transfer_Data_Request
 .text.Set_CSW  0x08005b7c       0x3c lib/USB_Functions/msc/src/usb_msc_bot.o
                0x08005b7c                Set_CSW
 .text.Mass_Storage_In
                0x08005bb8       0x5c lib/USB_Functions/msc/src/usb_msc_bot.o
                0x08005bb8                Mass_Storage_In
 .text.CBW_Decode
                0x08005c14      0x1d0 lib/USB_Functions/msc/src/usb_msc_bot.o
                0x08005c14                CBW_Decode
 .text.Bot_Abort
                0x08005de4       0x22 lib/USB_Functions/msc/src/usb_msc_bot.o
                0x08005de4                Bot_Abort
 *fill*         0x08005e06        0x2 00
 .text.Mass_Storage_Out
                0x08005e08       0xb8 lib/USB_Functions/msc/src/usb_msc_bot.o
                0x08005e08                Mass_Storage_Out
 .text.Mass_SetDeviceAddress
                0x08005ec0        0xc lib/USB_Functions/msc/src/usb_msc_prop.o
                0x08005ec0                Mass_SetDeviceAddress
 .text.Mass_Status_In
                0x08005ecc        0x2 lib/USB_Functions/msc/src/usb_msc_prop.o
                0x08005ecc                Mass_Status_In
 .text.Mass_Status_Out
                0x08005ece        0x2 lib/USB_Functions/msc/src/usb_msc_prop.o
                0x08005ece                Mass_Status_Out
 .text.Mass_Get_Interface_Setting
                0x08005ed0        0xc lib/USB_Functions/msc/src/usb_msc_prop.o
                0x08005ed0                Mass_Get_Interface_Setting
 .text.Get_Max_Lun
                0x08005edc       0x18 lib/USB_Functions/msc/src/usb_msc_prop.o
                0x08005edc                Get_Max_Lun
 .text.Mass_GetStringDescriptor
                0x08005ef4       0x20 lib/USB_Functions/msc/src/usb_msc_prop.o
                0x08005ef4                Mass_GetStringDescriptor
 .text.Mass_GetConfigDescriptor
                0x08005f14        0xc lib/USB_Functions/msc/src/usb_msc_prop.o
                0x08005f14                Mass_GetConfigDescriptor
 .text.Mass_GetDeviceDescriptor
                0x08005f20        0xc lib/USB_Functions/msc/src/usb_msc_prop.o
                0x08005f20                Mass_GetDeviceDescriptor
 .text.Mass_ClearFeature
                0x08005f2c       0x1c lib/USB_Functions/msc/src/usb_msc_prop.o
                0x08005f2c                Mass_ClearFeature
 .text.Mass_Reset
                0x08005f48      0x104 lib/USB_Functions/msc/src/usb_msc_prop.o
                0x08005f48                Mass_Reset
 .text.Mass_init
                0x0800604c       0x30 lib/USB_Functions/msc/src/usb_msc_prop.o
                0x0800604c                Mass_init
 .text.Mass_NoData_Setup
                0x0800607c       0x4c lib/USB_Functions/msc/src/usb_msc_prop.o
                0x0800607c                Mass_NoData_Setup
 .text.Mass_SetConfiguration
                0x080060c8       0x30 lib/USB_Functions/msc/src/usb_msc_prop.o
                0x080060c8                Mass_SetConfiguration
 .text.Mass_Data_Setup
                0x080060f8       0x38 lib/USB_Functions/msc/src/usb_msc_prop.o
                0x080060f8                Mass_Data_Setup
 .text.MSC_SetStructure
                0x08006130       0xf8 lib/USB_Functions/msc/src/usb_msc_prop.o
                0x08006130                MSC_SetStructure
 .text.NVIC_PriorityGroupConfig
                0x08006228       0x14 STM32F103VET6_lib.a(misc.o)
                0x08006228                NVIC_PriorityGroupConfig
 .text.NVIC_Init
                0x0800623c       0x68 STM32F103VET6_lib.a(misc.o)
                0x0800623c                NVIC_Init
 .text.NVIC_SetVectorTable
                0x080062a4       0x14 STM32F103VET6_lib.a(misc.o)
                0x080062a4                NVIC_SetVectorTable
 .text.SysTick_CLKSourceConfig
                0x080062b8       0x18 STM32F103VET6_lib.a(misc.o)
                0x080062b8                SysTick_CLKSourceConfig
 .text.GPIO_Init
                0x080062d0       0x98 STM32F103VET6_lib.a(stm32f10x_gpio.o)
                0x080062d0                GPIO_Init
 .text.GPIO_ReadInputDataBit
                0x08006368        0xc STM32F103VET6_lib.a(stm32f10x_gpio.o)
                0x08006368                GPIO_ReadInputDataBit
 .text.GPIO_SetBits
                0x08006374        0x4 STM32F103VET6_lib.a(stm32f10x_gpio.o)
                0x08006374                GPIO_SetBits
 .text.GPIO_ResetBits
                0x08006378        0x4 STM32F103VET6_lib.a(stm32f10x_gpio.o)
                0x08006378                GPIO_ResetBits
 .text.FSMC_NORSRAMInit
                0x0800637c       0xbc STM32F103VET6_lib.a(stm32f10x_fsmc.o)
                0x0800637c                FSMC_NORSRAMInit
 .text.FSMC_NORSRAMCmd
                0x08006438       0x24 STM32F103VET6_lib.a(stm32f10x_fsmc.o)
                0x08006438                FSMC_NORSRAMCmd
 .text.RCC_PLLConfig
                0x0800645c       0x14 STM32F103VET6_lib.a(stm32f10x_rcc.o)
                0x0800645c                RCC_PLLConfig
 .text.RCC_PLLCmd
                0x08006470        0xc STM32F103VET6_lib.a(stm32f10x_rcc.o)
                0x08006470                RCC_PLLCmd
 .text.RCC_SYSCLKConfig
                0x0800647c       0x14 STM32F103VET6_lib.a(stm32f10x_rcc.o)
                0x0800647c                RCC_SYSCLKConfig
 .text.RCC_GetSYSCLKSource
                0x08006490       0x10 STM32F103VET6_lib.a(stm32f10x_rcc.o)
                0x08006490                RCC_GetSYSCLKSource
 .text.RCC_USBCLKConfig
                0x080064a0        0xc STM32F103VET6_lib.a(stm32f10x_rcc.o)
                0x080064a0                RCC_USBCLKConfig
 .text.RCC_LSEConfig
                0x080064ac       0x20 STM32F103VET6_lib.a(stm32f10x_rcc.o)
                0x080064ac                RCC_LSEConfig
 .text.RCC_RTCCLKConfig
                0x080064cc       0x10 STM32F103VET6_lib.a(stm32f10x_rcc.o)
                0x080064cc                RCC_RTCCLKConfig
 .text.RCC_RTCCLKCmd
                0x080064dc        0xc STM32F103VET6_lib.a(stm32f10x_rcc.o)
                0x080064dc                RCC_RTCCLKCmd
 .text.RCC_GetClocksFreq
                0x080064e8       0x9c STM32F103VET6_lib.a(stm32f10x_rcc.o)
                0x080064e8                RCC_GetClocksFreq
 .text.RCC_AHBPeriphClockCmd
                0x08006584       0x18 STM32F103VET6_lib.a(stm32f10x_rcc.o)
                0x08006584                RCC_AHBPeriphClockCmd
 .text.RCC_APB2PeriphClockCmd
                0x0800659c       0x18 STM32F103VET6_lib.a(stm32f10x_rcc.o)
                0x0800659c                RCC_APB2PeriphClockCmd
 .text.RCC_APB1PeriphClockCmd
                0x080065b4       0x18 STM32F103VET6_lib.a(stm32f10x_rcc.o)
                0x080065b4                RCC_APB1PeriphClockCmd
 .text.RCC_BackupResetCmd
                0x080065cc        0xc STM32F103VET6_lib.a(stm32f10x_rcc.o)
                0x080065cc                RCC_BackupResetCmd
 .text.RCC_GetFlagStatus
                0x080065d8       0x28 STM32F103VET6_lib.a(stm32f10x_rcc.o)
                0x080065d8                RCC_GetFlagStatus
 .text.ADC_Init
                0x08006600       0x48 STM32F103VET6_lib.a(stm32f10x_adc.o)
                0x08006600                ADC_Init
 .text.ADC_Cmd  0x08006648       0x12 STM32F103VET6_lib.a(stm32f10x_adc.o)
                0x08006648                ADC_Cmd
 .text.ADC_DMACmd
                0x0800665a       0x12 STM32F103VET6_lib.a(stm32f10x_adc.o)
                0x0800665a                ADC_DMACmd
 .text.ADC_ResetCalibration
                0x0800666c        0xa STM32F103VET6_lib.a(stm32f10x_adc.o)
                0x0800666c                ADC_ResetCalibration
 .text.ADC_GetResetCalibrationStatus
                0x08006676        0x8 STM32F103VET6_lib.a(stm32f10x_adc.o)
                0x08006676                ADC_GetResetCalibrationStatus
 .text.ADC_StartCalibration
                0x0800667e        0xa STM32F103VET6_lib.a(stm32f10x_adc.o)
                0x0800667e                ADC_StartCalibration
 .text.ADC_GetCalibrationStatus
                0x08006688        0x8 STM32F103VET6_lib.a(stm32f10x_adc.o)
                0x08006688                ADC_GetCalibrationStatus
 .text.ADC_SoftwareStartConvCmd
                0x08006690       0x12 STM32F103VET6_lib.a(stm32f10x_adc.o)
                0x08006690                ADC_SoftwareStartConvCmd
 .text.ADC_RegularChannelConfig
                0x080066a2       0x9a STM32F103VET6_lib.a(stm32f10x_adc.o)
                0x080066a2                ADC_RegularChannelConfig
 .text.ADC_ExternalTrigConvCmd
                0x0800673c       0x12 STM32F103VET6_lib.a(stm32f10x_adc.o)
                0x0800673c                ADC_ExternalTrigConvCmd
 *fill*         0x0800674e        0x2 00
 .text.ADC_TempSensorVrefintCmd
                0x08006750       0x18 STM32F103VET6_lib.a(stm32f10x_adc.o)
                0x08006750                ADC_TempSensorVrefintCmd
 .text.DMA_DeInit
                0x08006768       0xf0 STM32F103VET6_lib.a(stm32f10x_dma.o)
                0x08006768                DMA_DeInit
 .text.DMA_Init
                0x08006858       0x40 STM32F103VET6_lib.a(stm32f10x_dma.o)
                0x08006858                DMA_Init
 .text.DMA_Cmd  0x08006898       0x16 STM32F103VET6_lib.a(stm32f10x_dma.o)
                0x08006898                DMA_Cmd
 *fill*         0x080068ae        0x2 00
 .text.DMA_GetFlagStatus
                0x080068b0       0x1c STM32F103VET6_lib.a(stm32f10x_dma.o)
                0x080068b0                DMA_GetFlagStatus
 .text.DMA_ClearFlag
                0x080068cc       0x14 STM32F103VET6_lib.a(stm32f10x_dma.o)
                0x080068cc                DMA_ClearFlag
 .text.TIM_TimeBaseInit
                0x080068e0       0x94 STM32F103VET6_lib.a(stm32f10x_tim.o)
                0x080068e0                TIM_TimeBaseInit
 .text.TIM_TimeBaseStructInit
                0x08006974       0x12 STM32F103VET6_lib.a(stm32f10x_tim.o)
                0x08006974                TIM_TimeBaseStructInit
 .text.TIM_Cmd  0x08006986       0x18 STM32F103VET6_lib.a(stm32f10x_tim.o)
                0x08006986                TIM_Cmd
 *fill*         0x0800699e        0x2 00
 .text.RTC_ITConfig
                0x080069a0       0x18 STM32F103VET6_lib.a(stm32f10x_rtc.o)
                0x080069a0                RTC_ITConfig
 .text.RTC_EnterConfigMode
                0x080069b8       0x14 STM32F103VET6_lib.a(stm32f10x_rtc.o)
                0x080069b8                RTC_EnterConfigMode
 .text.RTC_ExitConfigMode
                0x080069cc       0x14 STM32F103VET6_lib.a(stm32f10x_rtc.o)
                0x080069cc                RTC_ExitConfigMode
 .text.RTC_GetCounter
                0x080069e0       0x28 STM32F103VET6_lib.a(stm32f10x_rtc.o)
                0x080069e0                RTC_GetCounter
 .text.RTC_SetCounter
                0x08006a08       0x20 STM32F103VET6_lib.a(stm32f10x_rtc.o)
                0x08006a08                RTC_SetCounter
 .text.RTC_SetPrescaler
                0x08006a28       0x20 STM32F103VET6_lib.a(stm32f10x_rtc.o)
                0x08006a28                RTC_SetPrescaler
 .text.RTC_WaitForLastTask
                0x08006a48       0x14 STM32F103VET6_lib.a(stm32f10x_rtc.o)
                0x08006a48                RTC_WaitForLastTask
 .text.RTC_WaitForSynchro
                0x08006a5c       0x24 STM32F103VET6_lib.a(stm32f10x_rtc.o)
                0x08006a5c                RTC_WaitForSynchro
 .text.SDIO_DeInit
                0x08006a80       0x24 STM32F103VET6_lib.a(stm32f10x_sdio.o)
                0x08006a80                SDIO_DeInit
 .text.SDIO_Init
                0x08006aa4       0x30 STM32F103VET6_lib.a(stm32f10x_sdio.o)
                0x08006aa4                SDIO_Init
 .text.SDIO_ClockCmd
                0x08006ad4        0xc STM32F103VET6_lib.a(stm32f10x_sdio.o)
                0x08006ad4                SDIO_ClockCmd
 .text.SDIO_SetPowerState
                0x08006ae0        0xc STM32F103VET6_lib.a(stm32f10x_sdio.o)
                0x08006ae0                SDIO_SetPowerState
 .text.SDIO_GetPowerState
                0x08006aec       0x10 STM32F103VET6_lib.a(stm32f10x_sdio.o)
                0x08006aec                SDIO_GetPowerState
 .text.SDIO_ITConfig
                0x08006afc       0x18 STM32F103VET6_lib.a(stm32f10x_sdio.o)
                0x08006afc                SDIO_ITConfig
 .text.SDIO_DMACmd
                0x08006b14        0xc STM32F103VET6_lib.a(stm32f10x_sdio.o)
                0x08006b14                SDIO_DMACmd
 .text.SDIO_SendCommand
                0x08006b20       0x2c STM32F103VET6_lib.a(stm32f10x_sdio.o)
                0x08006b20                SDIO_SendCommand
 .text.SDIO_GetCommandResponse
                0x08006b4c        0xc STM32F103VET6_lib.a(stm32f10x_sdio.o)
                0x08006b4c                SDIO_GetCommandResponse
 .text.SDIO_GetResponse
                0x08006b58       0x18 STM32F103VET6_lib.a(stm32f10x_sdio.o)
                0x08006b58                SDIO_GetResponse
 .text.SDIO_DataConfig
                0x08006b70       0x2c STM32F103VET6_lib.a(stm32f10x_sdio.o)
                0x08006b70                SDIO_DataConfig
 .text.SDIO_ReadData
                0x08006b9c        0xc STM32F103VET6_lib.a(stm32f10x_sdio.o)
                0x08006b9c                SDIO_ReadData
 .text.SDIO_WriteData
                0x08006ba8        0xc STM32F103VET6_lib.a(stm32f10x_sdio.o)
                0x08006ba8                SDIO_WriteData
 .text.SDIO_GetFlagStatus
                0x08006bb4       0x14 STM32F103VET6_lib.a(stm32f10x_sdio.o)
                0x08006bb4                SDIO_GetFlagStatus
 .text.SDIO_ClearFlag
                0x08006bc8        0xc STM32F103VET6_lib.a(stm32f10x_sdio.o)
                0x08006bc8                SDIO_ClearFlag
 .text.SDIO_GetITStatus
                0x08006bd4       0x14 STM32F103VET6_lib.a(stm32f10x_sdio.o)
                0x08006bd4                SDIO_GetITStatus
 .text.SDIO_ClearITPendingBit
                0x08006be8        0xc STM32F103VET6_lib.a(stm32f10x_sdio.o)
                0x08006be8                SDIO_ClearITPendingBit
 .text.USART_Init
                0x08006bf4       0xb0 STM32F103VET6_lib.a(stm32f10x_usart.o)
                0x08006bf4                USART_Init
 .text.USART_StructInit
                0x08006ca4       0x16 STM32F103VET6_lib.a(stm32f10x_usart.o)
                0x08006ca4                USART_StructInit
 .text.USART_Cmd
                0x08006cba       0x18 STM32F103VET6_lib.a(stm32f10x_usart.o)
                0x08006cba                USART_Cmd
 .text.USART_ITConfig
                0x08006cd2       0x34 STM32F103VET6_lib.a(stm32f10x_usart.o)
                0x08006cd2                USART_ITConfig
 .text.USART_SendData
                0x08006d06        0x8 STM32F103VET6_lib.a(stm32f10x_usart.o)
                0x08006d06                USART_SendData
 .text.USART_ReceiveData
                0x08006d0e        0x8 STM32F103VET6_lib.a(stm32f10x_usart.o)
                0x08006d0e                USART_ReceiveData
 .text.USART_GetFlagStatus
                0x08006d16        0xc STM32F103VET6_lib.a(stm32f10x_usart.o)
                0x08006d16                USART_GetFlagStatus
 .text.USART_GetITStatus
                0x08006d22       0x40 STM32F103VET6_lib.a(stm32f10x_usart.o)
                0x08006d22                USART_GetITStatus
 .text.BKP_DeInit
                0x08006d62       0x12 STM32F103VET6_lib.a(stm32f10x_bkp.o)
                0x08006d62                BKP_DeInit
 .text.BKP_WriteBackupRegister
                0x08006d74       0x1c STM32F103VET6_lib.a(stm32f10x_bkp.o)
                0x08006d74                BKP_WriteBackupRegister
 .text.BKP_ReadBackupRegister
                0x08006d90       0x20 STM32F103VET6_lib.a(stm32f10x_bkp.o)
                0x08006d90                BKP_ReadBackupRegister
 .text.PWR_BackupAccessCmd
                0x08006db0        0xc STM32F103VET6_lib.a(stm32f10x_pwr.o)
                0x08006db0                PWR_BackupAccessCmd
 .text.Standard_GetConfiguration
                0x08006dbc       0x24 STM32F103VET6_lib.a(usb_core.o)
                0x08006dbc                Standard_GetConfiguration
 .text.Standard_GetInterface
                0x08006de0       0x24 STM32F103VET6_lib.a(usb_core.o)
                0x08006de0                Standard_GetInterface
 .text.Standard_GetStatus
                0x08006e04       0x9c STM32F103VET6_lib.a(usb_core.o)
                0x08006e04                Standard_GetStatus
 .text.DataStageIn
                0x08006ea0       0xa0 STM32F103VET6_lib.a(usb_core.o)
 .text.Standard_SetConfiguration
                0x08006f40       0x38 STM32F103VET6_lib.a(usb_core.o)
                0x08006f40                Standard_SetConfiguration
 .text.Standard_SetInterface
                0x08006f78       0x48 STM32F103VET6_lib.a(usb_core.o)
                0x08006f78                Standard_SetInterface
 .text.Standard_ClearFeature
                0x08006fc0       0xdc STM32F103VET6_lib.a(usb_core.o)
                0x08006fc0                Standard_ClearFeature
 .text.Standard_SetEndPointFeature
                0x0800709c       0x8c STM32F103VET6_lib.a(usb_core.o)
                0x0800709c                Standard_SetEndPointFeature
 .text.Standard_SetDeviceFeature
                0x08007128       0x24 STM32F103VET6_lib.a(usb_core.o)
                0x08007128                Standard_SetDeviceFeature
 .text.Standard_GetDescriptorData
                0x0800714c       0x1c STM32F103VET6_lib.a(usb_core.o)
                0x0800714c                Standard_GetDescriptorData
 .text.Post0_Process
                0x08007168       0x40 STM32F103VET6_lib.a(usb_core.o)
                0x08007168                Post0_Process
 .text.Out0_Process
                0x080071a8       0xd4 STM32F103VET6_lib.a(usb_core.o)
                0x080071a8                Out0_Process
 .text.Setup0_Process
                0x0800727c      0x2f8 STM32F103VET6_lib.a(usb_core.o)
                0x0800727c                Setup0_Process
 .text.SetDeviceAddress
                0x08007574       0x40 STM32F103VET6_lib.a(usb_core.o)
                0x08007574                SetDeviceAddress
 .text.In0_Process
                0x080075b4       0x60 STM32F103VET6_lib.a(usb_core.o)
                0x080075b4                In0_Process
 .text.NOP_Process
                0x08007614        0x2 STM32F103VET6_lib.a(usb_core.o)
                0x08007614                NOP_Process
 *fill*         0x08007616        0x2 00
 .text.USB_Init
                0x08007618       0x38 STM32F103VET6_lib.a(usb_init.o)
                0x08007618                USB_Init
 .text.CTR_LP   0x08007650      0x190 STM32F103VET6_lib.a(usb_int.o)
                0x08007650                CTR_LP
 .text.CTR_HP   0x080077e0       0x74 STM32F103VET6_lib.a(usb_int.o)
                0x080077e0                CTR_HP
 .text.UserToPMABufferCopy
                0x08007854       0x2e STM32F103VET6_lib.a(usb_mem.o)
                0x08007854                UserToPMABufferCopy
 .text.PMAToUserBufferCopy
                0x08007882       0x24 STM32F103VET6_lib.a(usb_mem.o)
                0x08007882                PMAToUserBufferCopy
 *fill*         0x080078a6        0x2 00
 .text.SetBTABLE
                0x080078a8       0x10 STM32F103VET6_lib.a(usb_regs.o)
                0x080078a8                SetBTABLE
 .text.GetENDPOINT
                0x080078b8       0x10 STM32F103VET6_lib.a(usb_regs.o)
                0x080078b8                GetENDPOINT
 .text.SetEPType
                0x080078c8       0x18 STM32F103VET6_lib.a(usb_regs.o)
                0x080078c8                SetEPType
 .text.SetEPTxStatus
                0x080078e0       0x3a STM32F103VET6_lib.a(usb_regs.o)
                0x080078e0                SetEPTxStatus
 .text.SetEPRxStatus
                0x0800791a       0x3a STM32F103VET6_lib.a(usb_regs.o)
                0x0800791a                SetEPRxStatus
 .text.SetEPTxValid
                0x08007954       0x22 STM32F103VET6_lib.a(usb_regs.o)
                0x08007954                SetEPTxValid
 .text.SetEPRxValid
                0x08007976       0x22 STM32F103VET6_lib.a(usb_regs.o)
                0x08007976                SetEPRxValid
 .text.Clear_Status_Out
                0x08007998       0x1e STM32F103VET6_lib.a(usb_regs.o)
                0x08007998                Clear_Status_Out
 .text.SetEPDoubleBuff
                0x080079b6       0x1e STM32F103VET6_lib.a(usb_regs.o)
                0x080079b6                SetEPDoubleBuff
 .text.ToggleDTOG_TX
                0x080079d4       0x1e STM32F103VET6_lib.a(usb_regs.o)
                0x080079d4                ToggleDTOG_TX
 .text.ClearDTOG_RX
                0x080079f2       0x24 STM32F103VET6_lib.a(usb_regs.o)
                0x080079f2                ClearDTOG_RX
 .text.ClearDTOG_TX
                0x08007a16       0x24 STM32F103VET6_lib.a(usb_regs.o)
                0x08007a16                ClearDTOG_TX
 *fill*         0x08007a3a        0x2 00
 .text.SetEPTxAddr
                0x08007a3c       0x20 STM32F103VET6_lib.a(usb_regs.o)
                0x08007a3c                SetEPTxAddr
 .text.SetEPRxAddr
                0x08007a5c       0x20 STM32F103VET6_lib.a(usb_regs.o)
                0x08007a5c                SetEPRxAddr
 .text.GetEPTxAddr
                0x08007a7c       0x1c STM32F103VET6_lib.a(usb_regs.o)
                0x08007a7c                GetEPTxAddr
 .text.GetEPRxAddr
                0x08007a98       0x1c STM32F103VET6_lib.a(usb_regs.o)
                0x08007a98                GetEPRxAddr
 .text.SetEPTxCount
                0x08007ab4       0x1c STM32F103VET6_lib.a(usb_regs.o)
                0x08007ab4                SetEPTxCount
 .text.SetEPRxCount
                0x08007ad0       0x3c STM32F103VET6_lib.a(usb_regs.o)
                0x08007ad0                SetEPRxCount
 .text.SetEPDblBuffAddr
                0x08007b0c       0x38 STM32F103VET6_lib.a(usb_regs.o)
                0x08007b0c                SetEPDblBuffAddr
 .text.SetEPDblBuffCount
                0x08007b44       0xa4 STM32F103VET6_lib.a(usb_regs.o)
                0x08007b44                SetEPDblBuffCount
 .text.GetEPDblBuf0Count
                0x08007be8       0x20 STM32F103VET6_lib.a(usb_regs.o)
                0x08007be8                GetEPDblBuf0Count
 .text.GetEPDblBuf1Count
                0x08007c08       0x20 STM32F103VET6_lib.a(usb_regs.o)
                0x08007c08                GetEPDblBuf1Count
 .text.FreeUserBuffer
                0x08007c28       0x42 STM32F103VET6_lib.a(usb_regs.o)
                0x08007c28                FreeUserBuffer
 .text.ByteSwap
                0x08007c6a        0xa STM32F103VET6_lib.a(usb_regs.o)
                0x08007c6a                ByteSwap
 .text.USB_SIL_Init
                0x08007c74       0x20 STM32F103VET6_lib.a(usb_sil.o)
                0x08007c74                USB_SIL_Init
 .text.USB_SIL_Write
                0x08007c94       0x28 STM32F103VET6_lib.a(usb_sil.o)
                0x08007c94                USB_SIL_Write
 .text.Reset_Handler
                0x08007cbc       0x4c STM32F103VET6_lib.a(startup_stm32f10x_hd.o)
                0x08007cbc                Reset_Handler
 .text.Default_Handler
                0x08007d08        0x4 STM32F103VET6_lib.a(startup_stm32f10x_hd.o)
                0x08007d08                EXTI2_IRQHandler
                0x08007d08                TIM8_TRG_COM_IRQHandler
                0x08007d08                TIM8_CC_IRQHandler
                0x08007d08                TIM1_CC_IRQHandler
                0x08007d08                TIM6_IRQHandler
                0x08007d08                PVD_IRQHandler
                0x08007d08                EXTI3_IRQHandler
                0x08007d08                EXTI0_IRQHandler
                0x08007d08                I2C2_EV_IRQHandler
                0x08007d08                ADC1_2_IRQHandler
                0x08007d08                SPI1_IRQHandler
                0x08007d08                TAMPER_IRQHandler
                0x08007d08                TIM8_UP_IRQHandler
                0x08007d08                DMA2_Channel2_IRQHandler
                0x08007d08                DMA1_Channel4_IRQHandler
                0x08007d08                USART3_IRQHandler
                0x08007d08                DMA1_Channel7_IRQHandler
                0x08007d08                CAN1_RX1_IRQHandler
                0x08007d08                UART5_IRQHandler
                0x08007d08                ADC3_IRQHandler
                0x08007d08                TIM4_IRQHandler
                0x08007d08                DMA2_Channel1_IRQHandler
                0x08007d08                I2C1_EV_IRQHandler
                0x08007d08                DMA1_Channel6_IRQHandler
                0x08007d08                UART4_IRQHandler
                0x08007d08                TIM3_IRQHandler
                0x08007d08                RCC_IRQHandler
                0x08007d08                TIM1_TRG_COM_IRQHandler
                0x08007d08                DMA1_Channel1_IRQHandler
                0x08007d08                Default_Handler
                0x08007d08                EXTI15_10_IRQHandler
                0x08007d08                TIM7_IRQHandler
                0x08007d08                TIM5_IRQHandler
                0x08007d08                EXTI9_5_IRQHandler
                0x08007d08                SPI2_IRQHandler
                0x08007d08                DMA1_Channel5_IRQHandler
                0x08007d08                EXTI4_IRQHandler
                0x08007d08                DMA1_Channel3_IRQHandler
                0x08007d08                FSMC_IRQHandler
                0x08007d08                TIM1_UP_IRQHandler
                0x08007d08                WWDG_IRQHandler
                0x08007d08                TIM2_IRQHandler
                0x08007d08                TIM1_BRK_IRQHandler
                0x08007d08                EXTI1_IRQHandler
                0x08007d08                RTCAlarm_IRQHandler
                0x08007d08                DMA2_Channel4_5_IRQHandler
                0x08007d08                I2C2_ER_IRQHandler
                0x08007d08                DMA1_Channel2_IRQHandler
                0x08007d08                TIM8_BRK_IRQHandler
                0x08007d08                CAN1_SCE_IRQHandler
                0x08007d08                FLASH_IRQHandler
                0x08007d08                USART1_IRQHandler
                0x08007d08                SPI3_IRQHandler
                0x08007d08                I2C1_ER_IRQHandler
                0x08007d08                USBWakeUp_IRQHandler
                0x08007d08                DMA2_Channel3_IRQHandler
 .text.__errno  0x08007d0c        0xc c:/devz/arm/launchpad/bin/../lib/gcc/arm-none-eabi/4.7.3/../../../../arm-none-eabi/lib/armv7-m\libc_s.a(lib_a-errno.o)
                0x08007d0c                __errno
 .text.localtime
                0x08007d18       0x28 c:/devz/arm/launchpad/bin/../lib/gcc/arm-none-eabi/4.7.3/../../../../arm-none-eabi/lib/armv7-m\libc_s.a(lib_a-lcltime.o)
                0x08007d18                localtime
 .text.localtime_r
                0x08007d40        0x6 c:/devz/arm/launchpad/bin/../lib/gcc/arm-none-eabi/4.7.3/../../../../arm-none-eabi/lib/armv7-m\libc_s.a(lib_a-lcltime_r.o)
                0x08007d40                localtime_r
 *fill*         0x08007d46        0x2 00
 .text.malloc   0x08007d48       0x10 c:/devz/arm/launchpad/bin/../lib/gcc/arm-none-eabi/4.7.3/../../../../arm-none-eabi/lib/armv7-m\libc_s.a(lib_a-malloc.o)
                0x08007d48                malloc
 .text._malloc_r
                0x08007d58       0x94 c:/devz/arm/launchpad/bin/../lib/gcc/arm-none-eabi/4.7.3/../../../../arm-none-eabi/lib/armv7-m\libc_s.a(lib_a-mallocr.o)
                0x08007d58                _malloc_r
 .text.memcpy   0x08007dec       0x12 c:/devz/arm/launchpad/bin/../lib/gcc/arm-none-eabi/4.7.3/../../../../arm-none-eabi/lib/armv7-m\libc_s.a(lib_a-memcpy.o)
                0x08007dec                memcpy
 *fill*         0x08007dfe        0x2 00
 .text.validate_structure
                0x08007e00      0x190 c:/devz/arm/launchpad/bin/../lib/gcc/arm-none-eabi/4.7.3/../../../../arm-none-eabi/lib/armv7-m\libc_s.a(lib_a-mktime.o)
 .text.mktime   0x08007f90      0x1f0 c:/devz/arm/launchpad/bin/../lib/gcc/arm-none-eabi/4.7.3/../../../../arm-none-eabi/lib/armv7-m\libc_s.a(lib_a-mktime.o)
                0x08007f90                mktime
 .text.__tzcalc_limits
                0x08008180      0x148 c:/devz/arm/launchpad/bin/../lib/gcc/arm-none-eabi/4.7.3/../../../../arm-none-eabi/lib/armv7-m\libc_s.a(lib_a-mktm_r.o)
                0x08008180                __tzcalc_limits
 .text._mktm_r  0x080082c8      0x28c c:/devz/arm/launchpad/bin/../lib/gcc/arm-none-eabi/4.7.3/../../../../arm-none-eabi/lib/armv7-m\libc_s.a(lib_a-mktm_r.o)
                0x080082c8                _mktm_r
 .text.__tz_lock
                0x08008554        0x2 c:/devz/arm/launchpad/bin/../lib/gcc/arm-none-eabi/4.7.3/../../../../arm-none-eabi/lib/armv7-m\libc_s.a(lib_a-tzlock.o)
                0x08008554                __tz_lock
 .text.__tz_unlock
                0x08008556        0x2 c:/devz/arm/launchpad/bin/../lib/gcc/arm-none-eabi/4.7.3/../../../../arm-none-eabi/lib/armv7-m\libc_s.a(lib_a-tzlock.o)
                0x08008556                __tz_unlock
 .text.div      0x08008558       0x26 c:/devz/arm/launchpad/bin/../lib/gcc/arm-none-eabi/4.7.3/../../../../arm-none-eabi/lib/armv7-m\libc_s.a(lib_a-div.o)
                0x08008558                div
 *fill*         0x0800857e        0x2 00
 .text.__gettzinfo
                0x08008580        0x8 c:/devz/arm/launchpad/bin/../lib/gcc/arm-none-eabi/4.7.3/../../../../arm-none-eabi/lib/armv7-m\libc_s.a(lib_a-gettzinfo.o)
                0x08008580                __gettzinfo
 *(.gnu.linkonce.t.*)
 *(.glue_7)
 .glue_7        0x00000000        0x0 linker stubs
 *(.glue_7t)
 .glue_7t       0x00000000        0x0 linker stubs
 *(.vfp11_veneer)
 .vfp11_veneer  0x00000000        0x0 linker stubs
 *(.janus_2cc_veneer)
 *(.v4_bx)
 .v4_bx         0x00000000        0x0 linker stubs
 *(.gcc_except_table)
 *(.rodata .rodata.*)
 .rodata.str1.1
                0x08008588       0x8e src/gps_support.o
                                 0x97 (size before relaxing)
 .rodata.str1.1
                0x08008616       0x12 src/cdc_support.o
 .rodata.str1.1
                0x08008628       0x13 src/msc_support.o
 .rodata.font_table_ank
                0x0800863b      0xa11 lib/FONTX2/src/font_if_datatable.o
                0x0800863b                font_table_ank
 .rodata.str1.1
                0x0800904c       0x53 lib/ff/ff.o
 .rodata.Virtual_Com_Port_StringVendor
                0x0800909f       0x26 lib/USB_Functions/cdc/src/usb_cdc_desc.o
                0x0800909f                Virtual_Com_Port_StringVendor
 .rodata.Virtual_Com_Port_DeviceDescriptor
                0x080090c5       0x12 lib/USB_Functions/cdc/src/usb_cdc_desc.o
                0x080090c5                Virtual_Com_Port_DeviceDescriptor
 .rodata.Virtual_Com_Port_StringLangID
                0x080090d7        0x4 lib/USB_Functions/cdc/src/usb_cdc_desc.o
                0x080090d7                Virtual_Com_Port_StringLangID
 .rodata.Virtual_Com_Port_StringProduct
                0x080090db       0x32 lib/USB_Functions/cdc/src/usb_cdc_desc.o
                0x080090db                Virtual_Com_Port_StringProduct
 .rodata.Virtual_Com_Port_ConfigDescriptor
                0x0800910d       0x43 lib/USB_Functions/cdc/src/usb_cdc_desc.o
                0x0800910d                Virtual_Com_Port_ConfigDescriptor
 .rodata.Mass_StringInterface
                0x08009150       0x10 lib/USB_Functions/msc/src/usb_msc_desc.o
                0x08009150                Mass_StringInterface
 .rodata.Mass_DeviceDescriptor
                0x08009160       0x12 lib/USB_Functions/msc/src/usb_msc_desc.o
                0x08009160                Mass_DeviceDescriptor
 .rodata.Mass_StringVendor
                0x08009172       0x26 lib/USB_Functions/msc/src/usb_msc_desc.o
                0x08009172                Mass_StringVendor
 .rodata.Mass_StringProduct
                0x08009198       0x26 lib/USB_Functions/msc/src/usb_msc_desc.o
                0x08009198                Mass_StringProduct
 .rodata.Mass_StringLangID
                0x080091be        0x4 lib/USB_Functions/msc/src/usb_msc_desc.o
                0x080091be                Mass_StringLangID
 .rodata.Mass_ConfigDescriptor
                0x080091c2       0x20 lib/USB_Functions/msc/src/usb_msc_desc.o
                0x080091c2                Mass_ConfigDescriptor
 .rodata.str1.1
                0x00000000       0x53 c:/devz/arm/launchpad/bin/../lib/gcc/arm-none-eabi/4.7.3/../../../../arm-none-eabi/lib/armv7-m\libc_s.a(lib_a-impure.o)
                                  0x2 (size before relaxing)
 *fill*         0x080091e2        0x2 00
 .rodata._DAYS_BEFORE_MONTH
                0x080091e4       0x30 c:/devz/arm/launchpad/bin/../lib/gcc/arm-none-eabi/4.7.3/../../../../arm-none-eabi/lib/armv7-m\libc_s.a(lib_a-mktime.o)
 .rodata.DAYS_IN_MONTH
                0x08009214       0x30 c:/devz/arm/launchpad/bin/../lib/gcc/arm-none-eabi/4.7.3/../../../../arm-none-eabi/lib/armv7-m\libc_s.a(lib_a-mktime.o)
 .rodata.mon_lengths
                0x08009244       0x60 c:/devz/arm/launchpad/bin/../lib/gcc/arm-none-eabi/4.7.3/../../../../arm-none-eabi/lib/armv7-m\libc_s.a(lib_a-mktm_r.o)
 .rodata.year_lengths
                0x080092a4        0x8 c:/devz/arm/launchpad/bin/../lib/gcc/arm-none-eabi/4.7.3/../../../../arm-none-eabi/lib/armv7-m\libc_s.a(lib_a-mktm_r.o)
 *(.ioview .ioview.*)
 *(.gnu.linkonce.r.*)
 *(.ARM.extab* .gnu.linkonce.armextab.*)
                0x080092ac                . = ALIGN (0x4)

.iplt           0x080092ac        0x0
 .iplt          0x00000000        0x0 src/main.o

.rel.dyn        0x080092ac        0x0
 .rel.iplt      0x00000000        0x0 src/main.o

.ctors          0x080092ac        0x0
                0x080092ac                PROVIDE (__ctors_start__, .)
 *(SORT(.ctors.*))
 *(.ctors)
                0x080092ac                . = ALIGN (0x4)
                0x080092ac                PROVIDE (__ctors_end__, .)
                0x080092ac                . = ALIGN (0x4)

.dtors          0x080092ac        0x0
                0x080092ac                PROVIDE (__dtors_start__, .)
 *(SORT(.dtors.*))
 *(.dtors)
                0x080092ac                . = ALIGN (0x4)
                0x080092ac                PROVIDE (__dtors_end__, .)
                0x080092ac                . = ALIGN (0x4)
                0x080092ac                . = ALIGN (0x4)

.eh_frame_hdr
 *(.eh_frame_hdr)

.eh_frame
 *(.eh_frame)
                0x080092ac                PROVIDE (__exidx_start, .)

.ARM.exidx
 *(.ARM.exidx* .gnu.linkonce.armexidx.*)
                0x080092ac                PROVIDE (__exidx_end, .)
                0x080092ac                . = ALIGN (0x4)
                0x080092ac                _etext = .
                0x080092ac                PROVIDE (etext, .)
                0x080092ac                _sidata = _etext

.data           0x20000000      0x26c load address 0x080092ac
                0x20000000                . = ALIGN (0x4)
                0x20000000                _sdata = .
                0x20000000                _data = .
 *(.data .data.*)
 .data.AHBPrescTable
                0x20000000       0x10 src/sysinit_primer2.o
                0x20000000                AHBPrescTable
 .data.SystemCoreClock
                0x20000010        0x4 src/sysinit_primer2.o
                0x20000010                SystemCoreClock
 .data.vbatbabyflag.8846
                0x20000014        0x4 src/power.o
 .data.BatState
                0x20000018        0x4 src/power.o
                0x20000018                BatState
 .data.pScrCol  0x2000001c        0x4 lib/display/abstract/src/display_if_support.o
                0x2000001c                pScrCol
 .data.ScrCol   0x20000020        0x4 lib/display/abstract/src/display_if_support.o
                0x20000020                ScrCol
 .data.TransferError
                0x20000024        0x1 lib/ff/sdio_stm32f1.o
                0x20000024                TransferError
 *fill*         0x20000025        0x3 00
 .data.DeviceMode
                0x20000028        0x4 lib/ff/sdio_stm32f1.o
 .data.Status   0x2000002c        0x1 lib/ff/diskio_sdio.o
                0x2000002c                Status
 *fill*         0x2000002d        0x3 00
 .data.pEpInt_OUT
                0x20000030       0x1c lib/USB_Functions/usb_istr.o
                0x20000030                pEpInt_OUT
 .data.pEpInt_IN
                0x2000004c       0x1c lib/USB_Functions/usb_istr.o
                0x2000004c                pEpInt_IN
 .data.User_Standard_Requests
                0x20000068       0x24 lib/USB_Functions/usb_prop.o
                0x20000068                User_Standard_Requests
 .data.Device_Property
                0x2000008c       0x30 lib/USB_Functions/usb_prop.o
                0x2000008c                Device_Property
 .data.Device_Table
                0x200000bc        0x2 lib/USB_Functions/usb_prop.o
                0x200000bc                Device_Table
 .data.Virtual_Com_Port_StringSerial
                0x200000be       0x1a lib/USB_Functions/cdc/src/usb_cdc_desc.o
                0x200000be                Virtual_Com_Port_StringSerial
 .data.CDC_Device_Descriptor
                0x200000d8        0x8 lib/USB_Functions/cdc/src/usb_cdc_prop.o
                0x200000d8                CDC_Device_Descriptor
 .data.CDC_String_Descriptor
                0x200000e0       0x20 lib/USB_Functions/cdc/src/usb_cdc_prop.o
                0x200000e0                CDC_String_Descriptor
 .data.CDC_Config_Descriptor
                0x20000100        0x8 lib/USB_Functions/cdc/src/usb_cdc_prop.o
                0x20000100                CDC_Config_Descriptor
 .data.linecoding
                0x20000108        0x8 lib/USB_Functions/cdc/src/usb_cdc_prop.o
                0x20000108                linecoding
 .data.Mode_Sense10_data
                0x20000110        0x8 lib/USB_Functions/msc/src/usb_msc_scsi_data.o
                0x20000110                Mode_Sense10_data
 .data.Scsi_Sense_Data
                0x20000118       0x12 lib/USB_Functions/msc/src/usb_msc_scsi_data.o
                0x20000118                Scsi_Sense_Data
 .data.Mode_Sense6_data
                0x2000012a        0x4 lib/USB_Functions/msc/src/usb_msc_scsi_data.o
                0x2000012a                Mode_Sense6_data
 .data.ReadFormatCapacity_Data
                0x2000012e        0xc lib/USB_Functions/msc/src/usb_msc_scsi_data.o
                0x2000012e                ReadFormatCapacity_Data
 .data.Standard_Inquiry_Data
                0x2000013a       0x24 lib/USB_Functions/msc/src/usb_msc_scsi_data.o
                0x2000013a                Standard_Inquiry_Data
 .data.Mass_StringSerial
                0x2000015e       0x1a lib/USB_Functions/msc/src/usb_msc_desc.o
                0x2000015e                Mass_StringSerial
 .data.MSC_Device_Descriptor
                0x20000178        0x8 lib/USB_Functions/msc/src/usb_msc_prop.o
                0x20000178                MSC_Device_Descriptor
 .data.MSC_String_Descriptor
                0x20000180       0x28 lib/USB_Functions/msc/src/usb_msc_prop.o
                0x20000180                MSC_String_Descriptor
 .data.MSC_Config_Descriptor
                0x200001a8        0x8 lib/USB_Functions/msc/src/usb_msc_prop.o
                0x200001a8                MSC_Config_Descriptor
 .data.ADCPrescTable
                0x200001b0        0x4 STM32F103VET6_lib.a(stm32f10x_rcc.o)
 .data.APBAHBPrescTable
                0x200001b4       0x10 STM32F103VET6_lib.a(stm32f10x_rcc.o)
 .data.impure_data
                0x200001c4       0x64 c:/devz/arm/launchpad/bin/../lib/gcc/arm-none-eabi/4.7.3/../../../../arm-none-eabi/lib/armv7-m\libc_s.a(lib_a-impure.o)
 .data._impure_ptr
                0x20000228        0x4 c:/devz/arm/launchpad/bin/../lib/gcc/arm-none-eabi/4.7.3/../../../../arm-none-eabi/lib/armv7-m\libc_s.a(lib_a-impure.o)
                0x20000228                _impure_ptr
 .data.tzinfo   0x2000022c       0x40 c:/devz/arm/launchpad/bin/../lib/gcc/arm-none-eabi/4.7.3/../../../../arm-none-eabi/lib/armv7-m\libc_s.a(lib_a-gettzinfo.o)
 *(.gnu.linkonce.d*)
                0x2000026c                . = ALIGN (0x4)
 *(.ramfunc*)
                0x2000026c                . = ALIGN (0x4)
 *(.RAMtext)
                0x2000026c                . = ALIGN (0x4)
                0x2000026c                _edata = .

.igot.plt       0x2000026c        0x0 load address 0x08009518
 .igot.plt      0x00000000        0x0 src/main.o

.bss            0x20000270     0x1474 load address 0x08009520
                0x20000270                . = ALIGN (0x4)
                0x20000270                _sbss = .
                0x20000270                __bss_start = .
                0x20000270                __bss_start__ = .
 *(.bss .bss.*)
 .bss.xTask     0x20000270        0x4 src/main.o
                0x20000270                xTask
 .bss.TaskStat  0x20000274        0x4 src/main.o
                0x20000274                TaskStat
 .bss.TimingDelay
                0x20000278        0x4 src/systick.o
                0x20000278                TimingDelay
 .bss.heap_ptr  0x2000027c        0x4 src/syscalls.o
 .bss.CmdKey    0x20000280        0x2 src/hw_config.o
                0x20000280                CmdKey
 *fill*         0x20000282        0x2 00
 .bss.shutcounts.8839
                0x20000284        0x4 src/power.o
 .bss.vbatlow.8845
                0x20000288        0x4 src/power.o
 .bss.vbatcounts.8844
                0x2000028c        0x4 src/power.o
 .bss.VBat.8852
                0x20000290        0x2 src/power.o
 *fill*         0x20000292        0x2 00
 .bss.CurrentVbat.8847
                0x20000294        0x4 src/power.o
 .bss.ADC_InitStructure
                0x20000298       0x14 src/adc_support.o
                0x20000298                ADC_InitStructure
 .bss.DMA_InitStructure
                0x200002ac       0x2c src/adc_support.o
                0x200002ac                DMA_InitStructure
 .bss.ADC_RegularConvertedValueTab
                0x200002d8       0x64 src/adc_support.o
                0x200002d8                ADC_RegularConvertedValueTab
 .bss.GPIO_InitStructure
                0x2000033c        0x4 src/adc_support.o
                0x2000033c                GPIO_InitStructure
 .bss.rtc       0x20000340       0x24 src/rtc_support.o
                0x20000340                rtc
 .bss.File1     0x20000364       0x28 src/gps_support.o
                0x20000364                File1
 .bss.Fatfs     0x2000038c      0x238 src/gps_support.o
                0x2000038c                Fatfs
 .bss.ff_rtc    0x200005c4        0x8 src/gps_support.o
                0x200005c4                ff_rtc
 .bss.ack_limit
                0x200005cc        0x4 src/gps_support.o
                0x200005cc                ack_limit
 .bss.Buff      0x200005d0      0x200 src/gps_support.o
                0x200005d0                Buff
 .bss.l_stat    0x200007d0        0x4 src/gps_support.o
                0x200007d0                l_stat
 .bss.USB_xMutex
                0x200007d4        0x1 src/cdc_support.o
                0x200007d4                USB_xMutex
 .bss.USART_Rx_Buffer
                0x200007d5      0x800 src/cdc_support.o
                0x200007d5                USART_Rx_Buffer
 .bss.USB_Tx_State
                0x20000fd5        0x1 src/cdc_support.o
                0x20000fd5                USB_Tx_State
 *fill*         0x20000fd6        0x2 00
 .bss.USART_Rx_ptr_in
                0x20000fd8        0x4 src/cdc_support.o
                0x20000fd8                USART_Rx_ptr_in
 .bss.USART_Rx_ptr_out
                0x20000fdc        0x4 src/cdc_support.o
                0x20000fdc                USART_Rx_ptr_out
 .bss.USART_Rx_length
                0x20000fe0        0x4 src/cdc_support.o
                0x20000fe0                USART_Rx_length
 .bss.pUSART_Buf
                0x20000fe4        0x4 src/uart_support_gps.o
 .bss.UART      0x20000fe8        0x4 src/uart_support_gps.o
 .bss.xUART_IRQ
                0x20000fec        0x4 src/uart_support_gps.o
                0x20000fec                xUART_IRQ
 .bss.USART2_Buf
                0x20000ff0      0x208 src/uart_support_gps.o
                0x20000ff0                USART2_Buf
 .bss.USART_InitStructure
                0x200011f8       0x10 src/uart_support_gps.o
                0x200011f8                USART_InitStructure
 .bss.outptr    0x20001208        0x4 src/xprintf.o
 .bss.xfunc_out
                0x2000120c        0x4 src/xprintf.o
                0x2000120c                xfunc_out
 .bss.xfunc_in  0x20001210        0x4 src/xprintf.o
                0x20001210                xfunc_in
 .bss.Mplus_Ank
                0x20001214        0x8 lib/FONTX2/src/font_if_datatable.o
                0x20001214                Mplus_Ank
 .bss.CurrentAnkDat
                0x2000121c        0x4 lib/FONTX2/src/font_if.o
                0x2000121c                CurrentAnkDat
 .bss.CurrentKanjiDat
                0x20001220        0x4 lib/FONTX2/src/font_if.o
                0x20001220                CurrentKanjiDat
 .bss.CurrVol   0x20001224        0x1 lib/ff/ff.o
 *fill*         0x20001225        0x1 00
 .bss.Fsid      0x20001226        0x2 lib/ff/ff.o
 .bss.FatFs     0x20001228        0x4 lib/ff/ff.o
 .bss.SDIO_DataInitStructure
                0x2000122c       0x18 lib/ff/sdio_stm32f1.o
                0x2000122c                SDIO_DataInitStructure
 .bss.CSD_Tab   0x20001244       0x10 lib/ff/sdio_stm32f1.o
 *fill*         0x20001254        0x4 00
 .bss.SDCardInfo
                0x20001258       0x58 lib/ff/sdio_stm32f1.o
                0x20001258                SDCardInfo
 .bss.NumberOfBytes
                0x200012b0        0x4 lib/ff/sdio_stm32f1.o
                0x200012b0                NumberOfBytes
 .bss.SDSTATUS_Tab
                0x200012b4       0x10 lib/ff/sdio_stm32f1.o
 .bss.CardType  0x200012c4        0x4 lib/ff/sdio_stm32f1.o
 .bss.CID_Tab   0x200012c8       0x10 lib/ff/sdio_stm32f1.o
 .bss.TransferEnd
                0x200012d8        0x4 lib/ff/sdio_stm32f1.o
                0x200012d8                TransferEnd
 .bss.DestBuffer
                0x200012dc        0x4 lib/ff/sdio_stm32f1.o
                0x200012dc                DestBuffer
 .bss.SDIO_InitStructure
                0x200012e0       0x18 lib/ff/sdio_stm32f1.o
                0x200012e0                SDIO_InitStructure
 .bss.SrcBuffer
                0x200012f8        0x4 lib/ff/sdio_stm32f1.o
                0x200012f8                SrcBuffer
 .bss.RCA       0x200012fc        0x4 lib/ff/sdio_stm32f1.o
 .bss.TotalNumberOfBytes
                0x20001300        0x4 lib/ff/sdio_stm32f1.o
 .bss.SDIO_CmdInitStructure
                0x20001304       0x14 lib/ff/sdio_stm32f1.o
                0x20001304                SDIO_CmdInitStructure
 .bss.StopCondition
                0x20001318        0x4 lib/ff/sdio_stm32f1.o
 .bss.SDCardStatus
                0x2000131c       0x10 lib/ff/diskio_sdio.o
                0x2000131c                SDCardStatus
 .bss.bDeviceState
                0x2000132c        0x4 lib/USB_Functions/usb_pwr.o
                0x2000132c                bDeviceState
 .bss.xUSB_Istr
                0x20001330        0x4 lib/USB_Functions/usb_istr.o
                0x20001330                xUSB_Istr
 .bss.bIntPackSOF
                0x20001334        0x1 lib/USB_Functions/usb_istr.o
                0x20001334                bIntPackSOF
 *fill*         0x20001335        0x1 00
 .bss.wIstr     0x20001336        0x2 lib/USB_Functions/usb_istr.o
                0x20001336                wIstr
 .bss.xEP2_OUT_Callback
                0x20001338        0x4 lib/USB_Functions/usb_conf.o
                0x20001338                xEP2_OUT_Callback
 .bss.xEP1_IN_Callback
                0x2000133c        0x4 lib/USB_Functions/usb_conf.o
                0x2000133c                xEP1_IN_Callback
 .bss.xEP3_OUT_Callback
                0x20001340        0x4 lib/USB_Functions/usb_conf.o
                0x20001340                xEP3_OUT_Callback
 .bss.xSOF_Callback
                0x20001344        0x4 lib/USB_Functions/usb_conf.o
                0x20001344                xSOF_Callback
 .bss.xGet_Interface_Setting
                0x20001348        0x4 lib/USB_Functions/usb_prop.o
                0x20001348                xGet_Interface_Setting
 .bss.xGetInterface
                0x2000134c        0x4 lib/USB_Functions/usb_prop.o
                0x2000134c                xGetInterface
 .bss.xReset    0x20001350        0x4 lib/USB_Functions/usb_prop.o
                0x20001350                xReset
 .bss.xGetStatus
                0x20001354        0x4 lib/USB_Functions/usb_prop.o
                0x20001354                xGetStatus
 .bss.xNoData_Setup
                0x20001358        0x4 lib/USB_Functions/usb_prop.o
                0x20001358                xNoData_Setup
 .bss.xGetConfiguration
                0x2000135c        0x4 lib/USB_Functions/usb_prop.o
                0x2000135c                xGetConfiguration
 .bss.xGetDeviceDescriptor
                0x20001360        0x4 lib/USB_Functions/usb_prop.o
                0x20001360                xGetDeviceDescriptor
 .bss.xGetConfigDescriptor
                0x20001364        0x4 lib/USB_Functions/usb_prop.o
                0x20001364                xGetConfigDescriptor
 .bss.xGetStringDescriptor
                0x20001368        0x4 lib/USB_Functions/usb_prop.o
                0x20001368                xGetStringDescriptor
 .bss.xData_Setup
                0x2000136c        0x4 lib/USB_Functions/usb_prop.o
                0x2000136c                xData_Setup
 .bss.xSetDeviceAddress
                0x20001370        0x4 lib/USB_Functions/usb_prop.o
                0x20001370                xSetDeviceAddress
 .bss.xSetDeviceFeature
                0x20001374        0x4 lib/USB_Functions/usb_prop.o
                0x20001374                xSetDeviceFeature
 .bss.xClearFeature
                0x20001378        0x4 lib/USB_Functions/usb_prop.o
                0x20001378                xClearFeature
 .bss.xSetConfiguration
                0x2000137c        0x4 lib/USB_Functions/usb_prop.o
                0x2000137c                xSetConfiguration
 .bss.xStatus_In
                0x20001380        0x4 lib/USB_Functions/usb_prop.o
                0x20001380                xStatus_In
 .bss.xSetEndPointFeature
                0x20001384        0x4 lib/USB_Functions/usb_prop.o
                0x20001384                xSetEndPointFeature
 .bss.xSetInterface
                0x20001388        0x4 lib/USB_Functions/usb_prop.o
                0x20001388                xSetInterface
 .bss.xinit     0x2000138c        0x4 lib/USB_Functions/usb_prop.o
                0x2000138c                xinit
 .bss.xStatus_Out
                0x20001390        0x4 lib/USB_Functions/usb_prop.o
                0x20001390                xStatus_Out
 .bss.Request   0x20001394        0x1 lib/USB_Functions/cdc/src/usb_cdc_prop.o
                0x20001394                Request
 .bss.USB_Rx_Buffer
                0x20001395       0x40 lib/USB_Functions/cdc/src/usb_cdc_endp.o
                0x20001395                USB_Rx_Buffer
 *fill*         0x200013d5        0x3 00
 .bss.FrameCount.8856
                0x200013d8        0x4 lib/USB_Functions/cdc/src/usb_cdc_endp.o
 .bss.Mass_Block_Size
                0x200013dc        0x8 lib/USB_Functions/msc/src/usb_msc_mass_mal.o
                0x200013dc                Mass_Block_Size
 .bss.Mass_Memory_Size
                0x200013e4        0x8 lib/USB_Functions/msc/src/usb_msc_mass_mal.o
                0x200013e4                Mass_Memory_Size
 .bss.Mass_Block_Count
                0x200013ec        0x8 lib/USB_Functions/msc/src/usb_msc_mass_mal.o
                0x200013ec                Mass_Block_Count
 .bss.Block_offset
                0x200013f4        0x4 lib/USB_Functions/msc/src/usb_msc_memory.o
                0x200013f4                Block_offset
 .bss.Block_Read_count
                0x200013f8        0x4 lib/USB_Functions/msc/src/usb_msc_memory.o
                0x200013f8                Block_Read_count
 .bss.Counter   0x200013fc        0x4 lib/USB_Functions/msc/src/usb_msc_memory.o
                0x200013fc                Counter
 .bss.W_Length.8939
                0x20001400        0x4 lib/USB_Functions/msc/src/usb_msc_memory.o
 .bss.Data_Buffer
                0x20001404      0x200 lib/USB_Functions/msc/src/usb_msc_memory.o
                0x20001404                Data_Buffer
 .bss.W_Offset.8938
                0x20001604        0x4 lib/USB_Functions/msc/src/usb_msc_memory.o
 .bss.Idx       0x20001608        0x4 lib/USB_Functions/msc/src/usb_msc_memory.o
                0x20001608                Idx
 .bss.Length.8932
                0x2000160c        0x4 lib/USB_Functions/msc/src/usb_msc_memory.o
 .bss.Offset.8931
                0x20001610        0x4 lib/USB_Functions/msc/src/usb_msc_memory.o
 .bss.TransferState
                0x20001614        0x1 lib/USB_Functions/msc/src/usb_msc_memory.o
                0x20001614                TransferState
 .bss.ReadCapacity10_Data
                0x20001615        0x8 lib/USB_Functions/msc/src/usb_msc_scsi_data.o
                0x20001615                ReadCapacity10_Data
 .bss.Page00_Inquiry_Data
                0x2000161d        0x5 lib/USB_Functions/msc/src/usb_msc_scsi_data.o
                0x2000161d                Page00_Inquiry_Data
 .bss.Data_Len  0x20001622        0x2 lib/USB_Functions/msc/src/usb_msc_bot.o
                0x20001622                Data_Len
 .bss.CBW       0x20001624       0x20 lib/USB_Functions/msc/src/usb_msc_bot.o
                0x20001624                CBW
 .bss.Bot_State
                0x20001644        0x1 lib/USB_Functions/msc/src/usb_msc_bot.o
                0x20001644                Bot_State
 *fill*         0x20001645        0x3 00
 .bss.SCSI_BlkLen
                0x20001648        0x4 lib/USB_Functions/msc/src/usb_msc_bot.o
                0x20001648                SCSI_BlkLen
 .bss.Bulk_Data_Buff
                0x2000164c       0x40 lib/USB_Functions/msc/src/usb_msc_bot.o
                0x2000164c                Bulk_Data_Buff
 .bss.SCSI_LBA  0x2000168c        0x4 lib/USB_Functions/msc/src/usb_msc_bot.o
                0x2000168c                SCSI_LBA
 .bss.CSW       0x20001690       0x10 lib/USB_Functions/msc/src/usb_msc_bot.o
                0x20001690                CSW
 .bss.Max_Lun   0x200016a0        0x4 lib/USB_Functions/msc/src/usb_msc_prop.o
                0x200016a0                Max_Lun
 .bss.Data_Mul_MaxPacketSize
                0x200016a4        0x1 STM32F103VET6_lib.a(usb_core.o)
                0x200016a4                Data_Mul_MaxPacketSize
 *fill*         0x200016a5        0x1 00
 .bss.StatusInfo
                0x200016a6        0x2 STM32F103VET6_lib.a(usb_core.o)
                0x200016a6                StatusInfo
 .bss.Device_Info
                0x200016a8       0x1c STM32F103VET6_lib.a(usb_init.o)
                0x200016a8                Device_Info
 .bss.EPindex   0x200016c4        0x1 STM32F103VET6_lib.a(usb_init.o)
                0x200016c4                EPindex
 *fill*         0x200016c5        0x3 00
 .bss.pInformation
                0x200016c8        0x4 STM32F103VET6_lib.a(usb_init.o)
                0x200016c8                pInformation
 .bss.pUser_Standard_Requests
                0x200016cc        0x4 STM32F103VET6_lib.a(usb_init.o)
                0x200016cc                pUser_Standard_Requests
 .bss.wInterrupt_Mask
                0x200016d0        0x2 STM32F103VET6_lib.a(usb_init.o)
                0x200016d0                wInterrupt_Mask
 *fill*         0x200016d2        0x2 00
 .bss.pProperty
                0x200016d4        0x4 STM32F103VET6_lib.a(usb_init.o)
                0x200016d4                pProperty
 .bss.SaveRState
                0x200016d8        0x2 STM32F103VET6_lib.a(usb_int.o)
                0x200016d8                SaveRState
 .bss.SaveTState
                0x200016da        0x2 STM32F103VET6_lib.a(usb_int.o)
                0x200016da                SaveTState
 .bss.__malloc_free_list
                0x200016dc        0x4 c:/devz/arm/launchpad/bin/../lib/gcc/arm-none-eabi/4.7.3/../../../../arm-none-eabi/lib/armv7-m\libc_s.a(lib_a-mallocr.o)
                0x200016dc                __malloc_free_list
 .bss._daylight
                0x200016e0        0x4 c:/devz/arm/launchpad/bin/../lib/gcc/arm-none-eabi/4.7.3/../../../../arm-none-eabi/lib/armv7-m\libc_s.a(lib_a-tzvars.o)
                0x200016e0                _daylight
 *(.gnu.linkonce.b*)
 *(COMMON)
                0x200016e4                . = ALIGN (0x4)
                0x200016e4                _ebss = .
                0x200016e4                __bss_end__ = _end
                0x200016e4                PROVIDE (__bss_end, _end)

.heap           0x200016e4        0x0
                0x200016e4                _end = .
                0x200016e4                end = _end
                0x200016e4                PROVIDE (_end, .)
                0x200016e4                PROVIDE (end, _end)
                0x200016e4                PROVIDE (_heap, .)
 *(.heap .heap.*)
 *(.HEAP)
                0x200016e4                . = ALIGN (0x4)
                0x200016e4                . = ALIGN (0x4)
                0x200016e4                __heap_end = .
                0x200016e4                PROVIDE (__heap_end, .)

.stack          0x200016e4        0x0
                0x200016e4                _stack_top = .
                0x200016e4                PROVIDE (_stack_top, .)
 *(.stack .stack.*)
 *(.STACK)
                0x200016e4                _stack = .
                0x200016e4                PROVIDE (_stack, .)
                0x200016e8                . = ALIGN (0x8)
                0x20010000                _stack_end = _estack
                0x20010000                PROVIDE (_stack_end, _estack)

.extram         0x68000000        0x0
                0x68000000                _extram = .
                0x68000000                extram = .
                0x68000000                PROVIDE (extram, .)
                0x68000000                PROVIDE (_extram, .)
 *(.extram .extram.*)
 *(.EXTRAM)
                0x68000000                . = ALIGN (0x4)

/DISCARD/
 libc.a(*)
 libm.a(*)
 libgcc.a(*)
 *(.note.GNU-stack)
 *(.gnu.lto*)

.stab
 *(.stab)

.stabstr
 *(.stabstr)

.stab.excl
 *(.stab.excl)

.stab.exclstr
 *(.stab.exclstr)

.stab.index
 *(.stab.index)

.stab.indexstr
 *(.stab.indexstr)

.comment        0x00000000       0x70
 *(.comment)
 .comment       0x00000000       0x70 src/main.o
                                 0x71 (size before relaxing)
 .comment       0x00000000       0x71 src/sysinit_primer2.o
 .comment       0x00000000       0x71 src/systick.o
 .comment       0x00000000       0x71 src/syscalls.o
 .comment       0x00000000       0x71 src/stm32f10x_it.o
 .comment       0x00000000       0x71 src/hw_config.o
 .comment       0x00000000       0x71 src/power.o
 .comment       0x00000000       0x71 src/adc_support.o
 .comment       0x00000000       0x71 src/rtc_support.o
 .comment       0x00000000       0x71 src/gps_support.o
 .comment       0x00000000       0x71 src/cdc_support.o
 .comment       0x00000000       0x71 src/msc_support.o
 .comment       0x00000000       0x71 src/uart_support_gps.o
 .comment       0x00000000       0x71 src/term_io.o
 .comment       0x00000000       0x71 src/xprintf.o
 .comment       0x00000000       0x71 lib/display/mcu_depend/src/display_if_basis.o
 .comment       0x00000000       0x71 lib/display/abstract/src/display_if_support.o
 .comment       0x00000000       0x71 lib/display/drivers/src/st7732.o
 .comment       0x00000000       0x71 lib/FONTX2/src/font_if_datatable.o
 .comment       0x00000000       0x71 lib/FONTX2/src/font_if.o
 .comment       0x00000000       0x71 lib/ff/ff.o
 .comment       0x00000000       0x71 lib/ff/sdio_stm32f1.o
 .comment       0x00000000       0x71 lib/ff/diskio_sdio.o
 .comment       0x00000000       0x71 lib/ff/ff_rtc_if.o
 .comment       0x00000000       0x71 lib/ff/option/unicode.o
 .comment       0x00000000       0x71 lib/USB_Functions/usb_pwr.o
 .comment       0x00000000       0x71 lib/USB_Functions/usb_istr.o
 .comment       0x00000000       0x71 lib/USB_Functions/usb_conf.o
 .comment       0x00000000       0x71 lib/USB_Functions/usb_prop.o
 .comment       0x00000000       0x71 lib/USB_Functions/cdc/src/usb_cdc_desc.o
 .comment       0x00000000       0x71 lib/USB_Functions/cdc/src/usb_cdc_prop.o
 .comment       0x00000000       0x71 lib/USB_Functions/cdc/src/usb_cdc_endp.o
 .comment       0x00000000       0x71 lib/USB_Functions/msc/src/usb_msc_mass_mal.o
 .comment       0x00000000       0x71 lib/USB_Functions/msc/src/usb_msc_memory.o
 .comment       0x00000000       0x71 lib/USB_Functions/msc/src/usb_msc_scsi_data.o
 .comment       0x00000000       0x71 lib/USB_Functions/msc/src/usb_msc_scsi.o
 .comment       0x00000000       0x71 lib/USB_Functions/msc/src/usb_msc_bot.o
 .comment       0x00000000       0x71 lib/USB_Functions/msc/src/usb_msc_desc.o
 .comment       0x00000000       0x71 lib/USB_Functions/msc/src/usb_msc_prop.o
 .comment       0x00000000       0x71 STM32F103VET6_lib.a(misc.o)
 .comment       0x00000000       0x71 STM32F103VET6_lib.a(stm32f10x_gpio.o)
 .comment       0x00000000       0x71 STM32F103VET6_lib.a(stm32f10x_fsmc.o)
 .comment       0x00000000       0x71 STM32F103VET6_lib.a(stm32f10x_rcc.o)
 .comment       0x00000000       0x71 STM32F103VET6_lib.a(stm32f10x_adc.o)
 .comment       0x00000000       0x71 STM32F103VET6_lib.a(stm32f10x_dma.o)
 .comment       0x00000000       0x71 STM32F103VET6_lib.a(stm32f10x_tim.o)
 .comment       0x00000000       0x71 STM32F103VET6_lib.a(stm32f10x_rtc.o)
 .comment       0x00000000       0x71 STM32F103VET6_lib.a(stm32f10x_sdio.o)
 .comment       0x00000000       0x71 STM32F103VET6_lib.a(stm32f10x_usart.o)
 .comment       0x00000000       0x71 STM32F103VET6_lib.a(stm32f10x_bkp.o)
 .comment       0x00000000       0x71 STM32F103VET6_lib.a(stm32f10x_pwr.o)
 .comment       0x00000000       0x71 STM32F103VET6_lib.a(usb_core.o)
 .comment       0x00000000       0x71 STM32F103VET6_lib.a(usb_init.o)
 .comment       0x00000000       0x71 STM32F103VET6_lib.a(usb_int.o)
 .comment       0x00000000       0x71 STM32F103VET6_lib.a(usb_mem.o)
 .comment       0x00000000       0x71 STM32F103VET6_lib.a(usb_regs.o)
 .comment       0x00000000       0x71 STM32F103VET6_lib.a(usb_sil.o)

.debug
 *(.debug)

.line
 *(.line)

.debug_srcinfo
 *(.debug_srcinfo)

.debug_sfnames
 *(.debug_sfnames)

.debug_aranges  0x00000000     0x1bc0
 *(.debug_aranges)
 .debug_aranges
                0x00000000       0x20 src/main.o
 .debug_aranges
                0x00000020       0x28 src/sysinit_primer2.o
 .debug_aranges
                0x00000048       0x38 src/systick.o
 .debug_aranges
                0x00000080       0xe0 src/syscalls.o
 .debug_aranges
                0x00000160       0x78 src/stm32f10x_it.o
 .debug_aranges
                0x000001d8       0x80 src/hw_config.o
 .debug_aranges
                0x00000258       0x38 src/power.o
 .debug_aranges
                0x00000290       0x20 src/adc_support.o
 .debug_aranges
                0x000002b0       0x50 src/rtc_support.o
 .debug_aranges
                0x00000300       0x68 src/gps_support.o
 .debug_aranges
                0x00000368       0x50 src/cdc_support.o
 .debug_aranges
                0x000003b8       0x20 src/msc_support.o
 .debug_aranges
                0x000003d8       0x88 src/uart_support_gps.o
 .debug_aranges
                0x00000460       0x28 src/term_io.o
 .debug_aranges
                0x00000488       0x70 src/xprintf.o
 .debug_aranges
                0x000004f8       0x20 lib/display/mcu_depend/src/display_if_basis.o
 .debug_aranges
                0x00000518       0x88 lib/display/abstract/src/display_if_support.o
 .debug_aranges
                0x000005a0       0x60 lib/display/drivers/src/st7732.o